<html>
<body>
<pre>
<h1>礦ision Build Log</h1>
<h2>Tool Versions:</h2>
IDE-Version: μVision V5.20.0.39
Copyright (C) 2016 ARM Ltd and ARM Germany GmbH. All rights reserved.
License Information: 1 1, 1, LIC=50DWF-6MURU-8W02D-8QM5T-C2LW8-ZALFT
 
Tool Versions:
Toolchain:       MDK-ARM Professional  Version: 5.14.0.0
Toolchain Path:  C:\Keil_v5\ARM\ARMCC\Bin
C Compiler:      Armcc.exe V5.05 update 1 (build 106)
Assembler:       Armasm.exe V5.05 update 1 (build 106)
Linker/Locator:  ArmLink.exe V5.05 update 1 (build 106)
Library Manager: ArmAr.exe V5.05 update 1 (build 106)
Hex Converter:   FromElf.exe V5.05 update 1 (build 106)
CPU DLL:         SARMCM3.DLL V5.14.0.0
Dialog DLL:      DCM.DLL V1.13.1.0
Target DLL:      Segger\JL2CM3.dll V2.99.13.0
Dialog DLL:      TCM.DLL V1.14.4.0
 
<h2>Project:</h2>
C:\Users\Tongw\Desktop\github\ShopRobot_stm32\机械臂测试\USER\Template.uvprojx
Project File Date:  01/29/2019

<h2>Output:</h2>
*** Using Compiler 'V5.05 update 1 (build 106)', folder: 'C:\Keil_v5\ARM\ARMCC\Bin'
Build target 'Template'
compiling stm32f10x_it.c...
compiling system_stm32f10x.c...
compiling main.c...
main.c(9): warning:  #68-D: integer conversion resulted in a change of sign
  uint8_t position_x = -1;			  //当前横坐标
main.c(10): warning:  #68-D: integer conversion resulted in a change of sign
  uint8_t position_y = -1;			  //当前纵坐标
main.c(116): warning:  #1-D: last line of file ends without a newline
  */
main.c: 3 warnings, 0 errors
assembling startup_stm32f10x_hd.s...
compiling core_cm3.c...
compiling millisecondtimer.c...
compiling misc.c...
compiling stm32f10x_bkp.c...
compiling stm32f10x_adc.c...
compiling stm32f10x_can.c...
compiling stm32f10x_crc.c...
compiling stm32f10x_cec.c...
compiling stm32f10x_dac.c...
compiling stm32f10x_dbgmcu.c...
compiling stm32f10x_dma.c...
compiling stm32f10x_exti.c...
compiling stm32f10x_flash.c...
compiling stm32f10x_fsmc.c...
compiling stm32f10x_gpio.c...
compiling stm32f10x_iwdg.c...
compiling stm32f10x_i2c.c...
compiling stm32f10x_pwr.c...
compiling stm32f10x_rtc.c...
compiling stm32f10x_rcc.c...
compiling stm32f10x_sdio.c...
compiling stm32f10x_spi.c...
compiling stm32f10x_tim.c...
compiling stm32f10x_usart.c...
compiling stm32f10x_wwdg.c...
compiling motor.c...
compiling led.c...
compiling pid.c...
compiling Kinematics.c...
compiling timer.c...
compiling remote.c...
compiling las_masure.c...
..\DRIVER\las_masure.c(77): warning:  #68-D: integer conversion resulted in a change of sign
  	return -1;
..\DRIVER\las_masure.c: 1 warning, 0 errors
compiling usart1.c...
compiling bottom_sensor.c...
compiling oled.c...
compiling huidu.c...
compiling plan.c...
compiling key.c...
compiling queue.c...
compiling arm.c...
linking...
Program Size: Code=16616 RO-data=336 RW-data=176 ZI-data=6488  
FromELF: creating hex file...
"..\OBJ\Template.axf" - 0 Error(s), 4 Warning(s).

<h2>Collection of Component include folders:</h2>
  C:\Users\Tongw\Desktop\github\ShopRobot_stm32\机械臂测试\USER\RTE
  C:\Keil_v5\ARM\PACK\Keil\STM32F1xx_DFP\2.2.0\Device\Include

<h2>Collection of Component Files used:</h2>
Build Time Elapsed:  00:00:17
</pre>
</body>
</html>
