<html>
<body>
<pre>
<h1>µVision Build Log</h1>
<h2>Tool Versions:</h2>
IDE-Version: ¦ÌVision V5.23.0.0
Copyright (C) 2017 ARM Ltd and ARM Germany GmbH. All rights reserved.
License Information: nqq nqq09, nqq, LIC=ATTCX-HX8N7-H82FS-LT3PA-DYASJ-I9V6T
 
Tool Versions:
Toolchain:       MDK-ARM Plus  Version: 5.23
Toolchain Path:  C:\Keil_v5\ARM\ARMCC\Bin
C Compiler:      Armcc.exe V5.06 update 4 (build 422)
Assembler:       Armasm.exe V5.06 update 4 (build 422)
Linker/Locator:  ArmLink.exe V5.06 update 4 (build 422)
Library Manager: ArmAr.exe V5.06 update 4 (build 422)
Hex Converter:   FromElf.exe V5.06 update 4 (build 422)
CPU DLL:         SARMCM3.DLL V5.23
Dialog DLL:      DCM.DLL V1.15.0.0
Target DLL:      Segger\JL2CM3.dll V2.99.23.0
Dialog DLL:      TCM.DLL V1.27.0.0
 
<h2>Project:</h2>
C:\Users\nqq09\Desktop\Robot\ShopRobot_stm32\STM32_BASE\Objects\ShopRobot.uvprojx
Project File Date:  10/29/2018

<h2>Output:</h2>
*** Using Compiler 'V5.06 update 4 (build 422)', folder: 'C:\Keil_v5\ARM\ARMCC\Bin'
Build target 'shopping_Helper'
compiling pid.cpp...
compiling main.cpp...
..\Bsp\Wire.h(111): warning:  #1300-D: process inherits implicit virtual
      uint8_t process();
..\Bsp\Wire.h(120): warning:  #1300-D: begin inherits implicit virtual
      void begin(uint8_t = 0x00);
..\RosLibs\geometry_msgs/Vector3.h(106): warning:  #1300-D: getType inherits implicit virtual
      const char * getType(){ return "geometry_msgs/Vector3"; };
..\RosLibs\geometry_msgs/Vector3.h(107): warning:  #1300-D: getMD5 inherits implicit virtual
      const char * getMD5(){ return "4a842b65f413084dc2b10fb484ea7f17"; };
..\RosLibs\shop_msgs/Imu.h(50): warning:  #1300-D: getType inherits implicit virtual
      const char *getType() { return "shop_msgs/Imu"; };
..\RosLibs\shop_msgs/Imu.h(51): warning:  #1300-D: getMD5 inherits implicit virtual
      const char *getMD5() { return "275110405f08e1b7c0c0f1aba3e19c67"; };
..\RosLibs\shop_msgs/LaserScan.h(154): warning:  #1300-D: getType inherits implicit virtual
      const char *getType() { return "shop_msgs/LaserScan"; };
..\RosLibs\shop_msgs/LaserScan.h(155): warning:  #1300-D: getMD5 inherits implicit virtual
      const char *getMD5() { return "7f6be2f540b5dd406a5e0a9932527631"; };
..\RosLibs\shop_msgs/Pid.h(108): warning:  #1300-D: getType inherits implicit virtual
      const char * getType(){ return "shop_msgs/Pid"; };
..\RosLibs\shop_msgs/Pid.h(109): warning:  #1300-D: getMD5 inherits implicit virtual
      const char * getMD5(){ return "cccd09188ee638c943ed6be95f1812c9"; };
..\RosLibs\shop_msgs/Velocities.h(108): warning:  #1300-D: getType inherits implicit virtual
      const char * getType(){ return "shop_msgs/Velocities"; };
..\RosLibs\shop_msgs/Velocities.h(109): warning:  #1300-D: getMD5 inherits implicit virtual
      const char * getMD5(){ return "0ee8ad4cb7809be2d5a0a76352fea86a"; };
..\RosLibs\std_msgs/Time.h(50): warning:  #1300-D: getType inherits implicit virtual
      const char * getType(){ return "std_msgs/Time"; };
..\RosLibs\std_msgs/Time.h(51): warning:  #1300-D: getMD5 inherits implicit virtual
      const char * getMD5(){ return "cd7166c74c552c311fbcc2fe5a7bc289"; };
..\RosLibs\rosserial_msgs/TopicInfo.h(110): warning:  #1300-D: getType inherits implicit virtual
      const char * getType(){ return "rosserial_msgs/TopicInfo"; };
..\RosLibs\rosserial_msgs/TopicInfo.h(111): warning:  #1300-D: getMD5 inherits implicit virtual
      const char * getMD5(){ return "0ad51f88fc44892f8c10684077646005"; };
..\RosLibs\rosserial_msgs/TopicInfo.h(116): warning:  #1-D: last line of file ends without a newline
  #endif
..\RosLibs\rosserial_msgs/Log.h(53): warning:  #1300-D: getType inherits implicit virtual
      const char * getType(){ return "rosserial_msgs/Log"; };
..\RosLibs\rosserial_msgs/Log.h(54): warning:  #1300-D: getMD5 inherits implicit virtual
      const char * getMD5(){ return "11abd731c25933261cd6183bd12d6295"; };
..\RosLibs\rosserial_msgs/Log.h(59): warning:  #1-D: last line of file ends without a newline
  #endif
..\RosLibs\rosserial_msgs/RequestParam.h(44): warning:  #1300-D: getType inherits implicit virtual
      const char * getType(){ return REQUESTPARAM; };
..\RosLibs\rosserial_msgs/RequestParam.h(45): warning:  #1300-D: getMD5 inherits implicit virtual
      const char * getMD5(){ return "c1f3d28f1b044c871e6eff2e9fc3c667"; };
..\RosLibs\rosserial_msgs/RequestParam.h(172): warning:  #1300-D: getType inherits implicit virtual
      const char * getType(){ return REQUESTPARAM; };
..\RosLibs\rosserial_msgs/RequestParam.h(173): warning:  #1300-D: getMD5 inherits implicit virtual
      const char * getMD5(){ return "9f0e98bda65981986ddf53afa7a40e49"; };
..\RosLibs\geometry_msgs/Twist.h(35): warning:  #1300-D: getType inherits implicit virtual
      const char * getType(){ return "geometry_msgs/Twist"; };
..\RosLibs\geometry_msgs/Twist.h(36): warning:  #1300-D: getMD5 inherits implicit virtual
      const char * getMD5(){ return "9f195f881246fdfa2798d1d3eebca84a"; };
..\RosLibs\geometry_msgs/Twist.h(41): warning:  #1-D: last line of file ends without a newline
  #endif
..\User\main.cpp: 27 warnings, 0 errors
linking...
Program Size: Code=11662 RO-data=1282 RW-data=112 ZI-data=4568  
".\Objects\ShopRobot.axf" - 0 Error(s), 27 Warning(s).

<h2>Collection of Component include folders:</h2>
  .\RTE\_shopping_Helper
  C:\Keil_v5\ARM\PACK\Keil\STM32F1xx_DFP\2.2.0\Device\Include

<h2>Collection of Component Files used:</h2>
Build Time Elapsed:  00:00:03
</pre>
</body>
</html>
