<html>
<body>
<pre>
<h1>礦ision Build Log</h1>
<h2>Tool Versions:</h2>
IDE-Version: μVision V5.24.2.0
Copyright (C) 2017 ARM Ltd and ARM Germany GmbH. All rights reserved.
License Information: alientek ALIENTEK, alientek, LIC=TA301-CTR40-593GZ-JMMHJ-Z3PTR-BJMXD
 
Tool Versions:
Toolchain:       MDK-ARM Professional  Version: 5.24.1
Toolchain Path:  E:\Keil_v5\ARM\ARMCC\Bin
C Compiler:      Armcc.exe V5.06 update 5 (build 528)
Assembler:       Armasm.exe V5.06 update 5 (build 528)
Linker/Locator:  ArmLink.exe V5.06 update 5 (build 528)
Library Manager: ArmAr.exe V5.06 update 5 (build 528)
Hex Converter:   FromElf.exe V5.06 update 5 (build 528)
CPU DLL:         SARMCM3.DLL V5.24.1
Dialog DLL:      DCM.DLL V1.16.0.0
Target DLL:      Segger\JL2CM3.dll V2.99.26.0
Dialog DLL:      TCM.DLL V1.32.0.0
 
<h2>Project:</h2>
C:\Users\asus\Desktop\github\ShopRobot_stm32\2019杭电分体式机器人\USER\Template.uvprojx
Project File Date:  01/28/2019

<h2>Output:</h2>
*** Using Compiler 'V5.06 update 5 (build 528)', folder: 'E:\Keil_v5\ARM\ARMCC\Bin'
Build target 'Template'
compiling motor.c...
compiling led.c...
compiling main.c...
main.c(9): warning:  #68-D: integer conversion resulted in a change of sign
  uint8_t position_x = -1;			  //当前横坐标
main.c(10): warning:  #68-D: integer conversion resulted in a change of sign
  uint8_t position_y = -1;			  //当前纵坐标
main.c: 2 warnings, 0 errors
compiling Kinematics.c...
compiling pid.c...
compiling timer.c...
compiling remote.c...
compiling usart1.c...
compiling las_masure.c...
..\DRIVER\las_masure.c(77): warning:  #68-D: integer conversion resulted in a change of sign
  	return -1;
..\DRIVER\las_masure.c: 1 warning, 0 errors
compiling bottom_sensor.c...
compiling huidu.c...
compiling plan.c...
compiling queue.c...
compiling key.c...
linking...
Program Size: Code=16550 RO-data=2410 RW-data=136 ZI-data=6488  
FromELF: creating hex file...
"..\OBJ\Template.axf" - 0 Error(s), 3 Warning(s).

<h2>Software Packages used:</h2>

Package Vendor: Keil
                http://www.keil.com/pack/Keil.STM32F1xx_DFP.1.0.5.pack
                Keil.STM32F1xx_DFP.1.0.5
                STMicroelectronics STM32F1 Series Device Support, Drivers and Examples

<h2>Collection of Component include folders:</h2>
  .\RTE\_Template
  E:\Keil_v5\ARM\PACK\Keil\STM32F1xx_DFP\1.0.5\Device\Include

<h2>Collection of Component Files used:</h2>
Build Time Elapsed:  00:00:08
</pre>
</body>
</html>
