Component: ARM Compiler 5.05 update 1 (build 106) Tool: armlink [4d0efa]

==============================================================================

Section Cross References

    main.o(i.begin) refers to stm32f10x_gpio.o(i.GPIO_ReadInputDataBit) for GPIO_ReadInputDataBit
    main.o(i.begin) refers to millisecondtimer.o(i.delay) for delay
    main.o(i.begin) refers to plan.o(i.path_cal) for path_cal
    main.o(i.begin) refers to main.o(.data) for required_vel
    main.o(i.begin) refers to plan.o(.data) for IsRotate
    main.o(i.begin) refers to motor.o(.data) for motor1
    main.o(i.begin) refers to huidu.o(.data) for ADC_JIHE
    main.o(i.main) refers to stm32f10x_rcc.o(i.RCC_APB2PeriphClockCmd) for RCC_APB2PeriphClockCmd
    main.o(i.main) refers to stm32f10x_gpio.o(i.GPIO_PinRemapConfig) for GPIO_PinRemapConfig
    main.o(i.main) refers to system_stm32f10x.o(i.SystemInit) for SystemInit
    main.o(i.main) refers to millisecondtimer.o(i.initialise) for initialise
    main.o(i.main) refers to misc.o(i.NVIC_PriorityGroupConfig) for NVIC_PriorityGroupConfig
    main.o(i.main) refers to usart1.o(i.usart1_Init) for usart1_Init
    main.o(i.main) refers to motor.o(i.CAN_Mode_Init) for CAN_Mode_Init
    main.o(i.main) refers to led.o(i.Ledbeep_init) for Ledbeep_init
    main.o(i.main) refers to remote.o(i.RC_Init) for RC_Init
    main.o(i.main) refers to oled.o(i.OLED_Init) for OLED_Init
    main.o(i.main) refers to las_masure.o(i.las_Init) for las_Init
    main.o(i.main) refers to pid.o(i.PID_init) for PID_init
    main.o(i.main) refers to key.o(i.KEY_Init) for KEY_Init
    main.o(i.main) refers to oled.o(i.OLED_Clear) for OLED_Clear
    main.o(i.main) refers to timer.o(i.TIM5_Int_Init) for TIM5_Int_Init
    main.o(i.main) refers to timer.o(i.TIM6_Int_Init) for TIM6_Int_Init
    main.o(i.main) refers to deqf.o(x$fpl$deqf) for __aeabi_cdcmpeq
    main.o(i.main) refers to oled.o(i.OLED_ShowString) for OLED_ShowString
    main.o(i.main) refers to oled.o(i.OLED_ShowNum) for OLED_ShowNum
    main.o(i.main) refers to dmul.o(x$fpl$dmul) for __aeabi_dmul
    main.o(i.main) refers to dfix.o(x$fpl$dfix) for __aeabi_d2iz
    main.o(i.main) refers to key.o(i.KEY_Scan) for KEY_Scan
    main.o(i.main) refers to daddsub_clz.o(x$fpl$dadd) for __aeabi_dadd
    main.o(i.main) refers to daddsub_clz.o(x$fpl$dsub) for __aeabi_dsub
    main.o(i.main) refers to stm32f10x_tim.o(i.TIM_Cmd) for TIM_Cmd
    main.o(i.main) refers to drleqf.o(x$fpl$drleqf) for __aeabi_cdrcmple
    main.o(i.main) refers to dleqf.o(x$fpl$dleqf) for __aeabi_cdcmple
    main.o(i.main) refers to main.o(.data) for stopping
    main.o(i.main) refers to motor.o(.data) for motor1
    main.o(i.main) refers to huidu.o(.data) for ADC_JIHE
    main.o(i.main) refers to remote.o(.bss) for RC_CtrlData
    system_stm32f10x.o(i.SetSysClock) refers to system_stm32f10x.o(i.SetSysClockTo72) for SetSysClockTo72
    system_stm32f10x.o(i.SystemCoreClockUpdate) refers to system_stm32f10x.o(.data) for SystemCoreClock
    system_stm32f10x.o(i.SystemInit) refers to system_stm32f10x.o(i.SetSysClock) for SetSysClock
    millisecondtimer.o(i.SysTick_Handler) refers to millisecondtimer.o(.data) for _counter
    millisecondtimer.o(i.delay) refers to millisecondtimer.o(.data) for _counter
    millisecondtimer.o(i.initialise) refers to millisecondtimer.o(.data) for _counter
    millisecondtimer.o(i.initialise) refers to system_stm32f10x.o(.data) for SystemCoreClock
    millisecondtimer.o(i.millis) refers to millisecondtimer.o(.data) for _counter
    millisecondtimer.o(i.reset) refers to millisecondtimer.o(.data) for _counter
    startup_stm32f10x_hd.o(STACK) refers (Special) to heapauxi.o(.text) for __use_two_region_memory
    startup_stm32f10x_hd.o(HEAP) refers (Special) to heapauxi.o(.text) for __use_two_region_memory
    startup_stm32f10x_hd.o(RESET) refers (Special) to heapauxi.o(.text) for __use_two_region_memory
    startup_stm32f10x_hd.o(RESET) refers to startup_stm32f10x_hd.o(STACK) for __initial_sp
    startup_stm32f10x_hd.o(RESET) refers to startup_stm32f10x_hd.o(.text) for Reset_Handler
    startup_stm32f10x_hd.o(RESET) refers to stm32f10x_it.o(i.NMI_Handler) for NMI_Handler
    startup_stm32f10x_hd.o(RESET) refers to stm32f10x_it.o(i.HardFault_Handler) for HardFault_Handler
    startup_stm32f10x_hd.o(RESET) refers to stm32f10x_it.o(i.MemManage_Handler) for MemManage_Handler
    startup_stm32f10x_hd.o(RESET) refers to stm32f10x_it.o(i.BusFault_Handler) for BusFault_Handler
    startup_stm32f10x_hd.o(RESET) refers to stm32f10x_it.o(i.UsageFault_Handler) for UsageFault_Handler
    startup_stm32f10x_hd.o(RESET) refers to stm32f10x_it.o(i.SVC_Handler) for SVC_Handler
    startup_stm32f10x_hd.o(RESET) refers to stm32f10x_it.o(i.DebugMon_Handler) for DebugMon_Handler
    startup_stm32f10x_hd.o(RESET) refers to stm32f10x_it.o(i.PendSV_Handler) for PendSV_Handler
    startup_stm32f10x_hd.o(RESET) refers to millisecondtimer.o(i.SysTick_Handler) for SysTick_Handler
[...]
    ../clib/printf_percent.s                 0x00000000   Number         0  _printf_o.o ABSOLUTE
    ../clib/printf_percent.s                 0x00000000   Number         0  _printf_p.o ABSOLUTE
    ../clib/printf_percent.s                 0x00000000   Number         0  _printf_x.o ABSOLUTE
    ../clib/printf_percent.s                 0x00000000   Number         0  _printf_n.o ABSOLUTE
    ../clib/printf_percent.s                 0x00000000   Number         0  _printf_s.o ABSOLUTE
    ../clib/printf_percent.s                 0x00000000   Number         0  _printf_lc.o ABSOLUTE
    ../clib/printf_percent.s                 0x00000000   Number         0  _printf_percent_end.o ABSOLUTE
    ../clib/printf_percent.s                 0x00000000   Number         0  _printf_c.o ABSOLUTE
    ../clib/printf_percent.s                 0x00000000   Number         0  _printf_llx.o ABSOLUTE
    ../clib/printf_percent.s                 0x00000000   Number         0  _printf_llo.o ABSOLUTE
    ../clib/printf_percent.s                 0x00000000   Number         0  _printf_ls.o ABSOLUTE
    ../clib/printf_percent.s                 0x00000000   Number         0  _printf_l.o ABSOLUTE
    ../clib/printf_percent.s                 0x00000000   Number         0  _printf_ll.o ABSOLUTE
    ../clib/printf_percent.s                 0x00000000   Number         0  _printf_llu.o ABSOLUTE
    ../clib/printf_percent.s                 0x00000000   Number         0  _printf_lld.o ABSOLUTE
    ../clib/signal.c                         0x00000000   Number         0  defsig_other.o ABSOLUTE
    ../clib/signal.c                         0x00000000   Number         0  defsig_general.o ABSOLUTE
    ../clib/signal.c                         0x00000000   Number         0  __raise.o ABSOLUTE
    ../clib/signal.c                         0x00000000   Number         0  defsig_exit.o ABSOLUTE
    ../clib/signal.c                         0x00000000   Number         0  defsig_rtmem_inner.o ABSOLUTE
    ../clib/signal.c                         0x00000000   Number         0  defsig_rtmem_formal.o ABSOLUTE
    ../clib/signal.c                         0x00000000   Number         0  defsig_rtmem_outer.o ABSOLUTE
    ../clib/signal.c                         0x00000000   Number         0  defsig_stak_inner.o ABSOLUTE
    ../clib/signal.c                         0x00000000   Number         0  defsig_rtred_inner.o ABSOLUTE
    ../clib/signal.c                         0x00000000   Number         0  defsig_fpe_inner.o ABSOLUTE
    ../clib/signal.c                         0x00000000   Number         0  defsig_abrt_inner.o ABSOLUTE
    ../clib/signal.c                         0x00000000   Number         0  defsig_segv_inner.o ABSOLUTE
    ../clib/signal.c                         0x00000000   Number         0  defsig_cppl_inner.o ABSOLUTE
    ../clib/signal.c                         0x00000000   Number         0  defsig_pvfn_inner.o ABSOLUTE
    ../clib/signal.s                         0x00000000   Number         0  defsig.o ABSOLUTE
    ../clib/stdlib.c                         0x00000000   Number         0  exit.o ABSOLUTE
    ../clib/string.c                         0x00000000   Number         0  strlen.o ABSOLUTE
    ../clib/string.c                         0x00000000   Number         0  strcpy.o ABSOLUTE
    ../fplib/d2f.s                           0x00000000   Number         0  d2f.o ABSOLUTE
    ../fplib/daddsub.s                       0x00000000   Number         0  daddsub_clz.o ABSOLUTE
    ../fplib/dcmpi.s                         0x00000000   Number         0  dcmpi.o ABSOLUTE
    ../fplib/ddiv.s                          0x00000000   Number         0  ddiv.o ABSOLUTE
    ../fplib/deqf.s                          0x00000000   Number         0  deqf.o ABSOLUTE
    ../fplib/dfix.s                          0x00000000   Number         0  dfix.o ABSOLUTE
    ../fplib/dfixu.s                         0x00000000   Number         0  dfixu.o ABSOLUTE
    ../fplib/dflt.s                          0x00000000   Number         0  dflt_clz.o ABSOLUTE
    ../fplib/dleqf.s                         0x00000000   Number         0  dleqf.o ABSOLUTE
    ../fplib/dmul.s                          0x00000000   Number         0  dmul.o ABSOLUTE
    ../fplib/dnaninf.s                       0x00000000   Number         0  dnaninf.o ABSOLUTE
    ../fplib/dretinf.s                       0x00000000   Number         0  dretinf.o ABSOLUTE
    ../fplib/drleqf.s                        0x00000000   Number         0  drleqf.o ABSOLUTE
    ../fplib/f2d.s                           0x00000000   Number         0  f2d.o ABSOLUTE
    ../fplib/faddsub.s                       0x00000000   Number         0  faddsub_clz.o ABSOLUTE
    ../fplib/fdiv.s                          0x00000000   Number         0  fdiv.o ABSOLUTE
    ../fplib/ffix.s                          0x00000000   Number         0  ffix.o ABSOLUTE
    ../fplib/fflt.s                          0x00000000   Number         0  fflt_clz.o ABSOLUTE
    ../fplib/fmul.s                          0x00000000   Number         0  fmul.o ABSOLUTE
    ../fplib/fnaninf.s                       0x00000000   Number         0  fnaninf.o ABSOLUTE
    ../fplib/fpinit.s                        0x00000000   Number         0  fpinit.o ABSOLUTE
    ../fplib/fretinf.s                       0x00000000   Number         0  fretinf.o ABSOLUTE
    ../fplib/istatus.s                       0x00000000   Number         0  istatus.o ABSOLUTE
    ../fplib/printf1.s                       0x00000000   Number         0  printf1.o ABSOLUTE
    ../fplib/usenofp.s                       0x00000000   Number         0  usenofp.o ABSOLUTE
    ../mathlib/fpclassify.c                  0x00000000   Number         0  fpclassify.o ABSOLUTE
    ..\CORE\core_cm3.c                       0x00000000   Number         0  core_cm3.o ABSOLUTE
    ..\CORE\startup_stm32f10x_hd.s           0x00000000   Number         0  startup_stm32f10x_hd.o ABSOLUTE
    ..\DRIVER\Kinematics.c                   0x00000000   Number         0  kinematics.o ABSOLUTE
    ..\DRIVER\OLED\oled.c                    0x00000000   Number         0  oled.o ABSOLUTE
    ..\DRIVER\arm.c                          0x00000000   Number         0  arm.o ABSOLUTE
    ..\DRIVER\bottom_sensor.c                0x00000000   Number         0  bottom_sensor.o ABSOLUTE
    ..\DRIVER\huidu.c                        0x00000000   Number         0  huidu.o ABSOLUTE
    ..\DRIVER\key.c                          0x00000000   Number         0  key.o ABSOLUTE
    ..\DRIVER\las_masure.c                   0x00000000   Number         0  las_masure.o ABSOLUTE
    ..\DRIVER\led.c                          0x00000000   Number         0  led.o ABSOLUTE
    ..\DRIVER\motor.c                        0x00000000   Number         0  motor.o ABSOLUTE
    ..\DRIVER\pid.c                          0x00000000   Number         0  pid.o ABSOLUTE
    ..\DRIVER\plan.c                         0x00000000   Number         0  plan.o ABSOLUTE
    ..\DRIVER\queue.c                        0x00000000   Number         0  queue.o ABSOLUTE
    ..\DRIVER\remote.c                       0x00000000   Number         0  remote.o ABSOLUTE
    ..\DRIVER\timer.c                        0x00000000   Number         0  timer.o ABSOLUTE
    ..\DRIVER\usart1.c                       0x00000000   Number         0  usart1.o ABSOLUTE
    ..\STM32F10x_FWLib\src\misc.c            0x00000000   Number         0  misc.o ABSOLUTE
    ..\STM32F10x_FWLib\src\stm32f10x_adc.c   0x00000000   Number         0  stm32f10x_adc.o ABSOLUTE
    ..\STM32F10x_FWLib\src\stm32f10x_bkp.c   0x00000000   Number         0  stm32f10x_bkp.o ABSOLUTE
    ..\STM32F10x_FWLib\src\stm32f10x_can.c   0x00000000   Number         0  stm32f10x_can.o ABSOLUTE
    ..\STM32F10x_FWLib\src\stm32f10x_cec.c   0x00000000   Number         0  stm32f10x_cec.o ABSOLUTE
    ..\STM32F10x_FWLib\src\stm32f10x_crc.c   0x00000000   Number         0  stm32f10x_crc.o ABSOLUTE
    ..\STM32F10x_FWLib\src\stm32f10x_dac.c   0x00000000   Number         0  stm32f10x_dac.o ABSOLUTE
    ..\STM32F10x_FWLib\src\stm32f10x_dbgmcu.c 0x00000000   Number         0  stm32f10x_dbgmcu.o ABSOLUTE
    ..\STM32F10x_FWLib\src\stm32f10x_dma.c   0x00000000   Number         0  stm32f10x_dma.o ABSOLUTE
    ..\STM32F10x_FWLib\src\stm32f10x_exti.c  0x00000000   Number         0  stm32f10x_exti.o ABSOLUTE
    ..\STM32F10x_FWLib\src\stm32f10x_flash.c 0x00000000   Number         0  stm32f10x_flash.o ABSOLUTE
    ..\STM32F10x_FWLib\src\stm32f10x_fsmc.c  0x00000000   Number         0  stm32f10x_fsmc.o ABSOLUTE
    ..\STM32F10x_FWLib\src\stm32f10x_gpio.c  0x00000000   Number         0  stm32f10x_gpio.o ABSOLUTE
    ..\STM32F10x_FWLib\src\stm32f10x_i2c.c   0x00000000   Number         0  stm32f10x_i2c.o ABSOLUTE
    ..\STM32F10x_FWLib\src\stm32f10x_iwdg.c  0x00000000   Number         0  stm32f10x_iwdg.o ABSOLUTE
    ..\STM32F10x_FWLib\src\stm32f10x_pwr.c   0x00000000   Number         0  stm32f10x_pwr.o ABSOLUTE
    ..\STM32F10x_FWLib\src\stm32f10x_rcc.c   0x00000000   Number         0  stm32f10x_rcc.o ABSOLUTE
    ..\STM32F10x_FWLib\src\stm32f10x_rtc.c   0x00000000   Number         0  stm32f10x_rtc.o ABSOLUTE
    ..\STM32F10x_FWLib\src\stm32f10x_sdio.c  0x00000000   Number         0  stm32f10x_sdio.o ABSOLUTE
    ..\STM32F10x_FWLib\src\stm32f10x_spi.c   0x00000000   Number         0  stm32f10x_spi.o ABSOLUTE
    ..\STM32F10x_FWLib\src\stm32f10x_tim.c   0x00000000   Number         0  stm32f10x_tim.o ABSOLUTE
    ..\STM32F10x_FWLib\src\stm32f10x_usart.c 0x00000000   Number         0  stm32f10x_usart.o ABSOLUTE
    ..\STM32F10x_FWLib\src\stm32f10x_wwdg.c  0x00000000   Number         0  stm32f10x_wwdg.o ABSOLUTE
    ..\SYSTEM\millisecondtimer.c             0x00000000   Number         0  millisecondtimer.o ABSOLUTE
    ..\\CORE\\core_cm3.c                     0x00000000   Number         0  core_cm3.o ABSOLUTE
    dc.s                                     0x00000000   Number         0  dc.o ABSOLUTE
    main.c                                   0x00000000   Number         0  main.o ABSOLUTE
    stm32f10x_it.c                           0x00000000   Number         0  stm32f10x_it.o ABSOLUTE
    system_stm32f10x.c                       0x00000000   Number         0  system_stm32f10x.o ABSOLUTE
    RESET                                    0x08000000   Section      304  startup_stm32f10x_hd.o(RESET)
    !!!main                                  0x08000130   Section        8  __main.o(!!!main)
    !!!scatter                               0x08000138   Section       52  __scatter.o(!!!scatter)
    !!handler_copy                           0x0800016c   Section       26  __scatter_copy.o(!!handler_copy)
    !!handler_zi                             0x08000188   Section       28  __scatter_zi.o(!!handler_zi)
    .ARM.Collect$$libinit$$00000000          0x080001a4   Section        2  libinit.o(.ARM.Collect$$libinit$$00000000)
    .ARM.Collect$$libinit$$00000002          0x080001a6   Section        0  libinit2.o(.ARM.Collect$$libinit$$00000002)
    .ARM.Collect$$libinit$$00000004          0x080001a6   Section        0  libinit2.o(.ARM.Collect$$libinit$$00000004)
    .ARM.Collect$$libinit$$0000000A          0x080001a6   Section        0  libinit2.o(.ARM.Collect$$libinit$$0000000A)
    .ARM.Collect$$libinit$$0000000C          0x080001a6   Section        0  libinit2.o(.ARM.Collect$$libinit$$0000000C)
    .ARM.Collect$$libinit$$0000000E          0x080001a6   Section        0  libinit2.o(.ARM.Collect$$libinit$$0000000E)
    .ARM.Collect$$libinit$$00000011          0x080001a6   Section        0  libinit2.o(.ARM.Collect$$libinit$$00000011)
    .ARM.Collect$$libinit$$00000013          0x080001a6   Section        0  libinit2.o(.ARM.Collect$$libinit$$00000013)
    .ARM.Collect$$libinit$$00000015          0x080001a6   Section        0  libinit2.o(.ARM.Collect$$libinit$$00000015)
    .ARM.Collect$$libinit$$00000017          0x080001a6   Section        0  libinit2.o(.ARM.Collect$$libinit$$00000017)
    .ARM.Collect$$libinit$$00000019          0x080001a6   Section        0  libinit2.o(.ARM.Collect$$libinit$$00000019)
    .ARM.Collect$$libinit$$0000001B          0x080001a6   Section        0  libinit2.o(.ARM.Collect$$libinit$$0000001B)
    .ARM.Collect$$libinit$$0000001D          0x080001a6   Section        0  libinit2.o(.ARM.Collect$$libinit$$0000001D)
    .ARM.Collect$$libinit$$0000001F          0x080001a6   Section        0  libinit2.o(.ARM.Collect$$libinit$$0000001F)
    .ARM.Collect$$libinit$$00000021          0x080001a6   Section        0  libinit2.o(.ARM.Collect$$libinit$$00000021)
    .ARM.Collect$$libinit$$00000023          0x080001a6   Section        0  libinit2.o(.ARM.Collect$$libinit$$00000023)
    .ARM.Collect$$libinit$$00000025          0x080001a6   Section        0  libinit2.o(.ARM.Collect$$libinit$$00000025)
    .ARM.Collect$$libinit$$0000002C          0x080001a6   Section        0  libinit2.o(.ARM.Collect$$libinit$$0000002C)
    .ARM.Collect$$libinit$$0000002E          0x080001a6   Section        0  libinit2.o(.ARM.Collect$$libinit$$0000002E)
    .ARM.Collect$$libinit$$00000030          0x080001a6   Section        0  libinit2.o(.ARM.Collect$$libinit$$00000030)
    .ARM.Collect$$libinit$$00000032          0x080001a6   Section        0  libinit2.o(.ARM.Collect$$libinit$$00000032)
    .ARM.Collect$$libinit$$00000033          0x080001a6   Section        2  libinit2.o(.ARM.Collect$$libinit$$00000033)
    .ARM.Collect$$libshutdown$$00000000      0x080001a8   Section        2  libshutdown.o(.ARM.Collect$$libshutdown$$00000000)
    .ARM.Collect$$libshutdown$$00000003      0x080001aa   Section        0  libshutdown2.o(.ARM.Collect$$libshutdown$$00000003)
    .ARM.Collect$$libshutdown$$00000006      0x080001aa   Section        0  libshutdown2.o(.ARM.Collect$$libshutdown$$00000006)
    .ARM.Collect$$libshutdown$$00000009      0x080001aa   Section        0  libshutdown2.o(.ARM.Collect$$libshutdown$$00000009)
    .ARM.Collect$$libshutdown$$0000000B      0x080001aa   Section        0  libshutdown2.o(.ARM.Collect$$libshutdown$$0000000B)
    .ARM.Collect$$libshutdown$$0000000E      0x080001aa   Section        0  libshutdown2.o(.ARM.Collect$$libshutdown$$0000000E)
    .ARM.Collect$$libshutdown$$0000000F      0x080001aa   Section        2  libshutdown2.o(.ARM.Collect$$libshutdown$$0000000F)
    .ARM.Collect$$rtentry$$00000000          0x080001ac   Section        0  __rtentry.o(.ARM.Collect$$rtentry$$00000000)
    .ARM.Collect$$rtentry$$00000002          0x080001ac   Section        0  __rtentry2.o(.ARM.Collect$$rtentry$$00000002)
    .ARM.Collect$$rtentry$$00000004          0x080001ac   Section        6  __rtentry4.o(.ARM.Collect$$rtentry$$00000004)
    .ARM.Collect$$rtentry$$00000009          0x080001b2   Section        0  __rtentry2.o(.ARM.Collect$$rtentry$$00000009)
    .ARM.Collect$$rtentry$$0000000A          0x080001b2   Section        4  __rtentry2.o(.ARM.Collect$$rtentry$$0000000A)
    .ARM.Collect$$rtentry$$0000000C          0x080001b6   Section        0  __rtentry2.o(.ARM.Collect$$rtentry$$0000000C)
    .ARM.Collect$$rtentry$$0000000D          0x080001b6   Section        8  __rtentry2.o(.ARM.Collect$$rtentry$$0000000D)
    .ARM.Collect$$rtexit$$00000000           0x080001be   Section        2  rtexit.o(.ARM.Collect$$rtexit$$00000000)
    .ARM.Collect$$rtexit$$00000002           0x080001c0   Section        0  rtexit2.o(.ARM.Collect$$rtexit$$00000002)
    .ARM.Collect$$rtexit$$00000003           0x080001c0   Section        4  rtexit2.o(.ARM.Collect$$rtexit$$00000003)
    .ARM.Collect$$rtexit$$00000004           0x080001c4   Section        6  rtexit2.o(.ARM.Collect$$rtexit$$00000004)
    .text                                    0x080001cc   Section       64  startup_stm32f10x_hd.o(.text)
    .text                                    0x0800020c   Section        0  heapauxi.o(.text)
    .text                                    0x08000212   Section       74  sys_stackheap_outer.o(.text)
    .text                                    0x0800025c   Section        0  exit.o(.text)
    .text                                    0x08000268   Section        8  libspace.o(.text)
    .text                                    0x08000270   Section        0  sys_exit.o(.text)
    .text                                    0x0800027c   Section        2  use_no_semi.o(.text)
    .text                                    0x0800027e   Section        0  indicate_semi.o(.text)
    i.Beep_On_Off                            0x08000280   Section        0  led.o(i.Beep_On_Off)
    i.BusFault_Handler                       0x080002a4   Section        0  stm32f10x_it.o(i.BusFault_Handler)
    i.CAN_ClearITPendingBit                  0x080002a8   Section        0  stm32f10x_can.o(i.CAN_ClearITPendingBit)
    i.CAN_FilterInit                         0x08000350   Section        0  stm32f10x_can.o(i.CAN_FilterInit)
    i.CAN_GetITStatus                        0x08000458   Section        0  stm32f10x_can.o(i.CAN_GetITStatus)
    i.CAN_ITConfig                           0x08000578   Section        0  stm32f10x_can.o(i.CAN_ITConfig)
    i.CAN_Init                               0x0800058a   Section        0  stm32f10x_can.o(i.CAN_Init)
    i.CAN_Mode_Init                          0x080006a0   Section        0  motor.o(i.CAN_Mode_Init)
    i.CAN_Receive                            0x080007b0   Section        0  stm32f10x_can.o(i.CAN_Receive)
    i.CAN_Transmit                           0x080008a0   Section        0  stm32f10x_can.o(i.CAN_Transmit)
    i.CM1speedPID_Calculation                0x080009c8   Section        0  pid.o(i.CM1speedPID_Calculation)
    i.CM2speedPID_Calculation                0x08000ac4   Section        0  pid.o(i.CM2speedPID_Calculation)
    i.CMControl                              0x08000bc0   Section        0  pid.o(i.CMControl)
    i.CheckITStatus                          0x08000cc8   Section        0  stm32f10x_can.o(i.CheckITStatus)
    CheckITStatus                            0x08000cc9   Thumb Code    18  stm32f10x_can.o(i.CheckITStatus)
    i.DMA1_Channel6_IRQHandler               0x08000cdc   Section        0  remote.o(i.DMA1_Channel6_IRQHandler)
    i.DMA_ClearFlag                          0x08000cfc   Section        0  stm32f10x_dma.o(i.DMA_ClearFlag)
    i.DMA_ClearITPendingBit                  0x08000d18   Section        0  stm32f10x_dma.o(i.DMA_ClearITPendingBit)
    i.DMA_Cmd                                0x08000d34   Section        0  stm32f10x_dma.o(i.DMA_Cmd)
    i.DMA_DeInit                             0x08000d4c   Section        0  stm32f10x_dma.o(i.DMA_DeInit)
    i.DMA_GetITStatus                        0x08000e98   Section        0  stm32f10x_dma.o(i.DMA_GetITStatus)
    i.DMA_ITConfig                           0x08000ec4   Section        0  stm32f10x_dma.o(i.DMA_ITConfig)
    i.DMA_Init                               0x08000ed6   Section        0  stm32f10x_dma.o(i.DMA_Init)
    i.DebugMon_Handler                       0x08000f12   Section        0  stm32f10x_it.o(i.DebugMon_Handler)
    i.GPIO_Init                              0x08000f14   Section        0  stm32f10x_gpio.o(i.GPIO_Init)
    i.GPIO_PinRemapConfig                    0x0800102c   Section        0  stm32f10x_gpio.o(i.GPIO_PinRemapConfig)
    i.GPIO_ReadInputDataBit                  0x080010bc   Section        0  stm32f10x_gpio.o(i.GPIO_ReadInputDataBit)
    i.GPIO_ResetBits                         0x080010ce   Section        0  stm32f10x_gpio.o(i.GPIO_ResetBits)
    i.GPIO_SetBits                           0x080010d2   Section        0  stm32f10x_gpio.o(i.GPIO_SetBits)
    i.HardFault_Handler                      0x080010d6   Section        0  stm32f10x_it.o(i.HardFault_Handler)
    i.HuiduPidCalcuation                     0x080010dc   Section        0  pid.o(i.HuiduPidCalcuation)
    i.IIC_Start                              0x080011cc   Section        0  oled.o(i.IIC_Start)
    i.IIC_Stop                               0x080011f4   Section        0  oled.o(i.IIC_Stop)
    i.IIC_Wait_Ack                           0x08001214   Section        0  oled.o(i.IIC_Wait_Ack)
    i.KEY_Init                               0x0800122c   Section        0  key.o(i.KEY_Init)
    i.KEY_Scan                               0x08001254   Section        0  key.o(i.KEY_Scan)
    i.LED_On_Off                             0x08001364   Section        0  led.o(i.LED_On_Off)
    i.Ledbeep_init                           0x080013a4   Section        0  led.o(i.Ledbeep_init)
    i.MemManage_Handler                      0x08001440   Section        0  stm32f10x_it.o(i.MemManage_Handler)
    i.NMI_Handler                            0x08001444   Section        0  stm32f10x_it.o(i.NMI_Handler)
    i.NVIC_Init                              0x08001448   Section        0  misc.o(i.NVIC_Init)
    i.NVIC_PriorityGroupConfig               0x080014b8   Section        0  misc.o(i.NVIC_PriorityGroupConfig)
    i.OLED_Clear                             0x080014cc   Section        0  oled.o(i.OLED_Clear)
    i.OLED_Init                              0x0800150c   Section        0  oled.o(i.OLED_Init)
    i.OLED_Set_Pos                           0x0800161c   Section        0  oled.o(i.OLED_Set_Pos)
    i.OLED_ShowChar                          0x08001644   Section        0  oled.o(i.OLED_ShowChar)
    i.OLED_ShowNum                           0x080016e8   Section        0  oled.o(i.OLED_ShowNum)
    i.OLED_ShowString                        0x08001770   Section        0  oled.o(i.OLED_ShowString)
    i.OLED_WR_Byte                           0x080017aa   Section        0  oled.o(i.OLED_WR_Byte)
    i.PID_init                               0x080017c4   Section        0  pid.o(i.PID_init)
    i.PendSV_Handler                         0x08001814   Section        0  stm32f10x_it.o(i.PendSV_Handler)
    i.RCC_AHBPeriphClockCmd                  0x08001818   Section        0  stm32f10x_rcc.o(i.RCC_AHBPeriphClockCmd)
    i.RCC_APB1PeriphClockCmd                 0x08001838   Section        0  stm32f10x_rcc.o(i.RCC_APB1PeriphClockCmd)
    i.RCC_APB1PeriphResetCmd                 0x08001858   Section        0  stm32f10x_rcc.o(i.RCC_APB1PeriphResetCmd)
    i.RCC_APB2PeriphClockCmd                 0x08001878   Section        0  stm32f10x_rcc.o(i.RCC_APB2PeriphClockCmd)
    i.RCC_APB2PeriphResetCmd                 0x08001898   Section        0  stm32f10x_rcc.o(i.RCC_APB2PeriphResetCmd)
    i.RCC_GetClocksFreq                      0x080018b8   Section        0  stm32f10x_rcc.o(i.RCC_GetClocksFreq)
    i.RC_Init                                0x0800198c   Section        0  remote.o(i.RC_Init)
    i.RemoteDataProcess                      0x08001a98   Section        0  remote.o(i.RemoteDataProcess)
    i.SVC_Handler                            0x08001b00   Section        0  stm32f10x_it.o(i.SVC_Handler)
    i.SetSysClock                            0x08001b02   Section        0  system_stm32f10x.o(i.SetSysClock)
    SetSysClock                              0x08001b03   Thumb Code     8  system_stm32f10x.o(i.SetSysClock)
    i.SetSysClockTo72                        0x08001b0c   Section        0  system_stm32f10x.o(i.SetSysClockTo72)
    SetSysClockTo72                          0x08001b0d   Thumb Code   214  system_stm32f10x.o(i.SetSysClockTo72)
    i.Set_CM_Speed                           0x08001bec   Section        0  motor.o(i.Set_CM_Speed)
    i.SysTick_Handler                        0x08001c34   Section        0  millisecondtimer.o(i.SysTick_Handler)
    i.SystemInit                             0x08001c44   Section        0  system_stm32f10x.o(i.SystemInit)
    i.TIM5_IRQHandler                        0x08001ca4   Section        0  timer.o(i.TIM5_IRQHandler)
    i.TIM5_Int_Init                          0x08001cc8   Section        0  timer.o(i.TIM5_Int_Init)
    i.TIM6_IRQHandler                        0x08001d28   Section        0  timer.o(i.TIM6_IRQHandler)
    i.TIM6_Int_Init                          0x08001d44   Section        0  timer.o(i.TIM6_Int_Init)
    i.TIM_ClearITPendingBit                  0x08001da0   Section        0  stm32f10x_tim.o(i.TIM_ClearITPendingBit)
    i.TIM_Cmd                                0x08001da6   Section        0  stm32f10x_tim.o(i.TIM_Cmd)
    i.TIM_GetITStatus                        0x08001dbe   Section        0  stm32f10x_tim.o(i.TIM_GetITStatus)
    i.TIM_ITConfig                           0x08001de0   Section        0  stm32f10x_tim.o(i.TIM_ITConfig)
    i.TIM_TimeBaseInit                       0x08001df4   Section        0  stm32f10x_tim.o(i.TIM_TimeBaseInit)
    i.USART3_IRQHandler                      0x08001e98   Section        0  las_masure.o(i.USART3_IRQHandler)
    i.USART_ClearITPendingBit                0x08001f64   Section        0  stm32f10x_usart.o(i.USART_ClearITPendingBit)
    i.USART_Cmd                              0x08001f82   Section        0  stm32f10x_usart.o(i.USART_Cmd)
    i.USART_DMACmd                           0x08001f9a   Section        0  stm32f10x_usart.o(i.USART_DMACmd)
    i.USART_DeInit                           0x08001fac   Section        0  stm32f10x_usart.o(i.USART_DeInit)
    i.USART_GetITStatus                      0x08002048   Section        0  stm32f10x_usart.o(i.USART_GetITStatus)
    i.USART_ITConfig                         0x0800209c   Section        0  stm32f10x_usart.o(i.USART_ITConfig)
    i.USART_Init                             0x080020e8   Section        0  stm32f10x_usart.o(i.USART_Init)
    i.USART_ReceiveData                      0x080021c0   Section        0  stm32f10x_usart.o(i.USART_ReceiveData)
    i.USB_HP_CAN1_TX_IRQHandler              0x080021cc   Section        0  motor.o(i.USB_HP_CAN1_TX_IRQHandler)
    i.USB_LP_CAN1_RX0_IRQHandler             0x080021e8   Section        0  motor.o(i.USB_LP_CAN1_RX0_IRQHandler)
    i.UsageFault_Handler                     0x08002254   Section        0  stm32f10x_it.o(i.UsageFault_Handler)
    i.Write_IIC_Byte                         0x08002258   Section        0  oled.o(i.Write_IIC_Byte)
    i.Write_IIC_Command                      0x080022ac   Section        0  oled.o(i.Write_IIC_Command)
    i.Write_IIC_Data                         0x080022d8   Section        0  oled.o(i.Write_IIC_Data)
    i.adcjihe                                0x08002304   Section        0  huidu.o(i.adcjihe)
    i.delay                                  0x08002448   Section        0  millisecondtimer.o(i.delay)
    i.get_RPM                                0x08002460   Section        0  kinematics.o(i.get_RPM)
    i.initialise                             0x080024b0   Section        0  millisecondtimer.o(i.initialise)
    i.las_Init                               0x0800251c   Section        0  las_masure.o(i.las_Init)
    i.main                                   0x080025d0   Section        0  main.o(i.main)
    i.oled_pow                               0x080029dc   Section        0  oled.o(i.oled_pow)
    i.usart1_Init                            0x080029f4   Section        0  usart1.o(i.usart1_Init)
    x$fpl$d2f                                0x08002a94   Section       98  d2f.o(x$fpl$d2f)
    x$fpl$dadd                               0x08002af8   Section      336  daddsub_clz.o(x$fpl$dadd)
    _dadd1                                   0x08002b09   Thumb Code     0  daddsub_clz.o(x$fpl$dadd)
    x$fpl$dcmpinf                            0x08002c48   Section       24  dcmpi.o(x$fpl$dcmpinf)
    x$fpl$ddiv                               0x08002c60   Section      688  ddiv.o(x$fpl$ddiv)
    ddiv_entry                               0x08002c67   Thumb Code     0  ddiv.o(x$fpl$ddiv)
    x$fpl$deqf                               0x08002f10   Section      120  deqf.o(x$fpl$deqf)
    x$fpl$dfix                               0x08002f88   Section       94  dfix.o(x$fpl$dfix)
    x$fpl$dfixu                              0x08002fe8   Section       90  dfixu.o(x$fpl$dfixu)
    x$fpl$dflt                               0x08003042   Section       46  dflt_clz.o(x$fpl$dflt)
    x$fpl$dfltu                              0x08003070   Section       38  dflt_clz.o(x$fpl$dfltu)
    x$fpl$dleqf                              0x08003098   Section      120  dleqf.o(x$fpl$dleqf)
    x$fpl$dmul                               0x08003110   Section      340  dmul.o(x$fpl$dmul)
    x$fpl$dnaninf                            0x08003264   Section      156  dnaninf.o(x$fpl$dnaninf)
    x$fpl$dretinf                            0x08003300   Section       12  dretinf.o(x$fpl$dretinf)
    x$fpl$drleqf                             0x0800330c   Section      108  drleqf.o(x$fpl$drleqf)
    x$fpl$dsub                               0x08003378   Section      468  daddsub_clz.o(x$fpl$dsub)
    _dsub1                                   0x08003389   Thumb Code     0  daddsub_clz.o(x$fpl$dsub)
    x$fpl$f2d                                0x0800354c   Section       86  f2d.o(x$fpl$f2d)
    x$fpl$fadd                               0x080035a4   Section      196  faddsub_clz.o(x$fpl$fadd)
    _fadd1                                   0x080035b3   Thumb Code     0  faddsub_clz.o(x$fpl$fadd)
    x$fpl$fdiv                               0x08003668   Section      388  fdiv.o(x$fpl$fdiv)
    _fdiv1                                   0x08003669   Thumb Code     0  fdiv.o(x$fpl$fdiv)
    x$fpl$ffix                               0x080037ec   Section       54  ffix.o(x$fpl$ffix)
    x$fpl$fflt                               0x08003824   Section       48  fflt_clz.o(x$fpl$fflt)
    x$fpl$fmul                               0x08003854   Section      258  fmul.o(x$fpl$fmul)
    x$fpl$fnaninf                            0x08003956   Section      140  fnaninf.o(x$fpl$fnaninf)
    x$fpl$fretinf                            0x080039e2   Section       10  fretinf.o(x$fpl$fretinf)
    x$fpl$fsub                               0x080039ec   Section      234  faddsub_clz.o(x$fpl$fsub)
    _fsub1                                   0x080039fb   Thumb Code     0  faddsub_clz.o(x$fpl$fsub)
    .constdata                               0x08003ad6   Section     2072  oled.o(.constdata)
    x$fpl$usenofp                            0x08003ad6   Section        0  usenofp.o(x$fpl$usenofp)
    .data                                    0x20000000   Section       23  main.o(.data)
    .data                                    0x20000018   Section       20  system_stm32f10x.o(.data)
    .data                                    0x2000002c   Section        4  millisecondtimer.o(.data)
    .data                                    0x20000030   Section       20  stm32f10x_rcc.o(.data)
    APBAHBPrescTable                         0x20000030   Data          16  stm32f10x_rcc.o(.data)
    ADCPrescTable                            0x20000040   Data           4  stm32f10x_rcc.o(.data)
    .data                                    0x20000044   Section       24  motor.o(.data)
    .data                                    0x2000005c   Section       29  las_masure.o(.data)
    distance                                 0x20000074   Data           2  las_masure.o(.data)
    strength                                 0x20000076   Data           2  las_masure.o(.data)
    Res                                      0x20000078   Data           1  las_masure.o(.data)
    .data                                    0x2000007a   Section       18  huidu.o(.data)
    .data                                    0x2000008c   Section       16  plan.o(.data)
    .data                                    0x2000009c   Section        1  key.o(.data)
    key_up                                   0x2000009c   Data           1  key.o(.data)
    .bss                                     0x200000a0   Section       84  pid.o(.bss)
    .bss                                     0x200000f4   Section       72  remote.o(.bss)
    .bss                                     0x2000013c   Section      160  huidu.o(.bss)
    .bss                                     0x200001dc   Section       96  libspace.o(.bss)
    HEAP                                     0x20000240   Section      512  startup_stm32f10x_hd.o(HEAP)
    Heap_Mem                                 0x20000240   Data         512  startup_stm32f10x_hd.o(HEAP)
    STACK                                    0x20000440   Section     1024  startup_stm32f10x_hd.o(STACK)
    Stack_Mem                                0x20000440   Data        1024  startup_stm32f10x_hd.o(STACK)
    __initial_sp                             0x20000840   Data           0  startup_stm32f10x_hd.o(STACK)

    Global Symbols

    Symbol Name                              Value     Ov Type        Size  Object(Section)

    BuildAttributes$$THM_ISAv4$P$D$K$B$S$PE$A:L22UL41UL21$X:L11$S22US41US21$IEEE1$IW$USESV6$~STKCKD$USESV7$~SHL$OTIME$ROPI$IEEEJ$EBA8$UX$STANDARDLIB$REQ8$PRES8$EABIv2 0x00000000   Number         0  anon$$obj.o ABSOLUTE
    __ARM_use_no_argv                        0x00000000   Number         0  main.o ABSOLUTE
    _printf_flags                            0x00000000   Number         0  printf_stubs.o ABSOLUTE
    _printf_return_value                     0x00000000   Number         0  printf_stubs.o ABSOLUTE
    _printf_sizespec                         0x00000000   Number         0  printf_stubs.o ABSOLUTE
    _printf_widthprec                        0x00000000   Number         0  printf_stubs.o ABSOLUTE
    __ARM_exceptions_init                     - Undefined Weak Reference
    __alloca_initialize                       - Undefined Weak Reference
    __arm_preinit_                            - Undefined Weak Reference
    __cpp_initialize__aeabi_                  - Undefined Weak Reference
    __cxa_finalize                            - Undefined Weak Reference
    __sigvec_lookup                           - Undefined Weak Reference
    _atexit_init                              - Undefined Weak Reference
    _call_atexit_fns                          - Undefined Weak Reference
    _clock_init                               - Undefined Weak Reference
    _fp_trap_init                             - Undefined Weak Reference
    _fp_trap_shutdown                         - Undefined Weak Reference
    _get_lc_collate                           - Undefined Weak Reference
    _get_lc_monetary                          - Undefined Weak Reference
    _get_lc_time                              - Undefined Weak Reference
    _getenv_init                              - Undefined Weak Reference
    _handle_redirection                       - Undefined Weak Reference
    _init_alloc                               - Undefined Weak Reference
    _init_user_alloc                          - Undefined Weak Reference
    _initio                                   - Undefined Weak Reference
    _printf_fp_hex                            - Undefined Weak Reference
    _printf_mbtowc                            - Undefined Weak Reference
    _printf_wc                                - Undefined Weak Reference
    _rand_init                                - Undefined Weak Reference
    _signal_finish                            - Undefined Weak Reference
    _signal_init                              - Undefined Weak Reference
    _terminate_alloc                          - Undefined Weak Reference
    _terminate_user_alloc                     - Undefined Weak Reference
    _terminateio                              - Undefined Weak Reference
    __Vectors_Size                           0x00000130   Number         0  startup_stm32f10x_hd.o ABSOLUTE
    __Vectors                                0x08000000   Data           4  startup_stm32f10x_hd.o(RESET)
    __Vectors_End                            0x08000130   Data           0  startup_stm32f10x_hd.o(RESET)
    __main                                   0x08000131   Thumb Code     8  __main.o(!!!main)
    __scatterload                            0x08000139   Thumb Code     0  __scatter.o(!!!scatter)
    __scatterload_rt2                        0x08000139   Thumb Code    44  __scatter.o(!!!scatter)
    __scatterload_rt2_thumb_only             0x08000139   Thumb Code     0  __scatter.o(!!!scatter)
    __scatterload_null                       0x08000147   Thumb Code     0  __scatter.o(!!!scatter)
    __scatterload_copy                       0x0800016d   Thumb Code    26  __scatter_copy.o(!!handler_copy)
    __scatterload_zeroinit                   0x08000189   Thumb Code    28  __scatter_zi.o(!!handler_zi)
    __rt_lib_init                            0x080001a5   Thumb Code     0  libinit.o(.ARM.Collect$$libinit$$00000000)
    __rt_lib_init_alloca_1                   0x080001a7   Thumb Code     0  libinit2.o(.ARM.Collect$$libinit$$0000002E)
    __rt_lib_init_argv_1                     0x080001a7   Thumb Code     0  libinit2.o(.ARM.Collect$$libinit$$0000002C)
    __rt_lib_init_atexit_1                   0x080001a7   Thumb Code     0  libinit2.o(.ARM.Collect$$libinit$$0000001B)
    __rt_lib_init_clock_1                    0x080001a7   Thumb Code     0  libinit2.o(.ARM.Collect$$libinit$$00000021)
    __rt_lib_init_cpp_1                      0x080001a7   Thumb Code     0  libinit2.o(.ARM.Collect$$libinit$$00000032)
    __rt_lib_init_exceptions_1               0x080001a7   Thumb Code     0  libinit2.o(.ARM.Collect$$libinit$$00000030)
    __rt_lib_init_fp_1                       0x080001a7   Thumb Code     0  libinit2.o(.ARM.Collect$$libinit$$00000002)
    __rt_lib_init_fp_trap_1                  0x080001a7   Thumb Code     0  libinit2.o(.ARM.Collect$$libinit$$0000001F)
    __rt_lib_init_getenv_1                   0x080001a7   Thumb Code     0  libinit2.o(.ARM.Collect$$libinit$$00000023)
    __rt_lib_init_heap_1                     0x080001a7   Thumb Code     0  libinit2.o(.ARM.Collect$$libinit$$0000000A)
    __rt_lib_init_lc_collate_1               0x080001a7   Thumb Code     0  libinit2.o(.ARM.Collect$$libinit$$00000011)
    __rt_lib_init_lc_ctype_1                 0x080001a7   Thumb Code     0  libinit2.o(.ARM.Collect$$libinit$$00000013)
    __rt_lib_init_lc_monetary_1              0x080001a7   Thumb Code     0  libinit2.o(.ARM.Collect$$libinit$$00000015)
    __rt_lib_init_lc_numeric_1               0x080001a7   Thumb Code     0  libinit2.o(.ARM.Collect$$libinit$$00000017)
    __rt_lib_init_lc_time_1                  0x080001a7   Thumb Code     0  libinit2.o(.ARM.Collect$$libinit$$00000019)
    __rt_lib_init_preinit_1                  0x080001a7   Thumb Code     0  libinit2.o(.ARM.Collect$$libinit$$00000004)
    __rt_lib_init_rand_1                     0x080001a7   Thumb Code     0  libinit2.o(.ARM.Collect$$libinit$$0000000E)
    __rt_lib_init_return                     0x080001a7   Thumb Code     0  libinit2.o(.ARM.Collect$$libinit$$00000033)
    __rt_lib_init_signal_1                   0x080001a7   Thumb Code     0  libinit2.o(.ARM.Collect$$libinit$$0000001D)
    __rt_lib_init_stdio_1                    0x080001a7   Thumb Code     0  libinit2.o(.ARM.Collect$$libinit$$00000025)
    __rt_lib_init_user_alloc_1               0x080001a7   Thumb Code     0  libinit2.o(.ARM.Collect$$libinit$$0000000C)
    __rt_lib_shutdown                        0x080001a9   Thumb Code     0  libshutdown.o(.ARM.Collect$$libshutdown$$00000000)
    __rt_lib_shutdown_fp_trap_1              0x080001ab   Thumb Code     0  libshutdown2.o(.ARM.Collect$$libshutdown$$00000006)
    __rt_lib_shutdown_heap_1                 0x080001ab   Thumb Code     0  libshutdown2.o(.ARM.Collect$$libshutdown$$0000000E)
    __rt_lib_shutdown_return                 0x080001ab   Thumb Code     0  libshutdown2.o(.ARM.Collect$$libshutdown$$0000000F)
    __rt_lib_shutdown_signal_1               0x080001ab   Thumb Code     0  libshutdown2.o(.ARM.Collect$$libshutdown$$00000009)
    __rt_lib_shutdown_stdio_1                0x080001ab   Thumb Code     0  libshutdown2.o(.ARM.Collect$$libshutdown$$00000003)
    __rt_lib_shutdown_user_alloc_1           0x080001ab   Thumb Code     0  libshutdown2.o(.ARM.Collect$$libshutdown$$0000000B)
    __rt_entry                               0x080001ad   Thumb Code     0  __rtentry.o(.ARM.Collect$$rtentry$$00000000)
    __rt_entry_presh_1                       0x080001ad   Thumb Code     0  __rtentry2.o(.ARM.Collect$$rtentry$$00000002)
    __rt_entry_sh                            0x080001ad   Thumb Code     0  __rtentry4.o(.ARM.Collect$$rtentry$$00000004)
    __rt_entry_li                            0x080001b3   Thumb Code     0  __rtentry2.o(.ARM.Collect$$rtentry$$0000000A)
    __rt_entry_postsh_1                      0x080001b3   Thumb Code     0  __rtentry2.o(.ARM.Collect$$rtentry$$00000009)
    __rt_entry_main                          0x080001b7   Thumb Code     0  __rtentry2.o(.ARM.Collect$$rtentry$$0000000D)
    __rt_entry_postli_1                      0x080001b7   Thumb Code     0  __rtentry2.o(.ARM.Collect$$rtentry$$0000000C)
    __rt_exit                                0x080001bf   Thumb Code     0  rtexit.o(.ARM.Collect$$rtexit$$00000000)
    __rt_exit_ls                             0x080001c1   Thumb Code     0  rtexit2.o(.ARM.Collect$$rtexit$$00000003)
    __rt_exit_prels_1                        0x080001c1   Thumb Code     0  rtexit2.o(.ARM.Collect$$rtexit$$00000002)
    __rt_exit_exit                           0x080001c5   Thumb Code     0  rtexit2.o(.ARM.Collect$$rtexit$$00000004)
    Reset_Handler                            0x080001cd   Thumb Code     8  startup_stm32f10x_hd.o(.text)
    ADC1_2_IRQHandler                        0x080001e7   Thumb Code     0  startup_stm32f10x_hd.o(.text)
    ADC3_IRQHandler                          0x080001e7   Thumb Code     0  startup_stm32f10x_hd.o(.text)
    CAN1_RX1_IRQHandler                      0x080001e7   Thumb Code     0  startup_stm32f10x_hd.o(.text)
    CAN1_SCE_IRQHandler                      0x080001e7   Thumb Code     0  startup_stm32f10x_hd.o(.text)
    DMA1_Channel1_IRQHandler                 0x080001e7   Thumb Code     0  startup_stm32f10x_hd.o(.text)
    DMA1_Channel2_IRQHandler                 0x080001e7   Thumb Code     0  startup_stm32f10x_hd.o(.text)
    DMA1_Channel3_IRQHandler                 0x080001e7   Thumb Code     0  startup_stm32f10x_hd.o(.text)
    DMA1_Channel4_IRQHandler                 0x080001e7   Thumb Code     0  startup_stm32f10x_hd.o(.text)
    DMA1_Channel5_IRQHandler                 0x080001e7   Thumb Code     0  startup_stm32f10x_hd.o(.text)
    DMA1_Channel7_IRQHandler                 0x080001e7   Thumb Code     0  startup_stm32f10x_hd.o(.text)
    DMA2_Channel1_IRQHandler                 0x080001e7   Thumb Code     0  startup_stm32f10x_hd.o(.text)
    DMA2_Channel2_IRQHandler                 0x080001e7   Thumb Code     0  startup_stm32f10x_hd.o(.text)
    DMA2_Channel3_IRQHandler                 0x080001e7   Thumb Code     0  startup_stm32f10x_hd.o(.text)
    DMA2_Channel4_5_IRQHandler               0x080001e7   Thumb Code     0  startup_stm32f10x_hd.o(.text)
    EXTI0_IRQHandler                         0x080001e7   Thumb Code     0  startup_stm32f10x_hd.o(.text)
    EXTI15_10_IRQHandler                     0x080001e7   Thumb Code     0  startup_stm32f10x_hd.o(.text)
    EXTI1_IRQHandler                         0x080001e7   Thumb Code     0  startup_stm32f10x_hd.o(.text)
    EXTI2_IRQHandler                         0x080001e7   Thumb Code     0  startup_stm32f10x_hd.o(.text)
    EXTI3_IRQHandler                         0x080001e7   Thumb Code     0  startup_stm32f10x_hd.o(.text)
    EXTI4_IRQHandler                         0x080001e7   Thumb Code     0  startup_stm32f10x_hd.o(.text)
    EXTI9_5_IRQHandler                       0x080001e7   Thumb Code     0  startup_stm32f10x_hd.o(.text)
    FLASH_IRQHandler                         0x080001e7   Thumb Code     0  startup_stm32f10x_hd.o(.text)
    FSMC_IRQHandler                          0x080001e7   Thumb Code     0  startup_stm32f10x_hd.o(.text)
    I2C1_ER_IRQHandler                       0x080001e7   Thumb Code     0  startup_stm32f10x_hd.o(.text)
    I2C1_EV_IRQHandler                       0x080001e7   Thumb Code     0  startup_stm32f10x_hd.o(.text)
    I2C2_ER_IRQHandler                       0x080001e7   Thumb Code     0  startup_stm32f10x_hd.o(.text)
    I2C2_EV_IRQHandler                       0x080001e7   Thumb Code     0  startup_stm32f10x_hd.o(.text)
    PVD_IRQHandler                           0x080001e7   Thumb Code     0  startup_stm32f10x_hd.o(.text)
    RCC_IRQHandler                           0x080001e7   Thumb Code     0  startup_stm32f10x_hd.o(.text)
    RTCAlarm_IRQHandler                      0x080001e7   Thumb Code     0  startup_stm32f10x_hd.o(.text)
    RTC_IRQHandler                           0x080001e7   Thumb Code     0  startup_stm32f10x_hd.o(.text)
    SDIO_IRQHandler                          0x080001e7   Thumb Code     0  startup_stm32f10x_hd.o(.text)
    SPI1_IRQHandler                          0x080001e7   Thumb Code     0  startup_stm32f10x_hd.o(.text)
    SPI2_IRQHandler                          0x080001e7   Thumb Code     0  startup_stm32f10x_hd.o(.text)
    SPI3_IRQHandler                          0x080001e7   Thumb Code     0  startup_stm32f10x_hd.o(.text)
    TAMPER_IRQHandler                        0x080001e7   Thumb Code     0  startup_stm32f10x_hd.o(.text)
    TIM1_BRK_IRQHandler                      0x080001e7   Thumb Code     0  startup_stm32f10x_hd.o(.text)
    TIM1_CC_IRQHandler                       0x080001e7   Thumb Code     0  startup_stm32f10x_hd.o(.text)
    TIM1_TRG_COM_IRQHandler                  0x080001e7   Thumb Code     0  startup_stm32f10x_hd.o(.text)
    TIM1_UP_IRQHandler                       0x080001e7   Thumb Code     0  startup_stm32f10x_hd.o(.text)
    TIM2_IRQHandler                          0x080001e7   Thumb Code     0  startup_stm32f10x_hd.o(.text)
    TIM3_IRQHandler                          0x080001e7   Thumb Code     0  startup_stm32f10x_hd.o(.text)
    TIM4_IRQHandler                          0x080001e7   Thumb Code     0  startup_stm32f10x_hd.o(.text)
    TIM7_IRQHandler                          0x080001e7   Thumb Code     0  startup_stm32f10x_hd.o(.text)
    TIM8_BRK_IRQHandler                      0x080001e7   Thumb Code     0  startup_stm32f10x_hd.o(.text)
    TIM8_CC_IRQHandler                       0x080001e7   Thumb Code     0  startup_stm32f10x_hd.o(.text)
    TIM8_TRG_COM_IRQHandler                  0x080001e7   Thumb Code     0  startup_stm32f10x_hd.o(.text)
    TIM8_UP_IRQHandler                       0x080001e7   Thumb Code     0  startup_stm32f10x_hd.o(.text)
    UART4_IRQHandler                         0x080001e7   Thumb Code     0  startup_stm32f10x_hd.o(.text)
    UART5_IRQHandler                         0x080001e7   Thumb Code     0  startup_stm32f10x_hd.o(.text)
    USART1_IRQHandler                        0x080001e7   Thumb Code     0  startup_stm32f10x_hd.o(.text)
    USART2_IRQHandler                        0x080001e7   Thumb Code     0  startup_stm32f10x_hd.o(.text)
    USBWakeUp_IRQHandler                     0x080001e7   Thumb Code     0  startup_stm32f10x_hd.o(.text)
    WWDG_IRQHandler                          0x080001e7   Thumb Code     0  startup_stm32f10x_hd.o(.text)
    __user_initial_stackheap                 0x080001e9   Thumb Code     0  startup_stm32f10x_hd.o(.text)
    __use_two_region_memory                  0x0800020d   Thumb Code     2  heapauxi.o(.text)
    __rt_heap_escrow$2region                 0x0800020f   Thumb Code     2  heapauxi.o(.text)
    __rt_heap_expand$2region                 0x08000211   Thumb Code     2  heapauxi.o(.text)
    __user_setup_stackheap                   0x08000213   Thumb Code    74  sys_stackheap_outer.o(.text)
    exit                                     0x0800025d   Thumb Code    12  exit.o(.text)
    __user_libspace                          0x08000269   Thumb Code     8  libspace.o(.text)
    __user_perproc_libspace                  0x08000269   Thumb Code     0  libspace.o(.text)
    __user_perthread_libspace                0x08000269   Thumb Code     0  libspace.o(.text)
    _sys_exit                                0x08000271   Thumb Code     8  sys_exit.o(.text)
    __I$use$semihosting                      0x0800027d   Thumb Code     0  use_no_semi.o(.text)
    __use_no_semihosting_swi                 0x0800027d   Thumb Code     2  use_no_semi.o(.text)
    __semihosting_library_function           0x0800027f   Thumb Code     0  indicate_semi.o(.text)
    Beep_On_Off                              0x08000281   Thumb Code    30  led.o(i.Beep_On_Off)
    BusFault_Handler                         0x080002a5   Thumb Code     4  stm32f10x_it.o(i.BusFault_Handler)
    CAN_ClearITPendingBit                    0x080002a9   Thumb Code   162  stm32f10x_can.o(i.CAN_ClearITPendingBit)
    CAN_FilterInit                           0x08000351   Thumb Code   258  stm32f10x_can.o(i.CAN_FilterInit)
    CAN_GetITStatus                          0x08000459   Thumb Code   284  stm32f10x_can.o(i.CAN_GetITStatus)
    CAN_ITConfig                             0x08000579   Thumb Code    18  stm32f10x_can.o(i.CAN_ITConfig)
    CAN_Init                                 0x0800058b   Thumb Code   276  stm32f10x_can.o(i.CAN_Init)
    CAN_Mode_Init                            0x080006a1   Thumb Code   262  motor.o(i.CAN_Mode_Init)
    CAN_Receive                              0x080007b1   Thumb Code   240  stm32f10x_can.o(i.CAN_Receive)
    CAN_Transmit                             0x080008a1   Thumb Code   294  stm32f10x_can.o(i.CAN_Transmit)
    CM1speedPID_Calculation                  0x080009c9   Thumb Code   240  pid.o(i.CM1speedPID_Calculation)
    CM2speedPID_Calculation                  0x08000ac5   Thumb Code   240  pid.o(i.CM2speedPID_Calculation)
    CMControl                                0x08000bc1   Thumb Code   218  pid.o(i.CMControl)
    DMA1_Channel6_IRQHandler                 0x08000cdd   Thumb Code    28  remote.o(i.DMA1_Channel6_IRQHandler)
    DMA_ClearFlag                            0x08000cfd   Thumb Code    18  stm32f10x_dma.o(i.DMA_ClearFlag)
    DMA_ClearITPendingBit                    0x08000d19   Thumb Code    18  stm32f10x_dma.o(i.DMA_ClearITPendingBit)
    DMA_Cmd                                  0x08000d35   Thumb Code    24  stm32f10x_dma.o(i.DMA_Cmd)
    DMA_DeInit                               0x08000d4d   Thumb Code   324  stm32f10x_dma.o(i.DMA_DeInit)
    DMA_GetITStatus                          0x08000e99   Thumb Code    36  stm32f10x_dma.o(i.DMA_GetITStatus)
    DMA_ITConfig                             0x08000ec5   Thumb Code    18  stm32f10x_dma.o(i.DMA_ITConfig)
    DMA_Init                                 0x08000ed7   Thumb Code    60  stm32f10x_dma.o(i.DMA_Init)
    DebugMon_Handler                         0x08000f13   Thumb Code     2  stm32f10x_it.o(i.DebugMon_Handler)
    GPIO_Init                                0x08000f15   Thumb Code   278  stm32f10x_gpio.o(i.GPIO_Init)
    GPIO_PinRemapConfig                      0x0800102d   Thumb Code   138  stm32f10x_gpio.o(i.GPIO_PinRemapConfig)
    GPIO_ReadInputDataBit                    0x080010bd   Thumb Code    18  stm32f10x_gpio.o(i.GPIO_ReadInputDataBit)
    GPIO_ResetBits                           0x080010cf   Thumb Code     4  stm32f10x_gpio.o(i.GPIO_ResetBits)
    GPIO_SetBits                             0x080010d3   Thumb Code     4  stm32f10x_gpio.o(i.GPIO_SetBits)
    HardFault_Handler                        0x080010d7   Thumb Code     4  stm32f10x_it.o(i.HardFault_Handler)
    HuiduPidCalcuation                       0x080010dd   Thumb Code   228  pid.o(i.HuiduPidCalcuation)
    IIC_Start                                0x080011cd   Thumb Code    36  oled.o(i.IIC_Start)
    IIC_Stop                                 0x080011f5   Thumb Code    28  oled.o(i.IIC_Stop)
    IIC_Wait_Ack                             0x08001215   Thumb Code    20  oled.o(i.IIC_Wait_Ack)
    KEY_Init                                 0x0800122d   Thumb Code    34  key.o(i.KEY_Init)
    KEY_Scan                                 0x08001255   Thumb Code   262  key.o(i.KEY_Scan)
    LED_On_Off                               0x08001365   Thumb Code    56  led.o(i.LED_On_Off)
    Ledbeep_init                             0x080013a5   Thumb Code   142  led.o(i.Ledbeep_init)
    MemManage_Handler                        0x08001441   Thumb Code     4  stm32f10x_it.o(i.MemManage_Handler)
    NMI_Handler                              0x08001445   Thumb Code     2  stm32f10x_it.o(i.NMI_Handler)
    NVIC_Init                                0x08001449   Thumb Code   100  misc.o(i.NVIC_Init)
    NVIC_PriorityGroupConfig                 0x080014b9   Thumb Code    10  misc.o(i.NVIC_PriorityGroupConfig)
    OLED_Clear                               0x080014cd   Thumb Code    62  oled.o(i.OLED_Clear)
    OLED_Init                                0x0800150d   Thumb Code   268  oled.o(i.OLED_Init)
    OLED_Set_Pos                             0x0800161d   Thumb Code    40  oled.o(i.OLED_Set_Pos)
    OLED_ShowChar                            0x08001645   Thumb Code   154  oled.o(i.OLED_ShowChar)
    OLED_ShowNum                             0x080016e9   Thumb Code   136  oled.o(i.OLED_ShowNum)
    OLED_ShowString                          0x08001771   Thumb Code    58  oled.o(i.OLED_ShowString)
    OLED_WR_Byte                             0x080017ab   Thumb Code    24  oled.o(i.OLED_WR_Byte)
    PID_init                                 0x080017c5   Thumb Code    44  pid.o(i.PID_init)
    PendSV_Handler                           0x08001815   Thumb Code     2  stm32f10x_it.o(i.PendSV_Handler)
    RCC_AHBPeriphClockCmd                    0x08001819   Thumb Code    26  stm32f10x_rcc.o(i.RCC_AHBPeriphClockCmd)
    RCC_APB1PeriphClockCmd                   0x08001839   Thumb Code    26  stm32f10x_rcc.o(i.RCC_APB1PeriphClockCmd)
    RCC_APB1PeriphResetCmd                   0x08001859   Thumb Code    26  stm32f10x_rcc.o(i.RCC_APB1PeriphResetCmd)
    RCC_APB2PeriphClockCmd                   0x08001879   Thumb Code    26  stm32f10x_rcc.o(i.RCC_APB2PeriphClockCmd)
    RCC_APB2PeriphResetCmd                   0x08001899   Thumb Code    26  stm32f10x_rcc.o(i.RCC_APB2PeriphResetCmd)
    RCC_GetClocksFreq                        0x080018b9   Thumb Code   192  stm32f10x_rcc.o(i.RCC_GetClocksFreq)
    RC_Init                                  0x0800198d   Thumb Code   242  remote.o(i.RC_Init)
    RemoteDataProcess                        0x08001a99   Thumb Code   100  remote.o(i.RemoteDataProcess)
    SVC_Handler                              0x08001b01   Thumb Code     2  stm32f10x_it.o(i.SVC_Handler)
    Set_CM_Speed                             0x08001bed   Thumb Code    70  motor.o(i.Set_CM_Speed)
    SysTick_Handler                          0x08001c35   Thumb Code    12  millisecondtimer.o(i.SysTick_Handler)
    SystemInit                               0x08001c45   Thumb Code    78  system_stm32f10x.o(i.SystemInit)
    TIM5_IRQHandler                          0x08001ca5   Thumb Code    30  timer.o(i.TIM5_IRQHandler)
    TIM5_Int_Init                            0x08001cc9   Thumb Code    90  timer.o(i.TIM5_Int_Init)
    TIM6_IRQHandler                          0x08001d29   Thumb Code    22  timer.o(i.TIM6_IRQHandler)
    TIM6_Int_Init                            0x08001d45   Thumb Code    88  timer.o(i.TIM6_Int_Init)
    TIM_ClearITPendingBit                    0x08001da1   Thumb Code     6  stm32f10x_tim.o(i.TIM_ClearITPendingBit)
    TIM_Cmd                                  0x08001da7   Thumb Code    24  stm32f10x_tim.o(i.TIM_Cmd)
    TIM_GetITStatus                          0x08001dbf   Thumb Code    34  stm32f10x_tim.o(i.TIM_GetITStatus)
    TIM_ITConfig                             0x08001de1   Thumb Code    18  stm32f10x_tim.o(i.TIM_ITConfig)
    TIM_TimeBaseInit                         0x08001df5   Thumb Code   122  stm32f10x_tim.o(i.TIM_TimeBaseInit)
    USART3_IRQHandler                        0x08001e99   Thumb Code   180  las_masure.o(i.USART3_IRQHandler)
    USART_ClearITPendingBit                  0x08001f65   Thumb Code    30  stm32f10x_usart.o(i.USART_ClearITPendingBit)
    USART_Cmd                                0x08001f83   Thumb Code    24  stm32f10x_usart.o(i.USART_Cmd)
    USART_DMACmd                             0x08001f9b   Thumb Code    18  stm32f10x_usart.o(i.USART_DMACmd)
    USART_DeInit                             0x08001fad   Thumb Code   134  stm32f10x_usart.o(i.USART_DeInit)
    USART_GetITStatus                        0x08002049   Thumb Code    84  stm32f10x_usart.o(i.USART_GetITStatus)
    USART_ITConfig                           0x0800209d   Thumb Code    74  stm32f10x_usart.o(i.USART_ITConfig)
    USART_Init                               0x080020e9   Thumb Code   210  stm32f10x_usart.o(i.USART_Init)
    USART_ReceiveData                        0x080021c1   Thumb Code    10  stm32f10x_usart.o(i.USART_ReceiveData)
    USB_HP_CAN1_TX_IRQHandler                0x080021cd   Thumb Code    22  motor.o(i.USB_HP_CAN1_TX_IRQHandler)
    USB_LP_CAN1_RX0_IRQHandler               0x080021e9   Thumb Code    94  motor.o(i.USB_LP_CAN1_RX0_IRQHandler)
    UsageFault_Handler                       0x08002255   Thumb Code     4  stm32f10x_it.o(i.UsageFault_Handler)
    Write_IIC_Byte                           0x08002259   Thumb Code    80  oled.o(i.Write_IIC_Byte)
    Write_IIC_Command                        0x080022ad   Thumb Code    44  oled.o(i.Write_IIC_Command)
    Write_IIC_Data                           0x080022d9   Thumb Code    44  oled.o(i.Write_IIC_Data)
    adcjihe                                  0x08002305   Thumb Code   306  huidu.o(i.adcjihe)
    delay                                    0x08002449   Thumb Code    18  millisecondtimer.o(i.delay)
    get_RPM                                  0x08002461   Thumb Code    66  kinematics.o(i.get_RPM)
    initialise                               0x080024b1   Thumb Code    90  millisecondtimer.o(i.initialise)
    las_Init                                 0x0800251d   Thumb Code   170  las_masure.o(i.las_Init)
    main                                     0x080025d1   Thumb Code   906  main.o(i.main)
    oled_pow                                 0x080029dd   Thumb Code    22  oled.o(i.oled_pow)
    usart1_Init                              0x080029f5   Thumb Code   152  usart1.o(i.usart1_Init)
    __aeabi_d2f                              0x08002a95   Thumb Code     0  d2f.o(x$fpl$d2f)
    _d2f                                     0x08002a95   Thumb Code    98  d2f.o(x$fpl$d2f)
    __aeabi_dadd                             0x08002af9   Thumb Code     0  daddsub_clz.o(x$fpl$dadd)
    _dadd                                    0x08002af9   Thumb Code   332  daddsub_clz.o(x$fpl$dadd)
    __fpl_dcmp_Inf                           0x08002c49   Thumb Code    24  dcmpi.o(x$fpl$dcmpinf)
    __aeabi_ddiv                             0x08002c61   Thumb Code     0  ddiv.o(x$fpl$ddiv)
    _ddiv                                    0x08002c61   Thumb Code   552  ddiv.o(x$fpl$ddiv)
    __aeabi_cdcmpeq                          0x08002f11   Thumb Code     0  deqf.o(x$fpl$deqf)
    _dcmpeq                                  0x08002f11   Thumb Code   120  deqf.o(x$fpl$deqf)
    __aeabi_d2iz                             0x08002f89   Thumb Code     0  dfix.o(x$fpl$dfix)
    _dfix                                    0x08002f89   Thumb Code    94  dfix.o(x$fpl$dfix)
    __aeabi_d2uiz                            0x08002fe9   Thumb Code     0  dfixu.o(x$fpl$dfixu)
    _dfixu                                   0x08002fe9   Thumb Code    90  dfixu.o(x$fpl$dfixu)
    __aeabi_i2d                              0x08003043   Thumb Code     0  dflt_clz.o(x$fpl$dflt)
    _dflt                                    0x08003043   Thumb Code    46  dflt_clz.o(x$fpl$dflt)
    __aeabi_ui2d                             0x08003071   Thumb Code     0  dflt_clz.o(x$fpl$dfltu)
    _dfltu                                   0x08003071   Thumb Code    38  dflt_clz.o(x$fpl$dfltu)
    __aeabi_cdcmple                          0x08003099   Thumb Code     0  dleqf.o(x$fpl$dleqf)
    _dcmple                                  0x08003099   Thumb Code   120  dleqf.o(x$fpl$dleqf)
    __fpl_dcmple_InfNaN                      0x080030fb   Thumb Code     0  dleqf.o(x$fpl$dleqf)
    __aeabi_dmul                             0x08003111   Thumb Code     0  dmul.o(x$fpl$dmul)
    _dmul                                    0x08003111   Thumb Code   332  dmul.o(x$fpl$dmul)
    __fpl_dnaninf                            0x08003265   Thumb Code   156  dnaninf.o(x$fpl$dnaninf)
    __fpl_dretinf                            0x08003301   Thumb Code    12  dretinf.o(x$fpl$dretinf)
    __aeabi_cdrcmple                         0x0800330d   Thumb Code     0  drleqf.o(x$fpl$drleqf)
    _drcmple                                 0x0800330d   Thumb Code   108  drleqf.o(x$fpl$drleqf)
    __aeabi_dsub                             0x08003379   Thumb Code     0  daddsub_clz.o(x$fpl$dsub)
    _dsub                                    0x08003379   Thumb Code   464  daddsub_clz.o(x$fpl$dsub)
    __aeabi_f2d                              0x0800354d   Thumb Code     0  f2d.o(x$fpl$f2d)
    _f2d                                     0x0800354d   Thumb Code    86  f2d.o(x$fpl$f2d)
    __aeabi_fadd                             0x080035a5   Thumb Code     0  faddsub_clz.o(x$fpl$fadd)
    _fadd                                    0x080035a5   Thumb Code   196  faddsub_clz.o(x$fpl$fadd)
    __aeabi_fdiv                             0x08003669   Thumb Code     0  fdiv.o(x$fpl$fdiv)
    _fdiv                                    0x08003669   Thumb Code   384  fdiv.o(x$fpl$fdiv)
    __aeabi_f2iz                             0x080037ed   Thumb Code     0  ffix.o(x$fpl$ffix)
    _ffix                                    0x080037ed   Thumb Code    54  ffix.o(x$fpl$ffix)
    __aeabi_i2f                              0x08003825   Thumb Code     0  fflt_clz.o(x$fpl$fflt)
    _fflt                                    0x08003825   Thumb Code    48  fflt_clz.o(x$fpl$fflt)
    __aeabi_fmul                             0x08003855   Thumb Code     0  fmul.o(x$fpl$fmul)
    _fmul                                    0x08003855   Thumb Code   258  fmul.o(x$fpl$fmul)
    __fpl_fnaninf                            0x08003957   Thumb Code   140  fnaninf.o(x$fpl$fnaninf)
    __fpl_fretinf                            0x080039e3   Thumb Code    10  fretinf.o(x$fpl$fretinf)
    __aeabi_fsub                             0x080039ed   Thumb Code     0  faddsub_clz.o(x$fpl$fsub)
    _fsub                                    0x080039ed   Thumb Code   234  faddsub_clz.o(x$fpl$fsub)
    F6x8                                     0x08003ad6   Data         552  oled.o(.constdata)
    __I$use$fp                               0x08003ad6   Number         0  usenofp.o(x$fpl$usenofp)
    F8X16                                    0x08003cfe   Data        1520  oled.o(.constdata)
    Region$$Table$$Base                      0x080042f0   Number         0  anon$$obj.o(Region$$Table)
    Region$$Table$$Limit                     0x08004310   Number         0  anon$$obj.o(Region$$Table)
    required_vel                             0x20000000   Data           8  main.o(.data)
    IsControlFinsh                           0x20000008   Data           1  main.o(.data)
    IsStop                                   0x20000009   Data           1  main.o(.data)
    target_position                          0x2000000a   Data           1  main.o(.data)
    position_x                               0x2000000b   Data           1  main.o(.data)
    position_y                               0x2000000c   Data           1  main.o(.data)
    orientation                              0x2000000d   Data           1  main.o(.data)
    target_position_x                        0x2000000e   Data           1  main.o(.data)
    target_position_y                        0x2000000f   Data           1  main.o(.data)
    stopping                                 0x20000010   Data           1  main.o(.data)
    key                                      0x20000011   Data           1  main.o(.data)
    IsHD                                     0x20000012   Data           1  main.o(.data)
    Obstacle                                 0x20000013   Data           1  main.o(.data)
    Distance                                 0x20000014   Data           2  main.o(.data)
    manu                                     0x20000016   Data           1  main.o(.data)
    SystemCoreClock                          0x20000018   Data           4  system_stm32f10x.o(.data)
    AHBPrescTable                            0x2000001c   Data          16  system_stm32f10x.o(.data)
    _counter                                 0x2000002c   Data           4  millisecondtimer.o(.data)
    motor1                                   0x20000044   Data           4  motor.o(.data)
    motor2                                   0x20000048   Data           4  motor.o(.data)
    motor3                                   0x2000004c   Data           4  motor.o(.data)
    motor4                                   0x20000050   Data           4  motor.o(.data)
    yt_motor1                                0x20000054   Data           4  motor.o(.data)
    yt_motor2                                0x20000058   Data           4  motor.o(.data)
    USART_RX_STA                             0x2000005c   Data           2  las_masure.o(.data)
    USART_RX_NUM                             0x2000005e   Data           2  las_masure.o(.data)
    MEASURE_BUF                              0x20000060   Data           5  las_masure.o(.data)
    Distance_data                            0x20000065   Data           5  las_masure.o(.data)
    USART3_BUFF                              0x2000006a   Data           8  las_masure.o(.data)
    las_mode                                 0x20000072   Data           1  las_masure.o(.data)
    localnum                                 0x2000007a   Data           2  huidu.o(.data)
    ADC_ConvertedValue                       0x2000007c   Data           8  huidu.o(.data)
    ADC_JIHE                                 0x20000084   Data           8  huidu.o(.data)
    IsMoveFinsh                              0x2000008c   Data           1  plan.o(.data)
    IsRotate                                 0x2000008d   Data           1  plan.o(.data)
    n                                        0x2000008e   Data           1  plan.o(.data)
    m                                        0x2000008f   Data           1  plan.o(.data)
    sx                                       0x20000090   Data           1  plan.o(.data)
    sy                                       0x20000091   Data           1  plan.o(.data)
    tx                                       0x20000092   Data           1  plan.o(.data)
    ty                                       0x20000093   Data           1  plan.o(.data)
    dirx                                     0x20000094   Data           4  plan.o(.data)
    diry                                     0x20000098   Data           4  plan.o(.data)
    s_PIDcm1                                 0x200000a0   Data          28  pid.o(.bss)
    s_PIDcm2                                 0x200000bc   Data          28  pid.o(.bss)
    huidu_PID                                0x200000d8   Data          28  pid.o(.bss)
    sbus_rx_buffer                           0x200000f4   Data          18  remote.o(.bss)
    RC_CtrlData                              0x20000106   Data          10  remote.o(.bss)
    DMA_InitStructure                        0x20000110   Data          44  remote.o(.bss)
    ADC_jihe                                 0x2000013c   Data         160  huidu.o(.bss)
    __libspace_start                         0x200001dc   Data          96  libspace.o(.bss)
    __temporary_stack_top$libspace           0x2000023c   Data           0  libspace.o(.bss)



==============================================================================

Memory Map of the image

  Image Entry point : 0x080001cd

  Load Region LR_1 (Base: 0x08000000, Size: 0x000043b0, Max: 0xffffffff, ABSOLUTE)

    Execution Region ER_RO (Base: 0x08000000, Size: 0x00004310, Max: 0xffffffff, ABSOLUTE)

    Base Addr    Size         Type   Attr      Idx    E Section Name        Object

    0x08000000   0x00000130   Data   RO          362    RESET               startup_stm32f10x_hd.o
    0x08000130   0x00000008   Code   RO         3934  * !!!main             c_w.l(__main.o)
    0x08000138   0x00000034   Code   RO         4317    !!!scatter          c_w.l(__scatter.o)
    0x0800016c   0x0000001a   Code   RO         4319    !!handler_copy      c_w.l(__scatter_copy.o)
    0x08000186   0x00000002   PAD
    0x08000188   0x0000001c   Code   RO         4321    !!handler_zi        c_w.l(__scatter_zi.o)
    0x080001a4   0x00000002   Code   RO         4179    .ARM.Collect$$libinit$$00000000  c_w.l(libinit.o)
    0x080001a6   0x00000000   Code   RO         4195    .ARM.Collect$$libinit$$00000002  c_w.l(libinit2.o)
    0x080001a6   0x00000000   Code   RO         4197    .ARM.Collect$$libinit$$00000004  c_w.l(libinit2.o)
    0x080001a6   0x00000000   Code   RO         4200    .ARM.Collect$$libinit$$0000000A  c_w.l(libinit2.o)
    0x080001a6   0x00000000   Code   RO         4202    .ARM.Collect$$libinit$$0000000C  c_w.l(libinit2.o)
    0x080001a6   0x00000000   Code   RO         4204    .ARM.Collect$$libinit$$0000000E  c_w.l(libinit2.o)
    0x080001a6   0x00000000   Code   RO         4207    .ARM.Collect$$libinit$$00000011  c_w.l(libinit2.o)
    0x080001a6   0x00000000   Code   RO         4209    .ARM.Collect$$libinit$$00000013  c_w.l(libinit2.o)
    0x080001a6   0x00000000   Code   RO         4211    .ARM.Collect$$libinit$$00000015  c_w.l(libinit2.o)
    0x080001a6   0x00000000   Code   RO         4213    .ARM.Collect$$libinit$$00000017  c_w.l(libinit2.o)
    0x080001a6   0x00000000   Code   RO         4215    .ARM.Collect$$libinit$$00000019  c_w.l(libinit2.o)
    0x080001a6   0x00000000   Code   RO         4217    .ARM.Collect$$libinit$$0000001B  c_w.l(libinit2.o)
    0x080001a6   0x00000000   Code   RO         4219    .ARM.Collect$$libinit$$0000001D  c_w.l(libinit2.o)
    0x080001a6   0x00000000   Code   RO         4221    .ARM.Collect$$libinit$$0000001F  c_w.l(libinit2.o)
    0x080001a6   0x00000000   Code   RO         4223    .ARM.Collect$$libinit$$00000021  c_w.l(libinit2.o)
    0x080001a6   0x00000000   Code   RO         4225    .ARM.Collect$$libinit$$00000023  c_w.l(libinit2.o)
    0x080001a6   0x00000000   Code   RO         4227    .ARM.Collect$$libinit$$00000025  c_w.l(libinit2.o)
    0x080001a6   0x00000000   Code   RO         4231    .ARM.Collect$$libinit$$0000002C  c_w.l(libinit2.o)
    0x080001a6   0x00000000   Code   RO         4233    .ARM.Collect$$libinit$$0000002E  c_w.l(libinit2.o)
    0x080001a6   0x00000000   Code   RO         4235    .ARM.Collect$$libinit$$00000030  c_w.l(libinit2.o)
    0x080001a6   0x00000000   Code   RO         4237    .ARM.Collect$$libinit$$00000032  c_w.l(libinit2.o)
    0x080001a6   0x00000002   Code   RO         4238    .ARM.Collect$$libinit$$00000033  c_w.l(libinit2.o)
    0x080001a8   0x00000002   Code   RO         4258    .ARM.Collect$$libshutdown$$00000000  c_w.l(libshutdown.o)
    0x080001aa   0x00000000   Code   RO         4272    .ARM.Collect$$libshutdown$$00000003  c_w.l(libshutdown2.o)
    0x080001aa   0x00000000   Code   RO         4275    .ARM.Collect$$libshutdown$$00000006  c_w.l(libshutdown2.o)
    0x080001aa   0x00000000   Code   RO         4278    .ARM.Collect$$libshutdown$$00000009  c_w.l(libshutdown2.o)
    0x080001aa   0x00000000   Code   RO         4280    .ARM.Collect$$libshutdown$$0000000B  c_w.l(libshutdown2.o)
    0x080001aa   0x00000000   Code   RO         4283    .ARM.Collect$$libshutdown$$0000000E  c_w.l(libshutdown2.o)
    0x080001aa   0x00000002   Code   RO         4284    .ARM.Collect$$libshutdown$$0000000F  c_w.l(libshutdown2.o)
    0x080001ac   0x00000000   Code   RO         3994    .ARM.Collect$$rtentry$$00000000  c_w.l(__rtentry.o)
    0x080001ac   0x00000000   Code   RO         4102    .ARM.Collect$$rtentry$$00000002  c_w.l(__rtentry2.o)
    0x080001ac   0x00000006   Code   RO         4114    .ARM.Collect$$rtentry$$00000004  c_w.l(__rtentry4.o)
    0x080001b2   0x00000000   Code   RO         4104    .ARM.Collect$$rtentry$$00000009  c_w.l(__rtentry2.o)
    0x080001b2   0x00000004   Code   RO         4105    .ARM.Collect$$rtentry$$0000000A  c_w.l(__rtentry2.o)
    0x080001b6   0x00000000   Code   RO         4107    .ARM.Collect$$rtentry$$0000000C  c_w.l(__rtentry2.o)
    0x080001b6   0x00000008   Code   RO         4108    .ARM.Collect$$rtentry$$0000000D  c_w.l(__rtentry2.o)
    0x080001be   0x00000002   Code   RO         4187    .ARM.Collect$$rtexit$$00000000  c_w.l(rtexit.o)
    0x080001c0   0x00000000   Code   RO         4240    .ARM.Collect$$rtexit$$00000002  c_w.l(rtexit2.o)
    0x080001c0   0x00000004   Code   RO         4241    .ARM.Collect$$rtexit$$00000003  c_w.l(rtexit2.o)
    0x080001c4   0x00000006   Code   RO         4242    .ARM.Collect$$rtexit$$00000004  c_w.l(rtexit2.o)
    0x080001ca   0x00000002   PAD
    0x080001cc   0x00000040   Code   RO          363  * .text               startup_stm32f10x_hd.o
    0x0800020c   0x00000006   Code   RO         3932    .text               c_w.l(heapauxi.o)
    0x08000212   0x0000004a   Code   RO         4133    .text               c_w.l(sys_stackheap_outer.o)
    0x0800025c   0x0000000c   Code   RO         4172    .text               c_w.l(exit.o)
    0x08000268   0x00000008   Code   RO         4184    .text               c_w.l(libspace.o)
    0x08000270   0x0000000c   Code   RO         4250    .text               c_w.l(sys_exit.o)
    0x0800027c   0x00000002   Code   RO         4261    .text               c_w.l(use_no_semi.o)
    0x0800027e   0x00000000   Code   RO         4263    .text               c_w.l(indicate_semi.o)
    0x0800027e   0x00000002   PAD
    0x08000280   0x00000024   Code   RO         3385    i.Beep_On_Off       led.o
    0x080002a4   0x00000004   Code   RO          193    i.BusFault_Handler  stm32f10x_it.o
    0x080002a8   0x000000a8   Code   RO          709    i.CAN_ClearITPendingBit  stm32f10x_can.o
    0x08000350   0x00000108   Code   RO          713    i.CAN_FilterInit    stm32f10x_can.o
    0x08000458   0x00000120   Code   RO          715    i.CAN_GetITStatus   stm32f10x_can.o
    0x08000578   0x00000012   Code   RO          719    i.CAN_ITConfig      stm32f10x_can.o
    0x0800058a   0x00000114   Code   RO          720    i.CAN_Init          stm32f10x_can.o
    0x0800069e   0x00000002   PAD
    0x080006a0   0x00000110   Code   RO         3338    i.CAN_Mode_Init     motor.o
    0x080007b0   0x000000f0   Code   RO          723    i.CAN_Receive       stm32f10x_can.o
    0x080008a0   0x00000126   Code   RO          728    i.CAN_Transmit      stm32f10x_can.o
    0x080009c6   0x00000002   PAD
    0x080009c8   0x000000fc   Code   RO         3409    i.CM1speedPID_Calculation  pid.o
    0x08000ac4   0x000000fc   Code   RO         3410    i.CM2speedPID_Calculation  pid.o
    0x08000bc0   0x00000108   Code   RO         3411    i.CMControl         pid.o
    0x08000cc8   0x00000012   Code   RO          731    i.CheckITStatus     stm32f10x_can.o
    0x08000cda   0x00000002   PAD
    0x08000cdc   0x00000020   Code   RO         3505    i.DMA1_Channel6_IRQHandler  remote.o
    0x08000cfc   0x0000001c   Code   RO         1096    i.DMA_ClearFlag     stm32f10x_dma.o
    0x08000d18   0x0000001c   Code   RO         1097    i.DMA_ClearITPendingBit  stm32f10x_dma.o
    0x08000d34   0x00000018   Code   RO         1098    i.DMA_Cmd           stm32f10x_dma.o
    0x08000d4c   0x0000014c   Code   RO         1099    i.DMA_DeInit        stm32f10x_dma.o
    0x08000e98   0x0000002c   Code   RO         1102    i.DMA_GetITStatus   stm32f10x_dma.o
    0x08000ec4   0x00000012   Code   RO         1103    i.DMA_ITConfig      stm32f10x_dma.o
    0x08000ed6   0x0000003c   Code   RO         1104    i.DMA_Init          stm32f10x_dma.o
    0x08000f12   0x00000002   Code   RO          194    i.DebugMon_Handler  stm32f10x_it.o
    0x08000f14   0x00000116   Code   RO         1522    i.GPIO_Init         stm32f10x_gpio.o
    0x0800102a   0x00000002   PAD
    0x0800102c   0x00000090   Code   RO         1524    i.GPIO_PinRemapConfig  stm32f10x_gpio.o
    0x080010bc   0x00000012   Code   RO         1526    i.GPIO_ReadInputDataBit  stm32f10x_gpio.o
    0x080010ce   0x00000004   Code   RO         1529    i.GPIO_ResetBits    stm32f10x_gpio.o
    0x080010d2   0x00000004   Code   RO         1530    i.GPIO_SetBits      stm32f10x_gpio.o
    0x080010d6   0x00000004   Code   RO          195    i.HardFault_Handler  stm32f10x_it.o
    0x080010da   0x00000002   PAD
    0x080010dc   0x000000f0   Code   RO         3412    i.HuiduPidCalcuation  pid.o
    0x080011cc   0x00000028   Code   RO         3629    i.IIC_Start         oled.o
    0x080011f4   0x00000020   Code   RO         3630    i.IIC_Stop          oled.o
    0x08001214   0x00000018   Code   RO         3631    i.IIC_Wait_Ack      oled.o
    0x0800122c   0x00000028   Code   RO         3867    i.KEY_Init          key.o
    0x08001254   0x00000110   Code   RO         3868    i.KEY_Scan          key.o
    0x08001364   0x00000040   Code   RO         3386    i.LED_On_Off        led.o
    0x080013a4   0x0000009c   Code   RO         3387    i.Ledbeep_init      led.o
    0x08001440   0x00000004   Code   RO          196    i.MemManage_Handler  stm32f10x_it.o
    0x08001444   0x00000002   Code   RO          197    i.NMI_Handler       stm32f10x_it.o
    0x08001446   0x00000002   PAD
    0x08001448   0x00000070   Code   RO          367    i.NVIC_Init         misc.o
    0x080014b8   0x00000014   Code   RO          368    i.NVIC_PriorityGroupConfig  misc.o
    0x080014cc   0x0000003e   Code   RO         3632    i.OLED_Clear        oled.o
    0x0800150a   0x00000002   PAD
    0x0800150c   0x00000110   Code   RO         3636    i.OLED_Init         oled.o
    0x0800161c   0x00000028   Code   RO         3638    i.OLED_Set_Pos      oled.o
    0x08001644   0x000000a4   Code   RO         3640    i.OLED_ShowChar     oled.o
    0x080016e8   0x00000088   Code   RO         3641    i.OLED_ShowNum      oled.o
    0x08001770   0x0000003a   Code   RO         3642    i.OLED_ShowString   oled.o
    0x080017aa   0x00000018   Code   RO         3643    i.OLED_WR_Byte      oled.o
    0x080017c2   0x00000002   PAD
    0x080017c4   0x00000050   Code   RO         3413    i.PID_init          pid.o
    0x08001814   0x00000002   Code   RO          198    i.PendSV_Handler    stm32f10x_it.o
    0x08001816   0x00000002   PAD
    0x08001818   0x00000020   Code   RO         1937    i.RCC_AHBPeriphClockCmd  stm32f10x_rcc.o
    0x08001838   0x00000020   Code   RO         1938    i.RCC_APB1PeriphClockCmd  stm32f10x_rcc.o
    0x08001858   0x00000020   Code   RO         1939    i.RCC_APB1PeriphResetCmd  stm32f10x_rcc.o
    0x08001878   0x00000020   Code   RO         1940    i.RCC_APB2PeriphClockCmd  stm32f10x_rcc.o
    0x08001898   0x00000020   Code   RO         1941    i.RCC_APB2PeriphResetCmd  stm32f10x_rcc.o
    0x080018b8   0x000000d4   Code   RO         1948    i.RCC_GetClocksFreq  stm32f10x_rcc.o
    0x0800198c   0x0000010c   Code   RO         3506    i.RC_Init           remote.o
    0x08001a98   0x00000068   Code   RO         3507    i.RemoteDataProcess  remote.o
    0x08001b00   0x00000002   Code   RO          199    i.SVC_Handler       stm32f10x_it.o
    0x08001b02   0x00000008   Code   RO          250    i.SetSysClock       system_stm32f10x.o
    0x08001b0a   0x00000002   PAD
    0x08001b0c   0x000000e0   Code   RO          251    i.SetSysClockTo72   system_stm32f10x.o
    0x08001bec   0x00000046   Code   RO         3339    i.Set_CM_Speed      motor.o
    0x08001c32   0x00000002   PAD
    0x08001c34   0x00000010   Code   RO          284    i.SysTick_Handler   millisecondtimer.o
    0x08001c44   0x00000060   Code   RO          253    i.SystemInit        system_stm32f10x.o
    0x08001ca4   0x00000024   Code   RO         3472    i.TIM5_IRQHandler   timer.o
    0x08001cc8   0x00000060   Code   RO         3473    i.TIM5_Int_Init     timer.o
    0x08001d28   0x0000001c   Code   RO         3474    i.TIM6_IRQHandler   timer.o
    0x08001d44   0x0000005c   Code   RO         3475    i.TIM6_Int_Init     timer.o
    0x08001da0   0x00000006   Code   RO         2567    i.TIM_ClearITPendingBit  stm32f10x_tim.o
    0x08001da6   0x00000018   Code   RO         2572    i.TIM_Cmd           stm32f10x_tim.o
    0x08001dbe   0x00000022   Code   RO         2593    i.TIM_GetITStatus   stm32f10x_tim.o
    0x08001de0   0x00000012   Code   RO         2597    i.TIM_ITConfig      stm32f10x_tim.o
    0x08001df2   0x00000002   PAD
    0x08001df4   0x000000a4   Code   RO         2643    i.TIM_TimeBaseInit  stm32f10x_tim.o
    0x08001e98   0x000000cc   Code   RO         3535    i.USART3_IRQHandler  las_masure.o
    0x08001f64   0x0000001e   Code   RO         3105    i.USART_ClearITPendingBit  stm32f10x_usart.o
    0x08001f82   0x00000018   Code   RO         3108    i.USART_Cmd         stm32f10x_usart.o
    0x08001f9a   0x00000012   Code   RO         3109    i.USART_DMACmd      stm32f10x_usart.o
    0x08001fac   0x0000009c   Code   RO         3110    i.USART_DeInit      stm32f10x_usart.o
    0x08002048   0x00000054   Code   RO         3112    i.USART_GetITStatus  stm32f10x_usart.o
    0x0800209c   0x0000004a   Code   RO         3114    i.USART_ITConfig    stm32f10x_usart.o
    0x080020e6   0x00000002   PAD
    0x080020e8   0x000000d8   Code   RO         3115    i.USART_Init        stm32f10x_usart.o
    0x080021c0   0x0000000a   Code   RO         3122    i.USART_ReceiveData  stm32f10x_usart.o
    0x080021ca   0x00000002   PAD
    0x080021cc   0x0000001c   Code   RO         3340    i.USB_HP_CAN1_TX_IRQHandler  motor.o
    0x080021e8   0x0000006c   Code   RO         3341    i.USB_LP_CAN1_RX0_IRQHandler  motor.o
    0x08002254   0x00000004   Code   RO          200    i.UsageFault_Handler  stm32f10x_it.o
    0x08002258   0x00000054   Code   RO         3644    i.Write_IIC_Byte    oled.o
    0x080022ac   0x0000002c   Code   RO         3645    i.Write_IIC_Command  oled.o
    0x080022d8   0x0000002c   Code   RO         3646    i.Write_IIC_Data    oled.o
    0x08002304   0x00000144   Code   RO         3777    i.adcjihe           huidu.o
    0x08002448   0x00000018   Code   RO          285    i.delay             millisecondtimer.o
    0x08002460   0x00000050   Code   RO         3451    i.get_RPM           kinematics.o
    0x080024b0   0x0000006c   Code   RO          286    i.initialise        millisecondtimer.o
    0x0800251c   0x000000b4   Code   RO         3536    i.las_Init          las_masure.o
    0x080025d0   0x0000040c   Code   RO            2    i.main              main.o
    0x080029dc   0x00000016   Code   RO         3648    i.oled_pow          oled.o
    0x080029f2   0x00000002   PAD
    0x080029f4   0x000000a0   Code   RO         3565    i.usart1_Init       usart1.o
    0x08002a94   0x00000062   Code   RO         3936    x$fpl$d2f           fz_ws.l(d2f.o)
    0x08002af6   0x00000002   PAD
    0x08002af8   0x00000150   Code   RO         3938    x$fpl$dadd          fz_ws.l(daddsub_clz.o)
    0x08002c48   0x00000018   Code   RO         4088    x$fpl$dcmpinf       fz_ws.l(dcmpi.o)
    0x08002c60   0x000002b0   Code   RO         3945    x$fpl$ddiv          fz_ws.l(ddiv.o)
    0x08002f10   0x00000078   Code   RO         3948    x$fpl$deqf          fz_ws.l(deqf.o)
    0x08002f88   0x0000005e   Code   RO         3950    x$fpl$dfix          fz_ws.l(dfix.o)
    0x08002fe6   0x00000002   PAD
    0x08002fe8   0x0000005a   Code   RO         3954    x$fpl$dfixu         fz_ws.l(dfixu.o)
    0x08003042   0x0000002e   Code   RO         3959    x$fpl$dflt          fz_ws.l(dflt_clz.o)
    0x08003070   0x00000026   Code   RO         3958    x$fpl$dfltu         fz_ws.l(dflt_clz.o)
    0x08003096   0x00000002   PAD
    0x08003098   0x00000078   Code   RO         3964    x$fpl$dleqf         fz_ws.l(dleqf.o)
    0x08003110   0x00000154   Code   RO         3966    x$fpl$dmul          fz_ws.l(dmul.o)
    0x08003264   0x0000009c   Code   RO         4090    x$fpl$dnaninf       fz_ws.l(dnaninf.o)
    0x08003300   0x0000000c   Code   RO         4092    x$fpl$dretinf       fz_ws.l(dretinf.o)
    0x0800330c   0x0000006c   Code   RO         3968    x$fpl$drleqf        fz_ws.l(drleqf.o)
    0x08003378   0x000001d4   Code   RO         3940    x$fpl$dsub          fz_ws.l(daddsub_clz.o)
    0x0800354c   0x00000056   Code   RO         3970    x$fpl$f2d           fz_ws.l(f2d.o)
    0x080035a2   0x00000002   PAD
    0x080035a4   0x000000c4   Code   RO         3972    x$fpl$fadd          fz_ws.l(faddsub_clz.o)
    0x08003668   0x00000184   Code   RO         3979    x$fpl$fdiv          fz_ws.l(fdiv.o)
    0x080037ec   0x00000036   Code   RO         3982    x$fpl$ffix          fz_ws.l(ffix.o)
    0x08003822   0x00000002   PAD
    0x08003824   0x00000030   Code   RO         3987    x$fpl$fflt          fz_ws.l(fflt_clz.o)
    0x08003854   0x00000102   Code   RO         3992    x$fpl$fmul          fz_ws.l(fmul.o)
    0x08003956   0x0000008c   Code   RO         4094    x$fpl$fnaninf       fz_ws.l(fnaninf.o)
    0x080039e2   0x0000000a   Code   RO         4096    x$fpl$fretinf       fz_ws.l(fretinf.o)
    0x080039ec   0x000000ea   Code   RO         3974    x$fpl$fsub          fz_ws.l(faddsub_clz.o)
    0x08003ad6   0x00000000   Code   RO         4100    x$fpl$usenofp       fz_ws.l(usenofp.o)
    0x08003ad6   0x00000818   Data   RO         3649    .constdata          oled.o
    0x080042ee   0x00000002   PAD
    0x080042f0   0x00000020   Data   RO         4315    Region$$Table       anon$$obj.o


    Execution Region ER_RW (Base: 0x20000000, Size: 0x000000a0, Max: 0xffffffff, ABSOLUTE)

    Base Addr    Size         Type   Attr      Idx    E Section Name        Object

    0x20000000   0x00000017   Data   RW            3    .data               main.o
    0x20000017   0x00000001   PAD
    0x20000018   0x00000014   Data   RW          254    .data               system_stm32f10x.o
    0x2000002c   0x00000004   Data   RW          289    .data               millisecondtimer.o
    0x20000030   0x00000014   Data   RW         1968    .data               stm32f10x_rcc.o
    0x20000044   0x00000018   Data   RW         3342    .data               motor.o
    0x2000005c   0x0000001d   Data   RW         3538    .data               las_masure.o
    0x20000079   0x00000001   PAD
    0x2000007a   0x00000012   Data   RW         3780    .data               huidu.o
    0x2000008c   0x00000010   Data   RW         3820    .data               plan.o
    0x2000009c   0x00000001   Data   RW         3869    .data               key.o


    Execution Region ER_ZI (Base: 0x200000a0, Size: 0x000007a0, Max: 0xffffffff, ABSOLUTE)

    Base Addr    Size         Type   Attr      Idx    E Section Name        Object

    0x200000a0   0x00000054   Zero   RW         3414    .bss                pid.o
    0x200000f4   0x00000048   Zero   RW         3508    .bss                remote.o
    0x2000013c   0x000000a0   Zero   RW         3779    .bss                huidu.o
    0x200001dc   0x00000060   Zero   RW         4185    .bss                c_w.l(libspace.o)
    0x2000023c   0x00000004   PAD
    0x20000240   0x00000200   Zero   RW          361    HEAP                startup_stm32f10x_hd.o
    0x20000440   0x00000400   Zero   RW          360    STACK               startup_stm32f10x_hd.o


==============================================================================

Image component sizes


      Code (inc. data)   RO Data    RW Data    ZI Data      Debug   Object Name

         0          0          0          0          0         32   core_cm3.o
       324         18          0         18        160       1370   huidu.o
       312         16          0          1          0       1198   key.o
        80         14          0          0          0        634   kinematics.o
       384         34          0         29          0       2508   las_masure.o
       256         28          0          0          0       1614   led.o
      1036        130          0         23          0      59903   main.o
       148         28          0          4          0     230389   millisecondtimer.o
       132         22          0          0          0       1575   misc.o
       478         30          0         24          0       3538   motor.o
      1046         30       2072          0          0       9312   oled.o
      1088        118          0          0         84       3710   pid.o
         0          0          0         16          0       1219   plan.o
       404         34          0          0         72       2976   remote.o
        64         26        304          0       1536        812   startup_stm32f10x_hd.o
      1566         16          0          0          0       6430   stm32f10x_can.o
       534         36          0          0          0       5755   stm32f10x_dma.o
       448          6          0          0          0       4542   stm32f10x_gpio.o
        24          0          0          0          0       3404   stm32f10x_it.o
       372         50          0         20          0       6260   stm32f10x_rcc.o
       246         42          0          0          0       3622   stm32f10x_tim.o
       612         28          0          0          0       6898   stm32f10x_usart.o
       328         28          0         20          0       2157   system_stm32f10x.o
       252         22          0          0          0       2220   timer.o
       160          8          0          0          0        690   usart1.o

    ----------------------------------------------------------------------
     10324        764       2410        160       1852     362768   Object Totals
         0          0         32          0          0          0   (incl. Generated)
        30          0          2          5          0          0   (incl. Padding)

    ----------------------------------------------------------------------

      Code (inc. data)   RO Data    RW Data    ZI Data      Debug   Library Member Name

         8          0          0          0          0         68   __main.o
         0          0          0          0          0          0   __rtentry.o
        12          0          0          0          0          0   __rtentry2.o
         6          0          0          0          0          0   __rtentry4.o
        52          8          0          0          0          0   __scatter.o
        26          0          0          0          0          0   __scatter_copy.o
        28          0          0          0          0          0   __scatter_zi.o
        12          0          0          0          0         72   exit.o
         6          0          0          0          0        152   heapauxi.o
         0          0          0          0          0          0   indicate_semi.o
         2          0          0          0          0          0   libinit.o
         2          0          0          0          0          0   libinit2.o
         2          0          0          0          0          0   libshutdown.o
         2          0          0          0          0          0   libshutdown2.o
         8          4          0          0         96         68   libspace.o
         2          0          0          0          0          0   rtexit.o
        10          0          0          0          0          0   rtexit2.o
        12          4          0          0          0         68   sys_exit.o
        74          0          0          0          0         80   sys_stackheap_outer.o
         2          0          0          0          0         68   use_no_semi.o
        98          4          0          0          0         92   d2f.o
       804         16          0          0          0        272   daddsub_clz.o
        24          0          0          0          0         68   dcmpi.o
       688        140          0          0          0        208   ddiv.o
       120          4          0          0          0         92   deqf.o
        94          4          0          0          0         92   dfix.o
        90          4          0          0          0         92   dfixu.o
        84          0          0          0          0        136   dflt_clz.o
       120          4          0          0          0         92   dleqf.o
       340         12          0          0          0        104   dmul.o
       156          4          0          0          0         92   dnaninf.o
        12          0          0          0          0         68   dretinf.o
       108          0          0          0          0         80   drleqf.o
        86          4          0          0          0         84   f2d.o
       430          8          0          0          0        168   faddsub_clz.o
       388         76          0          0          0         96   fdiv.o
        54          4          0          0          0         84   ffix.o
        48          0          0          0          0         68   fflt_clz.o
       258          4          0          0          0         84   fmul.o
       140          4          0          0          0         84   fnaninf.o
        10          0          0          0          0         68   fretinf.o
         0          0          0          0          0          0   usenofp.o

    ----------------------------------------------------------------------
      4434        308          0          0        100       2800   Library Totals
        16          0          0          0          4          0   (incl. Padding)

    ----------------------------------------------------------------------

      Code (inc. data)   RO Data    RW Data    ZI Data      Debug   Library Name

       266         16          0          0         96        576   c_w.l
      4152        292          0          0          0       2224   fz_ws.l

    ----------------------------------------------------------------------
      4434        308          0          0        100       2800   Library Totals

    ----------------------------------------------------------------------

==============================================================================


      Code (inc. data)   RO Data    RW Data    ZI Data      Debug   

     14758       1072       2410        160       1952     359376   Grand Totals
     14758       1072       2410        160       1952     359376   ELF Image Totals
     14758       1072       2410        160          0          0   ROM Totals

==============================================================================

    Total RO  Size (Code + RO Data)                17168 (  16.77kB)
    Total RW  Size (RW Data + ZI Data)              2112 (   2.06kB)
    Total ROM Size (Code + RO Data + RW Data)      17328 (  16.92kB)

==============================================================================

