Component: ARM Compiler 5.05 update 1 (build 106) Tool: armlink [4d0efa]

==============================================================================

Section Cross References

    main.o(i.main) refers to stm32f10x_rcc.o(i.RCC_APB2PeriphClockCmd) for RCC_APB2PeriphClockCmd
    main.o(i.main) refers to stm32f10x_gpio.o(i.GPIO_PinRemapConfig) for GPIO_PinRemapConfig
    main.o(i.main) refers to system_stm32f10x.o(i.SystemInit) for SystemInit
    main.o(i.main) refers to millisecondtimer.o(i.initialise) for initialise
    main.o(i.main) refers to misc.o(i.NVIC_PriorityGroupConfig) for NVIC_PriorityGroupConfig
    main.o(i.main) refers to usart1.o(i.usart1_Init) for usart1_Init
    main.o(i.main) refers to motor.o(i.CAN_Mode_Init) for CAN_Mode_Init
    main.o(i.main) refers to led.o(i.Ledbeep_init) for Ledbeep_init
    main.o(i.main) refers to remote.o(i.RC_Init) for RC_Init
    main.o(i.main) refers to oled.o(i.OLED_Init) for OLED_Init
    main.o(i.main) refers to las_masure.o(i.las_Init) for las_Init
    main.o(i.main) refers to pid.o(i.PID_init) for PID_init
    main.o(i.main) refers to huidu.o(i.huiductrlinit) for huiductrlinit
    main.o(i.main) refers to bottom_sensor.o(i.infrared_Init) for infrared_Init
    main.o(i.main) refers to key.o(i.KEY_Init) for KEY_Init
    main.o(i.main) refers to oled.o(i.OLED_Clear) for OLED_Clear
    main.o(i.main) refers to plan.o(i.path_Init) for path_Init
    main.o(i.main) refers to timer.o(i.TIM5_Int_Init) for TIM5_Int_Init
    main.o(i.main) refers to timer.o(i.TIM7_Int_Init) for TIM7_Int_Init
    main.o(i.main) refers to plan.o(i.begin) for begin
    main.o(i.main) refers to oled.o(i.OLED_SHOW_MANU) for OLED_SHOW_MANU
    main.o(i.main) refers to timer.o(i.TIM6_Int_Init) for TIM6_Int_Init
    main.o(i.main) refers to kinematics.o(i.waitingStop) for waitingStop
    main.o(i.main) refers to plan.o(i.MOVE) for MOVE
    main.o(i.main) refers to plan.o(i.path_cal) for path_cal
    main.o(i.main) refers to main.o(.data) for stopping
    main.o(i.main) refers to remote.o(.data) for IsRemote
    main.o(i.main) refers to plan.o(.data) for nexty
    system_stm32f10x.o(i.SetSysClock) refers to system_stm32f10x.o(i.SetSysClockTo72) for SetSysClockTo72
    system_stm32f10x.o(i.SystemCoreClockUpdate) refers to system_stm32f10x.o(.data) for SystemCoreClock
    system_stm32f10x.o(i.SystemInit) refers to system_stm32f10x.o(i.SetSysClock) for SetSysClock
    millisecondtimer.o(i.SysTick_Handler) refers to millisecondtimer.o(.data) for _counter
    millisecondtimer.o(i.delay) refers to millisecondtimer.o(.data) for _counter
    millisecondtimer.o(i.initialise) refers to millisecondtimer.o(.data) for _counter
    millisecondtimer.o(i.initialise) refers to system_stm32f10x.o(.data) for SystemCoreClock
    millisecondtimer.o(i.millis) refers to millisecondtimer.o(.data) for _counter
    millisecondtimer.o(i.reset) refers to millisecondtimer.o(.data) for _counter
    startup_stm32f10x_hd.o(STACK) refers (Special) to heapauxi.o(.text) for __use_two_region_memory
    startup_stm32f10x_hd.o(HEAP) refers (Special) to heapauxi.o(.text) for __use_two_region_memory
    startup_stm32f10x_hd.o(RESET) refers (Special) to heapauxi.o(.text) for __use_two_region_memory
    startup_stm32f10x_hd.o(RESET) refers to startup_stm32f10x_hd.o(STACK) for __initial_sp
    startup_stm32f10x_hd.o(RESET) refers to startup_stm32f10x_hd.o(.text) for Reset_Handler
    startup_stm32f10x_hd.o(RESET) refers to stm32f10x_it.o(i.NMI_Handler) for NMI_Handler
    startup_stm32f10x_hd.o(RESET) refers to stm32f10x_it.o(i.HardFault_Handler) for HardFault_Handler
    startup_stm32f10x_hd.o(RESET) refers to stm32f10x_it.o(i.MemManage_Handler) for MemManage_Handler
    startup_stm32f10x_hd.o(RESET) refers to stm32f10x_it.o(i.BusFault_Handler) for BusFault_Handler
    startup_stm32f10x_hd.o(RESET) refers to stm32f10x_it.o(i.UsageFault_Handler) for UsageFault_Handler
    startup_stm32f10x_hd.o(RESET) refers to stm32f10x_it.o(i.SVC_Handler) for SVC_Handler
    startup_stm32f10x_hd.o(RESET) refers to stm32f10x_it.o(i.DebugMon_Handler) for DebugMon_Handler
    startup_stm32f10x_hd.o(RESET) refers to stm32f10x_it.o(i.PendSV_Handler) for PendSV_Handler
    startup_stm32f10x_hd.o(RESET) refers to millisecondtimer.o(i.SysTick_Handler) for SysTick_Handler
    startup_stm32f10x_hd.o(RESET) refers to las_masure.o(i.DMA1_Channel3_IRQHandler) for DMA1_Channel3_IRQHandler
    startup_stm32f10x_hd.o(RESET) refers to remote.o(i.DMA1_Channel6_IRQHandler) for DMA1_Channel6_IRQHandler
    startup_stm32f10x_hd.o(RESET) refers to motor.o(i.USB_HP_CAN1_TX_IRQHandler) for USB_HP_CAN1_TX_IRQHandler
    startup_stm32f10x_hd.o(RESET) refers to motor.o(i.USB_LP_CAN1_RX0_IRQHandler) for USB_LP_CAN1_RX0_IRQHandler
    startup_stm32f10x_hd.o(RESET) refers to timer.o(i.TIM5_IRQHandler) for TIM5_IRQHandler
    startup_stm32f10x_hd.o(RESET) refers to timer.o(i.TIM6_IRQHandler) for TIM6_IRQHandler
[...]
    .ARM.Collect$$libinit$$0000000E          0x080001e6   Section        0  libinit2.o(.ARM.Collect$$libinit$$0000000E)
    .ARM.Collect$$libinit$$00000011          0x080001e6   Section        0  libinit2.o(.ARM.Collect$$libinit$$00000011)
    .ARM.Collect$$libinit$$00000013          0x080001e6   Section        0  libinit2.o(.ARM.Collect$$libinit$$00000013)
    .ARM.Collect$$libinit$$00000015          0x080001e6   Section        0  libinit2.o(.ARM.Collect$$libinit$$00000015)
    .ARM.Collect$$libinit$$00000017          0x080001e6   Section        0  libinit2.o(.ARM.Collect$$libinit$$00000017)
    .ARM.Collect$$libinit$$00000019          0x080001e6   Section        0  libinit2.o(.ARM.Collect$$libinit$$00000019)
    .ARM.Collect$$libinit$$0000001B          0x080001e6   Section        0  libinit2.o(.ARM.Collect$$libinit$$0000001B)
    .ARM.Collect$$libinit$$0000001D          0x080001e6   Section        0  libinit2.o(.ARM.Collect$$libinit$$0000001D)
    .ARM.Collect$$libinit$$0000001F          0x080001e6   Section        0  libinit2.o(.ARM.Collect$$libinit$$0000001F)
    .ARM.Collect$$libinit$$00000021          0x080001e6   Section        0  libinit2.o(.ARM.Collect$$libinit$$00000021)
    .ARM.Collect$$libinit$$00000023          0x080001e6   Section        0  libinit2.o(.ARM.Collect$$libinit$$00000023)
    .ARM.Collect$$libinit$$00000025          0x080001e6   Section        0  libinit2.o(.ARM.Collect$$libinit$$00000025)
    .ARM.Collect$$libinit$$0000002C          0x080001e6   Section        0  libinit2.o(.ARM.Collect$$libinit$$0000002C)
    .ARM.Collect$$libinit$$0000002E          0x080001e6   Section        0  libinit2.o(.ARM.Collect$$libinit$$0000002E)
    .ARM.Collect$$libinit$$00000030          0x080001e6   Section        0  libinit2.o(.ARM.Collect$$libinit$$00000030)
    .ARM.Collect$$libinit$$00000032          0x080001e6   Section        0  libinit2.o(.ARM.Collect$$libinit$$00000032)
    .ARM.Collect$$libinit$$00000033          0x080001e6   Section        2  libinit2.o(.ARM.Collect$$libinit$$00000033)
    .ARM.Collect$$libshutdown$$00000000      0x080001e8   Section        2  libshutdown.o(.ARM.Collect$$libshutdown$$00000000)
    .ARM.Collect$$libshutdown$$00000003      0x080001ea   Section        0  libshutdown2.o(.ARM.Collect$$libshutdown$$00000003)
    .ARM.Collect$$libshutdown$$00000006      0x080001ea   Section        0  libshutdown2.o(.ARM.Collect$$libshutdown$$00000006)
    .ARM.Collect$$libshutdown$$00000009      0x080001ea   Section        0  libshutdown2.o(.ARM.Collect$$libshutdown$$00000009)
    .ARM.Collect$$libshutdown$$0000000B      0x080001ea   Section        0  libshutdown2.o(.ARM.Collect$$libshutdown$$0000000B)
    .ARM.Collect$$libshutdown$$0000000E      0x080001ea   Section        0  libshutdown2.o(.ARM.Collect$$libshutdown$$0000000E)
    .ARM.Collect$$libshutdown$$0000000F      0x080001ea   Section        2  libshutdown2.o(.ARM.Collect$$libshutdown$$0000000F)
    .ARM.Collect$$rtentry$$00000000          0x080001ec   Section        0  __rtentry.o(.ARM.Collect$$rtentry$$00000000)
    .ARM.Collect$$rtentry$$00000002          0x080001ec   Section        0  __rtentry2.o(.ARM.Collect$$rtentry$$00000002)
    .ARM.Collect$$rtentry$$00000004          0x080001ec   Section        6  __rtentry4.o(.ARM.Collect$$rtentry$$00000004)
    .ARM.Collect$$rtentry$$00000009          0x080001f2   Section        0  __rtentry2.o(.ARM.Collect$$rtentry$$00000009)
    .ARM.Collect$$rtentry$$0000000A          0x080001f2   Section        4  __rtentry2.o(.ARM.Collect$$rtentry$$0000000A)
    .ARM.Collect$$rtentry$$0000000C          0x080001f6   Section        0  __rtentry2.o(.ARM.Collect$$rtentry$$0000000C)
    .ARM.Collect$$rtentry$$0000000D          0x080001f6   Section        8  __rtentry2.o(.ARM.Collect$$rtentry$$0000000D)
    .ARM.Collect$$rtexit$$00000000           0x080001fe   Section        2  rtexit.o(.ARM.Collect$$rtexit$$00000000)
    .ARM.Collect$$rtexit$$00000002           0x08000200   Section        0  rtexit2.o(.ARM.Collect$$rtexit$$00000002)
    .ARM.Collect$$rtexit$$00000003           0x08000200   Section        4  rtexit2.o(.ARM.Collect$$rtexit$$00000003)
    .ARM.Collect$$rtexit$$00000004           0x08000204   Section        6  rtexit2.o(.ARM.Collect$$rtexit$$00000004)
    .text                                    0x0800020c   Section       64  startup_stm32f10x_hd.o(.text)
    .text                                    0x0800024c   Section        0  strcpy.o(.text)
    .text                                    0x08000294   Section       16  aeabi_memset.o(.text)
    .text                                    0x080002a4   Section       68  rt_memclr.o(.text)
    .text                                    0x080002e8   Section        0  heapauxi.o(.text)
    .text                                    0x080002ee   Section       78  rt_memclr_w.o(.text)
    .text                                    0x0800033c   Section       74  sys_stackheap_outer.o(.text)
    .text                                    0x08000386   Section        0  exit.o(.text)
    .text                                    0x08000394   Section        8  libspace.o(.text)
    .text                                    0x0800039c   Section        0  sys_exit.o(.text)
    .text                                    0x080003a8   Section        2  use_no_semi.o(.text)
    .text                                    0x080003aa   Section        0  indicate_semi.o(.text)
    i.ADC_Cmd                                0x080003aa   Section        0  stm32f10x_adc.o(i.ADC_Cmd)
    i.ADC_DMACmd                             0x080003c0   Section        0  stm32f10x_adc.o(i.ADC_DMACmd)
    i.ADC_GPIO_Init                          0x080003d8   Section        0  huidu.o(i.ADC_GPIO_Init)
    i.ADC_GetCalibrationStatus               0x080003fc   Section        0  stm32f10x_adc.o(i.ADC_GetCalibrationStatus)
    i.ADC_GetResetCalibrationStatus          0x08000410   Section        0  stm32f10x_adc.o(i.ADC_GetResetCalibrationStatus)
    i.ADC_Init                               0x08000424   Section        0  stm32f10x_adc.o(i.ADC_Init)
    i.ADC_RegularChannelConfig               0x08000474   Section        0  stm32f10x_adc.o(i.ADC_RegularChannelConfig)
    i.ADC_ResetCalibration                   0x0800052c   Section        0  stm32f10x_adc.o(i.ADC_ResetCalibration)
    i.ADC_SoftwareStartConvCmd               0x08000536   Section        0  stm32f10x_adc.o(i.ADC_SoftwareStartConvCmd)
    i.ADC_StartCalibration                   0x0800054c   Section        0  stm32f10x_adc.o(i.ADC_StartCalibration)
    i.ADCx_Mode_Init                         0x08000558   Section        0  huidu.o(i.ADCx_Mode_Init)
    i.Beep_On_Off                            0x08000668   Section        0  led.o(i.Beep_On_Off)
    i.BusFault_Handler                       0x0800068c   Section        0  stm32f10x_it.o(i.BusFault_Handler)
    i.CAN_ClearITPendingBit                  0x08000690   Section        0  stm32f10x_can.o(i.CAN_ClearITPendingBit)
    i.CAN_FilterInit                         0x08000738   Section        0  stm32f10x_can.o(i.CAN_FilterInit)
    i.CAN_GetITStatus                        0x08000840   Section        0  stm32f10x_can.o(i.CAN_GetITStatus)
    i.CAN_ITConfig                           0x08000960   Section        0  stm32f10x_can.o(i.CAN_ITConfig)
    i.CAN_Init                               0x08000972   Section        0  stm32f10x_can.o(i.CAN_Init)
    i.CAN_Mode_Init                          0x08000a88   Section        0  motor.o(i.CAN_Mode_Init)
    i.CAN_Receive                            0x08000b98   Section        0  stm32f10x_can.o(i.CAN_Receive)
    i.CAN_Transmit                           0x08000c88   Section        0  stm32f10x_can.o(i.CAN_Transmit)
    i.CM1speedPID_Calculation                0x08000db0   Section        0  pid.o(i.CM1speedPID_Calculation)
    i.CM2speedPID_Calculation                0x08000eac   Section        0  pid.o(i.CM2speedPID_Calculation)
    i.CMControl                              0x08000fa8   Section        0  pid.o(i.CMControl)
    i.ChangeCoordinate                       0x08000fd4   Section        0  bottom_sensor.o(i.ChangeCoordinate)
    i.CheckITStatus                          0x08001158   Section        0  stm32f10x_can.o(i.CheckITStatus)
    CheckITStatus                            0x08001159   Thumb Code    18  stm32f10x_can.o(i.CheckITStatus)
    i.DMA1_Channel3_IRQHandler               0x0800116c   Section        0  las_masure.o(i.DMA1_Channel3_IRQHandler)
    i.DMA1_Channel6_IRQHandler               0x0800118c   Section        0  remote.o(i.DMA1_Channel6_IRQHandler)
    i.DMA_ClearFlag                          0x080011ac   Section        0  stm32f10x_dma.o(i.DMA_ClearFlag)
    i.DMA_ClearITPendingBit                  0x080011c8   Section        0  stm32f10x_dma.o(i.DMA_ClearITPendingBit)
    i.DMA_Cmd                                0x080011e4   Section        0  stm32f10x_dma.o(i.DMA_Cmd)
    i.DMA_DeInit                             0x080011fc   Section        0  stm32f10x_dma.o(i.DMA_DeInit)
    i.DMA_GetITStatus                        0x08001348   Section        0  stm32f10x_dma.o(i.DMA_GetITStatus)
    i.DMA_ITConfig                           0x08001374   Section        0  stm32f10x_dma.o(i.DMA_ITConfig)
    i.DMA_Init                               0x08001386   Section        0  stm32f10x_dma.o(i.DMA_Init)
    i.DebugMon_Handler                       0x080013c2   Section        0  stm32f10x_it.o(i.DebugMon_Handler)
    i.GPIO_Init                              0x080013c4   Section        0  stm32f10x_gpio.o(i.GPIO_Init)
    i.GPIO_PinRemapConfig                    0x080014dc   Section        0  stm32f10x_gpio.o(i.GPIO_PinRemapConfig)
    i.GPIO_ReadInputDataBit                  0x0800156c   Section        0  stm32f10x_gpio.o(i.GPIO_ReadInputDataBit)
    i.GPIO_ResetBits                         0x0800157e   Section        0  stm32f10x_gpio.o(i.GPIO_ResetBits)
    i.GPIO_SetBits                           0x08001582   Section        0  stm32f10x_gpio.o(i.GPIO_SetBits)
    i.HardFault_Handler                      0x08001586   Section        0  stm32f10x_it.o(i.HardFault_Handler)
    i.HuiduPidCalcuation                     0x0800158c   Section        0  pid.o(i.HuiduPidCalcuation)
    i.IIC_Start                              0x08001684   Section        0  oled.o(i.IIC_Start)
    i.IIC_Stop                               0x080016ac   Section        0  oled.o(i.IIC_Stop)
    i.IIC_Wait_Ack                           0x080016cc   Section        0  oled.o(i.IIC_Wait_Ack)
    i.KEY_Init                               0x080016e4   Section        0  key.o(i.KEY_Init)
    i.KEY_Scan                               0x0800170c   Section        0  key.o(i.KEY_Scan)
    i.LED_On_Off                             0x0800181c   Section        0  led.o(i.LED_On_Off)
    i.Ledbeep_init                           0x0800185c   Section        0  led.o(i.Ledbeep_init)
    i.MOVE                                   0x080018f8   Section        0  plan.o(i.MOVE)
    i.MemManage_Handler                      0x08001efc   Section        0  stm32f10x_it.o(i.MemManage_Handler)
    i.NMI_Handler                            0x08001f00   Section        0  stm32f10x_it.o(i.NMI_Handler)
    i.NVIC_Init                              0x08001f04   Section        0  misc.o(i.NVIC_Init)
    i.NVIC_PriorityGroupConfig               0x08001f74   Section        0  misc.o(i.NVIC_PriorityGroupConfig)
    i.OLED_Clear                             0x08001f88   Section        0  oled.o(i.OLED_Clear)
    i.OLED_Init                              0x08001fc8   Section        0  oled.o(i.OLED_Init)
    i.OLED_SHOW_MANU                         0x080020d8   Section        0  oled.o(i.OLED_SHOW_MANU)
    i.OLED_Set_Pos                           0x08002914   Section        0  oled.o(i.OLED_Set_Pos)
    i.OLED_ShowChar                          0x0800293c   Section        0  oled.o(i.OLED_ShowChar)
    i.OLED_ShowNum                           0x080029e0   Section        0  oled.o(i.OLED_ShowNum)
    i.OLED_ShowString                        0x08002a68   Section        0  oled.o(i.OLED_ShowString)
    i.OLED_WR_Byte                           0x08002aa2   Section        0  oled.o(i.OLED_WR_Byte)
    i.PID_init                               0x08002abc   Section        0  pid.o(i.PID_init)
    i.PendSV_Handler                         0x08002b00   Section        0  stm32f10x_it.o(i.PendSV_Handler)
    i.RCC_AHBPeriphClockCmd                  0x08002b04   Section        0  stm32f10x_rcc.o(i.RCC_AHBPeriphClockCmd)
    i.RCC_APB1PeriphClockCmd                 0x08002b24   Section        0  stm32f10x_rcc.o(i.RCC_APB1PeriphClockCmd)
    i.RCC_APB1PeriphResetCmd                 0x08002b44   Section        0  stm32f10x_rcc.o(i.RCC_APB1PeriphResetCmd)
    i.RCC_APB2PeriphClockCmd                 0x08002b64   Section        0  stm32f10x_rcc.o(i.RCC_APB2PeriphClockCmd)
    i.RCC_APB2PeriphResetCmd                 0x08002b84   Section        0  stm32f10x_rcc.o(i.RCC_APB2PeriphResetCmd)
    i.RCC_GetClocksFreq                      0x08002ba4   Section        0  stm32f10x_rcc.o(i.RCC_GetClocksFreq)
    i.RC_Init                                0x08002c78   Section        0  remote.o(i.RC_Init)
    i.ROTATE                                 0x08002d8c   Section        0  bottom_sensor.o(i.ROTATE)
    i.RemoteDataProcess                      0x08002e98   Section        0  remote.o(i.RemoteDataProcess)
    i.SVC_Handler                            0x08002f00   Section        0  stm32f10x_it.o(i.SVC_Handler)
    i.SetSysClock                            0x08002f02   Section        0  system_stm32f10x.o(i.SetSysClock)
    SetSysClock                              0x08002f03   Thumb Code     8  system_stm32f10x.o(i.SetSysClock)
    i.SetSysClockTo72                        0x08002f0c   Section        0  system_stm32f10x.o(i.SetSysClockTo72)
    SetSysClockTo72                          0x08002f0d   Thumb Code   214  system_stm32f10x.o(i.SetSysClockTo72)
    i.Set_CM_Speed                           0x08002fec   Section        0  motor.o(i.Set_CM_Speed)
    i.SysTick_Handler                        0x08003038   Section        0  millisecondtimer.o(i.SysTick_Handler)
    i.SystemInit                             0x08003048   Section        0  system_stm32f10x.o(i.SystemInit)
    i.TIM5_IRQHandler                        0x080030a8   Section        0  timer.o(i.TIM5_IRQHandler)
    i.TIM5_Int_Init                          0x080030c8   Section        0  timer.o(i.TIM5_Int_Init)
    i.TIM6_IRQHandler                        0x08003128   Section        0  timer.o(i.TIM6_IRQHandler)
    i.TIM6_Int_Init                          0x0800314c   Section        0  timer.o(i.TIM6_Int_Init)
    i.TIM7_IRQHandler                        0x080031ac   Section        0  timer.o(i.TIM7_IRQHandler)
    i.TIM7_Int_Init                          0x080031cc   Section        0  timer.o(i.TIM7_Int_Init)
    i.TIM_ClearITPendingBit                  0x08003228   Section        0  stm32f10x_tim.o(i.TIM_ClearITPendingBit)
    i.TIM_Cmd                                0x0800322e   Section        0  stm32f10x_tim.o(i.TIM_Cmd)
    i.TIM_GetITStatus                        0x08003246   Section        0  stm32f10x_tim.o(i.TIM_GetITStatus)
    i.TIM_ITConfig                           0x08003268   Section        0  stm32f10x_tim.o(i.TIM_ITConfig)
    i.TIM_TimeBaseInit                       0x0800327c   Section        0  stm32f10x_tim.o(i.TIM_TimeBaseInit)
    i.USART_Cmd                              0x08003320   Section        0  stm32f10x_usart.o(i.USART_Cmd)
    i.USART_DMACmd                           0x08003338   Section        0  stm32f10x_usart.o(i.USART_DMACmd)
    i.USART_DeInit                           0x0800334c   Section        0  stm32f10x_usart.o(i.USART_DeInit)
    i.USART_ITConfig                         0x080033e8   Section        0  stm32f10x_usart.o(i.USART_ITConfig)
    i.USART_Init                             0x08003434   Section        0  stm32f10x_usart.o(i.USART_Init)
    i.USB_HP_CAN1_TX_IRQHandler              0x0800350c   Section        0  motor.o(i.USB_HP_CAN1_TX_IRQHandler)
    i.USB_LP_CAN1_RX0_IRQHandler             0x08003528   Section        0  motor.o(i.USB_LP_CAN1_RX0_IRQHandler)
    i.UsageFault_Handler                     0x08003594   Section        0  stm32f10x_it.o(i.UsageFault_Handler)
    i.Write_IIC_Byte                         0x08003598   Section        0  oled.o(i.Write_IIC_Byte)
    i.Write_IIC_Command                      0x080035ec   Section        0  oled.o(i.Write_IIC_Command)
    i.Write_IIC_Data                         0x08003618   Section        0  oled.o(i.Write_IIC_Data)
    i.adcjihe                                0x08003644   Section        0  huidu.o(i.adcjihe)
    i.begin                                  0x08003788   Section        0  plan.o(i.begin)
    i.bfs                                    0x08003830   Section        0  plan.o(i.bfs)
    i.check                                  0x08003930   Section        0  plan.o(i.check)
    i.deQueue                                0x08003998   Section        0  queue.o(i.deQueue)
    i.decideSpeed                            0x080039ac   Section        0  kinematics.o(i.decideSpeed)
    i.delay                                  0x08003a98   Section        0  millisecondtimer.o(i.delay)
    i.enQueue                                0x08003ab0   Section        0  queue.o(i.enQueue)
    i.get_RPM                                0x08003ae4   Section        0  kinematics.o(i.get_RPM)
    i.huiductrlinit                          0x08003b34   Section        0  huidu.o(i.huiductrlinit)
    i.infrared_Init                          0x08003b40   Section        0  bottom_sensor.o(i.infrared_Init)
    i.initQueue                              0x08003bb8   Section        0  queue.o(i.initQueue)
    i.initialise                             0x08003bc0   Section        0  millisecondtimer.o(i.initialise)
    i.las_Init                               0x08003c2c   Section        0  las_masure.o(i.las_Init)
    i.las_measure                            0x08003d48   Section        0  las_masure.o(i.las_measure)
    i.main                                   0x08003dcc   Section        0  main.o(i.main)
    i.move_base                              0x08003ed0   Section        0  plan.o(i.move_base)
    i.oled_pow                               0x08004288   Section        0  oled.o(i.oled_pow)
    i.path_Init                              0x080042a0   Section        0  plan.o(i.path_Init)
    i.path_cal                               0x0800440c   Section        0  plan.o(i.path_cal)
    i.show                                   0x080045dc   Section        0  plan.o(i.show)
    i.usart1_Init                            0x0800462c   Section        0  usart1.o(i.usart1_Init)
    i.waitingStop                            0x080046cc   Section        0  kinematics.o(i.waitingStop)
    x$fpl$d2f                                0x08004718   Section       98  d2f.o(x$fpl$d2f)
    x$fpl$dadd                               0x0800477c   Section      336  daddsub_clz.o(x$fpl$dadd)
    _dadd1                                   0x0800478d   Thumb Code     0  daddsub_clz.o(x$fpl$dadd)
    x$fpl$dcmpinf                            0x080048cc   Section       24  dcmpi.o(x$fpl$dcmpinf)
    x$fpl$ddiv                               0x080048e4   Section      688  ddiv.o(x$fpl$ddiv)
    ddiv_entry                               0x080048eb   Thumb Code     0  ddiv.o(x$fpl$ddiv)
    x$fpl$deqf                               0x08004b94   Section      120  deqf.o(x$fpl$deqf)
    x$fpl$dfix                               0x08004c0c   Section       94  dfix.o(x$fpl$dfix)
    x$fpl$dfixu                              0x08004c6c   Section       90  dfixu.o(x$fpl$dfixu)
    x$fpl$dflt                               0x08004cc6   Section       46  dflt_clz.o(x$fpl$dflt)
    x$fpl$dfltu                              0x08004cf4   Section       38  dflt_clz.o(x$fpl$dfltu)
    x$fpl$dleqf                              0x08004d1c   Section      120  dleqf.o(x$fpl$dleqf)
    x$fpl$dmul                               0x08004d94   Section      340  dmul.o(x$fpl$dmul)
    x$fpl$dnaninf                            0x08004ee8   Section      156  dnaninf.o(x$fpl$dnaninf)
    x$fpl$dretinf                            0x08004f84   Section       12  dretinf.o(x$fpl$dretinf)
    x$fpl$drleqf                             0x08004f90   Section      108  drleqf.o(x$fpl$drleqf)
    x$fpl$dsub                               0x08004ffc   Section      468  daddsub_clz.o(x$fpl$dsub)
    _dsub1                                   0x0800500d   Thumb Code     0  daddsub_clz.o(x$fpl$dsub)
    x$fpl$f2d                                0x080051d0   Section       86  f2d.o(x$fpl$f2d)
    x$fpl$fdiv                               0x08005228   Section      388  fdiv.o(x$fpl$fdiv)
    _fdiv1                                   0x08005229   Thumb Code     0  fdiv.o(x$fpl$fdiv)
    x$fpl$fflt                               0x080053ac   Section       48  fflt_clz.o(x$fpl$fflt)
    x$fpl$fmul                               0x080053dc   Section      258  fmul.o(x$fpl$fmul)
    x$fpl$fnaninf                            0x080054de   Section      140  fnaninf.o(x$fpl$fnaninf)
    x$fpl$fretinf                            0x0800556a   Section       10  fretinf.o(x$fpl$fretinf)
    .constdata                               0x08005574   Section     2072  oled.o(.constdata)
    x$fpl$usenofp                            0x08005574   Section        0  usenofp.o(x$fpl$usenofp)
    .data                                    0x20000000   Section       21  main.o(.data)
    .data                                    0x20000018   Section       20  system_stm32f10x.o(.data)
    .data                                    0x2000002c   Section        4  millisecondtimer.o(.data)
    .data                                    0x20000030   Section       20  stm32f10x_rcc.o(.data)
    APBAHBPrescTable                         0x20000030   Data          16  stm32f10x_rcc.o(.data)
    ADCPrescTable                            0x20000040   Data           4  stm32f10x_rcc.o(.data)
    .data                                    0x20000044   Section       24  motor.o(.data)
    .data                                    0x2000005c   Section        1  remote.o(.data)
    .data                                    0x2000005e   Section       28  las_masure.o(.data)
    distance                                 0x20000076   Data           2  las_masure.o(.data)
    strength                                 0x20000078   Data           2  las_masure.o(.data)
    .data                                    0x2000007a   Section        1  bottom_sensor.o(.data)
    flag                                     0x2000007a   Data           1  bottom_sensor.o(.data)
    .data                                    0x2000007b   Section      898  oled.o(.data)
    manu                                     0x200003fb   Data           1  oled.o(.data)
    key                                      0x200003fc   Data           1  oled.o(.data)
    .data                                    0x200003fe   Section       18  huidu.o(.data)
    .data                                    0x20000410   Section       19  plan.o(.data)
    .data                                    0x20000423   Section        1  key.o(.data)
    key_up                                   0x20000423   Data           1  key.o(.data)
    .bss                                     0x20000424   Section       84  pid.o(.bss)
    .bss                                     0x20000478   Section       72  remote.o(.bss)
    .bss                                     0x200004c0   Section      160  huidu.o(.bss)
    .bss                                     0x20000560   Section     4539  plan.o(.bss)
    .bss                                     0x2000171c   Section       96  libspace.o(.bss)
    HEAP                                     0x20001780   Section      512  startup_stm32f10x_hd.o(HEAP)
    Heap_Mem                                 0x20001780   Data         512  startup_stm32f10x_hd.o(HEAP)
    STACK                                    0x20001980   Section     1024  startup_stm32f10x_hd.o(STACK)
    Stack_Mem                                0x20001980   Data        1024  startup_stm32f10x_hd.o(STACK)
    __initial_sp                             0x20001d80   Data           0  startup_stm32f10x_hd.o(STACK)

    Global Symbols

    Symbol Name                              Value     Ov Type        Size  Object(Section)

    BuildAttributes$$THM_ISAv4$P$D$K$B$S$PE$A:L22UL41UL21$X:L11$S22US41US21$IEEE1$IW$USESV6$~STKCKD$USESV7$~SHL$OTIME$ROPI$IEEEJ$EBA8$UX$STANDARDLIB$REQ8$PRES8$EABIv2 0x00000000   Number         0  anon$$obj.o ABSOLUTE
    __ARM_use_no_argv                        0x00000000   Number         0  main.o ABSOLUTE
    _printf_flags                            0x00000000   Number         0  printf_stubs.o ABSOLUTE
    _printf_return_value                     0x00000000   Number         0  printf_stubs.o ABSOLUTE
    _printf_sizespec                         0x00000000   Number         0  printf_stubs.o ABSOLUTE
    _printf_widthprec                        0x00000000   Number         0  printf_stubs.o ABSOLUTE
    __ARM_exceptions_init                     - Undefined Weak Reference
    __alloca_initialize                       - Undefined Weak Reference
    __arm_preinit_                            - Undefined Weak Reference
    __cpp_initialize__aeabi_                  - Undefined Weak Reference
    __cxa_finalize                            - Undefined Weak Reference
    __sigvec_lookup                           - Undefined Weak Reference
    _atexit_init                              - Undefined Weak Reference
    _call_atexit_fns                          - Undefined Weak Reference
    _clock_init                               - Undefined Weak Reference
    _fp_trap_init                             - Undefined Weak Reference
    _fp_trap_shutdown                         - Undefined Weak Reference
    _get_lc_collate                           - Undefined Weak Reference
    _get_lc_monetary                          - Undefined Weak Reference
    _get_lc_time                              - Undefined Weak Reference
    _getenv_init                              - Undefined Weak Reference
    _handle_redirection                       - Undefined Weak Reference
    _init_alloc                               - Undefined Weak Reference
    _init_user_alloc                          - Undefined Weak Reference
    _initio                                   - Undefined Weak Reference
    _printf_fp_hex                            - Undefined Weak Reference
    _printf_mbtowc                            - Undefined Weak Reference
    _printf_wc                                - Undefined Weak Reference
    _rand_init                                - Undefined Weak Reference
    _signal_finish                            - Undefined Weak Reference
    _signal_init                              - Undefined Weak Reference
    _terminate_alloc                          - Undefined Weak Reference
    _terminate_user_alloc                     - Undefined Weak Reference
    _terminateio                              - Undefined Weak Reference
    __Vectors_Size                           0x00000130   Number         0  startup_stm32f10x_hd.o ABSOLUTE
    __Vectors                                0x08000000   Data           4  startup_stm32f10x_hd.o(RESET)
    __Vectors_End                            0x08000130   Data           0  startup_stm32f10x_hd.o(RESET)
    __main                                   0x08000131   Thumb Code     8  __main.o(!!!main)
    __scatterload                            0x08000139   Thumb Code     0  __scatter.o(!!!scatter)
    __scatterload_rt2                        0x08000139   Thumb Code    44  __scatter.o(!!!scatter)
    __scatterload_rt2_thumb_only             0x08000139   Thumb Code     0  __scatter.o(!!!scatter)
    __scatterload_null                       0x08000147   Thumb Code     0  __scatter.o(!!!scatter)
    __decompress                             0x0800016d   Thumb Code    90  __dczerorl2.o(!!dczerorl2)
    __decompress1                            0x0800016d   Thumb Code     0  __dczerorl2.o(!!dczerorl2)
    __scatterload_zeroinit                   0x080001c9   Thumb Code    28  __scatter_zi.o(!!handler_zi)
    __rt_lib_init                            0x080001e5   Thumb Code     0  libinit.o(.ARM.Collect$$libinit$$00000000)
    __rt_lib_init_alloca_1                   0x080001e7   Thumb Code     0  libinit2.o(.ARM.Collect$$libinit$$0000002E)
    __rt_lib_init_argv_1                     0x080001e7   Thumb Code     0  libinit2.o(.ARM.Collect$$libinit$$0000002C)
    __rt_lib_init_atexit_1                   0x080001e7   Thumb Code     0  libinit2.o(.ARM.Collect$$libinit$$0000001B)
    __rt_lib_init_clock_1                    0x080001e7   Thumb Code     0  libinit2.o(.ARM.Collect$$libinit$$00000021)
    __rt_lib_init_cpp_1                      0x080001e7   Thumb Code     0  libinit2.o(.ARM.Collect$$libinit$$00000032)
    __rt_lib_init_exceptions_1               0x080001e7   Thumb Code     0  libinit2.o(.ARM.Collect$$libinit$$00000030)
    __rt_lib_init_fp_1                       0x080001e7   Thumb Code     0  libinit2.o(.ARM.Collect$$libinit$$00000002)
    __rt_lib_init_fp_trap_1                  0x080001e7   Thumb Code     0  libinit2.o(.ARM.Collect$$libinit$$0000001F)
    __rt_lib_init_getenv_1                   0x080001e7   Thumb Code     0  libinit2.o(.ARM.Collect$$libinit$$00000023)
    __rt_lib_init_heap_1                     0x080001e7   Thumb Code     0  libinit2.o(.ARM.Collect$$libinit$$0000000A)
    __rt_lib_init_lc_collate_1               0x080001e7   Thumb Code     0  libinit2.o(.ARM.Collect$$libinit$$00000011)
    __rt_lib_init_lc_ctype_1                 0x080001e7   Thumb Code     0  libinit2.o(.ARM.Collect$$libinit$$00000013)
    __rt_lib_init_lc_monetary_1              0x080001e7   Thumb Code     0  libinit2.o(.ARM.Collect$$libinit$$00000015)
    __rt_lib_init_lc_numeric_1               0x080001e7   Thumb Code     0  libinit2.o(.ARM.Collect$$libinit$$00000017)
    __rt_lib_init_lc_time_1                  0x080001e7   Thumb Code     0  libinit2.o(.ARM.Collect$$libinit$$00000019)
    __rt_lib_init_preinit_1                  0x080001e7   Thumb Code     0  libinit2.o(.ARM.Collect$$libinit$$00000004)
    __rt_lib_init_rand_1                     0x080001e7   Thumb Code     0  libinit2.o(.ARM.Collect$$libinit$$0000000E)
    __rt_lib_init_return                     0x080001e7   Thumb Code     0  libinit2.o(.ARM.Collect$$libinit$$00000033)
    __rt_lib_init_signal_1                   0x080001e7   Thumb Code     0  libinit2.o(.ARM.Collect$$libinit$$0000001D)
    __rt_lib_init_stdio_1                    0x080001e7   Thumb Code     0  libinit2.o(.ARM.Collect$$libinit$$00000025)
    __rt_lib_init_user_alloc_1               0x080001e7   Thumb Code     0  libinit2.o(.ARM.Collect$$libinit$$0000000C)
    __rt_lib_shutdown                        0x080001e9   Thumb Code     0  libshutdown.o(.ARM.Collect$$libshutdown$$00000000)
    __rt_lib_shutdown_fp_trap_1              0x080001eb   Thumb Code     0  libshutdown2.o(.ARM.Collect$$libshutdown$$00000006)
    __rt_lib_shutdown_heap_1                 0x080001eb   Thumb Code     0  libshutdown2.o(.ARM.Collect$$libshutdown$$0000000E)
    __rt_lib_shutdown_return                 0x080001eb   Thumb Code     0  libshutdown2.o(.ARM.Collect$$libshutdown$$0000000F)
    __rt_lib_shutdown_signal_1               0x080001eb   Thumb Code     0  libshutdown2.o(.ARM.Collect$$libshutdown$$00000009)
    __rt_lib_shutdown_stdio_1                0x080001eb   Thumb Code     0  libshutdown2.o(.ARM.Collect$$libshutdown$$00000003)
    __rt_lib_shutdown_user_alloc_1           0x080001eb   Thumb Code     0  libshutdown2.o(.ARM.Collect$$libshutdown$$0000000B)
    __rt_entry                               0x080001ed   Thumb Code     0  __rtentry.o(.ARM.Collect$$rtentry$$00000000)
    __rt_entry_presh_1                       0x080001ed   Thumb Code     0  __rtentry2.o(.ARM.Collect$$rtentry$$00000002)
    __rt_entry_sh                            0x080001ed   Thumb Code     0  __rtentry4.o(.ARM.Collect$$rtentry$$00000004)
    __rt_entry_li                            0x080001f3   Thumb Code     0  __rtentry2.o(.ARM.Collect$$rtentry$$0000000A)
    __rt_entry_postsh_1                      0x080001f3   Thumb Code     0  __rtentry2.o(.ARM.Collect$$rtentry$$00000009)
    __rt_entry_main                          0x080001f7   Thumb Code     0  __rtentry2.o(.ARM.Collect$$rtentry$$0000000D)
    __rt_entry_postli_1                      0x080001f7   Thumb Code     0  __rtentry2.o(.ARM.Collect$$rtentry$$0000000C)
    __rt_exit                                0x080001ff   Thumb Code     0  rtexit.o(.ARM.Collect$$rtexit$$00000000)
    __rt_exit_ls                             0x08000201   Thumb Code     0  rtexit2.o(.ARM.Collect$$rtexit$$00000003)
    __rt_exit_prels_1                        0x08000201   Thumb Code     0  rtexit2.o(.ARM.Collect$$rtexit$$00000002)
    __rt_exit_exit                           0x08000205   Thumb Code     0  rtexit2.o(.ARM.Collect$$rtexit$$00000004)
    Reset_Handler                            0x0800020d   Thumb Code     8  startup_stm32f10x_hd.o(.text)
    ADC1_2_IRQHandler                        0x08000227   Thumb Code     0  startup_stm32f10x_hd.o(.text)
    ADC3_IRQHandler                          0x08000227   Thumb Code     0  startup_stm32f10x_hd.o(.text)
    CAN1_RX1_IRQHandler                      0x08000227   Thumb Code     0  startup_stm32f10x_hd.o(.text)
    CAN1_SCE_IRQHandler                      0x08000227   Thumb Code     0  startup_stm32f10x_hd.o(.text)
    DMA1_Channel1_IRQHandler                 0x08000227   Thumb Code     0  startup_stm32f10x_hd.o(.text)
    DMA1_Channel2_IRQHandler                 0x08000227   Thumb Code     0  startup_stm32f10x_hd.o(.text)
    DMA1_Channel4_IRQHandler                 0x08000227   Thumb Code     0  startup_stm32f10x_hd.o(.text)
    DMA1_Channel5_IRQHandler                 0x08000227   Thumb Code     0  startup_stm32f10x_hd.o(.text)
    DMA1_Channel7_IRQHandler                 0x08000227   Thumb Code     0  startup_stm32f10x_hd.o(.text)
    DMA2_Channel1_IRQHandler                 0x08000227   Thumb Code     0  startup_stm32f10x_hd.o(.text)
    DMA2_Channel2_IRQHandler                 0x08000227   Thumb Code     0  startup_stm32f10x_hd.o(.text)
    DMA2_Channel3_IRQHandler                 0x08000227   Thumb Code     0  startup_stm32f10x_hd.o(.text)
    DMA2_Channel4_5_IRQHandler               0x08000227   Thumb Code     0  startup_stm32f10x_hd.o(.text)
    EXTI0_IRQHandler                         0x08000227   Thumb Code     0  startup_stm32f10x_hd.o(.text)
    EXTI15_10_IRQHandler                     0x08000227   Thumb Code     0  startup_stm32f10x_hd.o(.text)
    EXTI1_IRQHandler                         0x08000227   Thumb Code     0  startup_stm32f10x_hd.o(.text)
    EXTI2_IRQHandler                         0x08000227   Thumb Code     0  startup_stm32f10x_hd.o(.text)
    EXTI3_IRQHandler                         0x08000227   Thumb Code     0  startup_stm32f10x_hd.o(.text)
    EXTI4_IRQHandler                         0x08000227   Thumb Code     0  startup_stm32f10x_hd.o(.text)
    EXTI9_5_IRQHandler                       0x08000227   Thumb Code     0  startup_stm32f10x_hd.o(.text)
    FLASH_IRQHandler                         0x08000227   Thumb Code     0  startup_stm32f10x_hd.o(.text)
    FSMC_IRQHandler                          0x08000227   Thumb Code     0  startup_stm32f10x_hd.o(.text)
    I2C1_ER_IRQHandler                       0x08000227   Thumb Code     0  startup_stm32f10x_hd.o(.text)
    I2C1_EV_IRQHandler                       0x08000227   Thumb Code     0  startup_stm32f10x_hd.o(.text)
    I2C2_ER_IRQHandler                       0x08000227   Thumb Code     0  startup_stm32f10x_hd.o(.text)
    I2C2_EV_IRQHandler                       0x08000227   Thumb Code     0  startup_stm32f10x_hd.o(.text)
    PVD_IRQHandler                           0x08000227   Thumb Code     0  startup_stm32f10x_hd.o(.text)
    RCC_IRQHandler                           0x08000227   Thumb Code     0  startup_stm32f10x_hd.o(.text)
    RTCAlarm_IRQHandler                      0x08000227   Thumb Code     0  startup_stm32f10x_hd.o(.text)
    RTC_IRQHandler                           0x08000227   Thumb Code     0  startup_stm32f10x_hd.o(.text)
    SDIO_IRQHandler                          0x08000227   Thumb Code     0  startup_stm32f10x_hd.o(.text)
    SPI1_IRQHandler                          0x08000227   Thumb Code     0  startup_stm32f10x_hd.o(.text)
    SPI2_IRQHandler                          0x08000227   Thumb Code     0  startup_stm32f10x_hd.o(.text)
    SPI3_IRQHandler                          0x08000227   Thumb Code     0  startup_stm32f10x_hd.o(.text)
    TAMPER_IRQHandler                        0x08000227   Thumb Code     0  startup_stm32f10x_hd.o(.text)
    TIM1_BRK_IRQHandler                      0x08000227   Thumb Code     0  startup_stm32f10x_hd.o(.text)
    TIM1_CC_IRQHandler                       0x08000227   Thumb Code     0  startup_stm32f10x_hd.o(.text)
    TIM1_TRG_COM_IRQHandler                  0x08000227   Thumb Code     0  startup_stm32f10x_hd.o(.text)
    TIM1_UP_IRQHandler                       0x08000227   Thumb Code     0  startup_stm32f10x_hd.o(.text)
    TIM2_IRQHandler                          0x08000227   Thumb Code     0  startup_stm32f10x_hd.o(.text)
    TIM3_IRQHandler                          0x08000227   Thumb Code     0  startup_stm32f10x_hd.o(.text)
    TIM4_IRQHandler                          0x08000227   Thumb Code     0  startup_stm32f10x_hd.o(.text)
    TIM8_BRK_IRQHandler                      0x08000227   Thumb Code     0  startup_stm32f10x_hd.o(.text)
    TIM8_CC_IRQHandler                       0x08000227   Thumb Code     0  startup_stm32f10x_hd.o(.text)
    TIM8_TRG_COM_IRQHandler                  0x08000227   Thumb Code     0  startup_stm32f10x_hd.o(.text)
    TIM8_UP_IRQHandler                       0x08000227   Thumb Code     0  startup_stm32f10x_hd.o(.text)
    UART4_IRQHandler                         0x08000227   Thumb Code     0  startup_stm32f10x_hd.o(.text)
    UART5_IRQHandler                         0x08000227   Thumb Code     0  startup_stm32f10x_hd.o(.text)
    USART1_IRQHandler                        0x08000227   Thumb Code     0  startup_stm32f10x_hd.o(.text)
    USART2_IRQHandler                        0x08000227   Thumb Code     0  startup_stm32f10x_hd.o(.text)
    USART3_IRQHandler                        0x08000227   Thumb Code     0  startup_stm32f10x_hd.o(.text)
    USBWakeUp_IRQHandler                     0x08000227   Thumb Code     0  startup_stm32f10x_hd.o(.text)
    WWDG_IRQHandler                          0x08000227   Thumb Code     0  startup_stm32f10x_hd.o(.text)
    __user_initial_stackheap                 0x08000229   Thumb Code     0  startup_stm32f10x_hd.o(.text)
    strcpy                                   0x0800024d   Thumb Code    72  strcpy.o(.text)
    __aeabi_memset                           0x08000295   Thumb Code    16  aeabi_memset.o(.text)
    __aeabi_memclr                           0x080002a5   Thumb Code     0  rt_memclr.o(.text)
    __rt_memclr                              0x080002a5   Thumb Code    68  rt_memclr.o(.text)
    _memset                                  0x080002a9   Thumb Code     0  rt_memclr.o(.text)
    __use_two_region_memory                  0x080002e9   Thumb Code     2  heapauxi.o(.text)
    __rt_heap_escrow$2region                 0x080002eb   Thumb Code     2  heapauxi.o(.text)
    __rt_heap_expand$2region                 0x080002ed   Thumb Code     2  heapauxi.o(.text)
    __aeabi_memclr4                          0x080002ef   Thumb Code     0  rt_memclr_w.o(.text)
    __aeabi_memclr8                          0x080002ef   Thumb Code     0  rt_memclr_w.o(.text)
    __rt_memclr_w                            0x080002ef   Thumb Code    78  rt_memclr_w.o(.text)
    _memset_w                                0x080002f3   Thumb Code     0  rt_memclr_w.o(.text)
    __user_setup_stackheap                   0x0800033d   Thumb Code    74  sys_stackheap_outer.o(.text)
    exit                                     0x08000387   Thumb Code    12  exit.o(.text)
    __user_libspace                          0x08000395   Thumb Code     8  libspace.o(.text)
    __user_perproc_libspace                  0x08000395   Thumb Code     0  libspace.o(.text)
    __user_perthread_libspace                0x08000395   Thumb Code     0  libspace.o(.text)
    _sys_exit                                0x0800039d   Thumb Code     8  sys_exit.o(.text)
    __I$use$semihosting                      0x080003a9   Thumb Code     0  use_no_semi.o(.text)
    __use_no_semihosting_swi                 0x080003a9   Thumb Code     2  use_no_semi.o(.text)
    ADC_Cmd                                  0x080003ab   Thumb Code    22  stm32f10x_adc.o(i.ADC_Cmd)
    __semihosting_library_function           0x080003ab   Thumb Code     0  indicate_semi.o(.text)
    ADC_DMACmd                               0x080003c1   Thumb Code    22  stm32f10x_adc.o(i.ADC_DMACmd)
    ADC_GPIO_Init                            0x080003d9   Thumb Code    32  huidu.o(i.ADC_GPIO_Init)
    ADC_GetCalibrationStatus                 0x080003fd   Thumb Code    20  stm32f10x_adc.o(i.ADC_GetCalibrationStatus)
    ADC_GetResetCalibrationStatus            0x08000411   Thumb Code    20  stm32f10x_adc.o(i.ADC_GetResetCalibrationStatus)
    ADC_Init                                 0x08000425   Thumb Code    70  stm32f10x_adc.o(i.ADC_Init)
    ADC_RegularChannelConfig                 0x08000475   Thumb Code   184  stm32f10x_adc.o(i.ADC_RegularChannelConfig)
    ADC_ResetCalibration                     0x0800052d   Thumb Code    10  stm32f10x_adc.o(i.ADC_ResetCalibration)
    ADC_SoftwareStartConvCmd                 0x08000537   Thumb Code    22  stm32f10x_adc.o(i.ADC_SoftwareStartConvCmd)
    ADC_StartCalibration                     0x0800054d   Thumb Code    10  stm32f10x_adc.o(i.ADC_StartCalibration)
    ADCx_Mode_Init                           0x08000559   Thumb Code   260  huidu.o(i.ADCx_Mode_Init)
    Beep_On_Off                              0x08000669   Thumb Code    30  led.o(i.Beep_On_Off)
    BusFault_Handler                         0x0800068d   Thumb Code     4  stm32f10x_it.o(i.BusFault_Handler)
    CAN_ClearITPendingBit                    0x08000691   Thumb Code   162  stm32f10x_can.o(i.CAN_ClearITPendingBit)
    CAN_FilterInit                           0x08000739   Thumb Code   258  stm32f10x_can.o(i.CAN_FilterInit)
    CAN_GetITStatus                          0x08000841   Thumb Code   284  stm32f10x_can.o(i.CAN_GetITStatus)
    CAN_ITConfig                             0x08000961   Thumb Code    18  stm32f10x_can.o(i.CAN_ITConfig)
    CAN_Init                                 0x08000973   Thumb Code   276  stm32f10x_can.o(i.CAN_Init)
    CAN_Mode_Init                            0x08000a89   Thumb Code   262  motor.o(i.CAN_Mode_Init)
    CAN_Receive                              0x08000b99   Thumb Code   240  stm32f10x_can.o(i.CAN_Receive)
    CAN_Transmit                             0x08000c89   Thumb Code   294  stm32f10x_can.o(i.CAN_Transmit)
    CM1speedPID_Calculation                  0x08000db1   Thumb Code   240  pid.o(i.CM1speedPID_Calculation)
    CM2speedPID_Calculation                  0x08000ead   Thumb Code   240  pid.o(i.CM2speedPID_Calculation)
    CMControl                                0x08000fa9   Thumb Code    30  pid.o(i.CMControl)
    ChangeCoordinate                         0x08000fd5   Thumb Code   362  bottom_sensor.o(i.ChangeCoordinate)
    DMA1_Channel3_IRQHandler                 0x0800116d   Thumb Code    28  las_masure.o(i.DMA1_Channel3_IRQHandler)
    DMA1_Channel6_IRQHandler                 0x0800118d   Thumb Code    28  remote.o(i.DMA1_Channel6_IRQHandler)
    DMA_ClearFlag                            0x080011ad   Thumb Code    18  stm32f10x_dma.o(i.DMA_ClearFlag)
    DMA_ClearITPendingBit                    0x080011c9   Thumb Code    18  stm32f10x_dma.o(i.DMA_ClearITPendingBit)
    DMA_Cmd                                  0x080011e5   Thumb Code    24  stm32f10x_dma.o(i.DMA_Cmd)
    DMA_DeInit                               0x080011fd   Thumb Code   324  stm32f10x_dma.o(i.DMA_DeInit)
    DMA_GetITStatus                          0x08001349   Thumb Code    36  stm32f10x_dma.o(i.DMA_GetITStatus)
    DMA_ITConfig                             0x08001375   Thumb Code    18  stm32f10x_dma.o(i.DMA_ITConfig)
    DMA_Init                                 0x08001387   Thumb Code    60  stm32f10x_dma.o(i.DMA_Init)
    DebugMon_Handler                         0x080013c3   Thumb Code     2  stm32f10x_it.o(i.DebugMon_Handler)
    GPIO_Init                                0x080013c5   Thumb Code   278  stm32f10x_gpio.o(i.GPIO_Init)
    GPIO_PinRemapConfig                      0x080014dd   Thumb Code   138  stm32f10x_gpio.o(i.GPIO_PinRemapConfig)
    GPIO_ReadInputDataBit                    0x0800156d   Thumb Code    18  stm32f10x_gpio.o(i.GPIO_ReadInputDataBit)
    GPIO_ResetBits                           0x0800157f   Thumb Code     4  stm32f10x_gpio.o(i.GPIO_ResetBits)
    GPIO_SetBits                             0x08001583   Thumb Code     4  stm32f10x_gpio.o(i.GPIO_SetBits)
    HardFault_Handler                        0x08001587   Thumb Code     4  stm32f10x_it.o(i.HardFault_Handler)
    HuiduPidCalcuation                       0x0800158d   Thumb Code   238  pid.o(i.HuiduPidCalcuation)
    IIC_Start                                0x08001685   Thumb Code    36  oled.o(i.IIC_Start)
    IIC_Stop                                 0x080016ad   Thumb Code    28  oled.o(i.IIC_Stop)
    IIC_Wait_Ack                             0x080016cd   Thumb Code    20  oled.o(i.IIC_Wait_Ack)
    KEY_Init                                 0x080016e5   Thumb Code    34  key.o(i.KEY_Init)
    KEY_Scan                                 0x0800170d   Thumb Code   262  key.o(i.KEY_Scan)
    LED_On_Off                               0x0800181d   Thumb Code    56  led.o(i.LED_On_Off)
    Ledbeep_init                             0x0800185d   Thumb Code   142  led.o(i.Ledbeep_init)
    MOVE                                     0x080018f9   Thumb Code  1498  plan.o(i.MOVE)
    MemManage_Handler                        0x08001efd   Thumb Code     4  stm32f10x_it.o(i.MemManage_Handler)
    NMI_Handler                              0x08001f01   Thumb Code     2  stm32f10x_it.o(i.NMI_Handler)
    NVIC_Init                                0x08001f05   Thumb Code   100  misc.o(i.NVIC_Init)
    NVIC_PriorityGroupConfig                 0x08001f75   Thumb Code    10  misc.o(i.NVIC_PriorityGroupConfig)
    OLED_Clear                               0x08001f89   Thumb Code    62  oled.o(i.OLED_Clear)
    OLED_Init                                0x08001fc9   Thumb Code   268  oled.o(i.OLED_Init)
    OLED_SHOW_MANU                           0x080020d9   Thumb Code  1998  oled.o(i.OLED_SHOW_MANU)
    OLED_Set_Pos                             0x08002915   Thumb Code    40  oled.o(i.OLED_Set_Pos)
    OLED_ShowChar                            0x0800293d   Thumb Code   154  oled.o(i.OLED_ShowChar)
    OLED_ShowNum                             0x080029e1   Thumb Code   136  oled.o(i.OLED_ShowNum)
    OLED_ShowString                          0x08002a69   Thumb Code    58  oled.o(i.OLED_ShowString)
    OLED_WR_Byte                             0x08002aa3   Thumb Code    24  oled.o(i.OLED_WR_Byte)
    PID_init                                 0x08002abd   Thumb Code    44  pid.o(i.PID_init)
    PendSV_Handler                           0x08002b01   Thumb Code     2  stm32f10x_it.o(i.PendSV_Handler)
    RCC_AHBPeriphClockCmd                    0x08002b05   Thumb Code    26  stm32f10x_rcc.o(i.RCC_AHBPeriphClockCmd)
    RCC_APB1PeriphClockCmd                   0x08002b25   Thumb Code    26  stm32f10x_rcc.o(i.RCC_APB1PeriphClockCmd)
    RCC_APB1PeriphResetCmd                   0x08002b45   Thumb Code    26  stm32f10x_rcc.o(i.RCC_APB1PeriphResetCmd)
    RCC_APB2PeriphClockCmd                   0x08002b65   Thumb Code    26  stm32f10x_rcc.o(i.RCC_APB2PeriphClockCmd)
    RCC_APB2PeriphResetCmd                   0x08002b85   Thumb Code    26  stm32f10x_rcc.o(i.RCC_APB2PeriphResetCmd)
    RCC_GetClocksFreq                        0x08002ba5   Thumb Code   192  stm32f10x_rcc.o(i.RCC_GetClocksFreq)
    RC_Init                                  0x08002c79   Thumb Code   248  remote.o(i.RC_Init)
    ROTATE                                   0x08002d8d   Thumb Code   240  bottom_sensor.o(i.ROTATE)
    RemoteDataProcess                        0x08002e99   Thumb Code   100  remote.o(i.RemoteDataProcess)
    SVC_Handler                              0x08002f01   Thumb Code     2  stm32f10x_it.o(i.SVC_Handler)
    Set_CM_Speed                             0x08002fed   Thumb Code    76  motor.o(i.Set_CM_Speed)
    SysTick_Handler                          0x08003039   Thumb Code    12  millisecondtimer.o(i.SysTick_Handler)
    SystemInit                               0x08003049   Thumb Code    78  system_stm32f10x.o(i.SystemInit)
    TIM5_IRQHandler                          0x080030a9   Thumb Code    26  timer.o(i.TIM5_IRQHandler)
    TIM5_Int_Init                            0x080030c9   Thumb Code    90  timer.o(i.TIM5_Int_Init)
    TIM6_IRQHandler                          0x08003129   Thumb Code    30  timer.o(i.TIM6_IRQHandler)
    TIM6_Int_Init                            0x0800314d   Thumb Code    90  timer.o(i.TIM6_Int_Init)
    TIM7_IRQHandler                          0x080031ad   Thumb Code    26  timer.o(i.TIM7_IRQHandler)
    TIM7_Int_Init                            0x080031cd   Thumb Code    88  timer.o(i.TIM7_Int_Init)
    TIM_ClearITPendingBit                    0x08003229   Thumb Code     6  stm32f10x_tim.o(i.TIM_ClearITPendingBit)
    TIM_Cmd                                  0x0800322f   Thumb Code    24  stm32f10x_tim.o(i.TIM_Cmd)
    TIM_GetITStatus                          0x08003247   Thumb Code    34  stm32f10x_tim.o(i.TIM_GetITStatus)
    TIM_ITConfig                             0x08003269   Thumb Code    18  stm32f10x_tim.o(i.TIM_ITConfig)
    TIM_TimeBaseInit                         0x0800327d   Thumb Code   122  stm32f10x_tim.o(i.TIM_TimeBaseInit)
    USART_Cmd                                0x08003321   Thumb Code    24  stm32f10x_usart.o(i.USART_Cmd)
    USART_DMACmd                             0x08003339   Thumb Code    18  stm32f10x_usart.o(i.USART_DMACmd)
    USART_DeInit                             0x0800334d   Thumb Code   134  stm32f10x_usart.o(i.USART_DeInit)
    USART_ITConfig                           0x080033e9   Thumb Code    74  stm32f10x_usart.o(i.USART_ITConfig)
    USART_Init                               0x08003435   Thumb Code   210  stm32f10x_usart.o(i.USART_Init)
    USB_HP_CAN1_TX_IRQHandler                0x0800350d   Thumb Code    22  motor.o(i.USB_HP_CAN1_TX_IRQHandler)
    USB_LP_CAN1_RX0_IRQHandler               0x08003529   Thumb Code    94  motor.o(i.USB_LP_CAN1_RX0_IRQHandler)
    UsageFault_Handler                       0x08003595   Thumb Code     4  stm32f10x_it.o(i.UsageFault_Handler)
    Write_IIC_Byte                           0x08003599   Thumb Code    80  oled.o(i.Write_IIC_Byte)
    Write_IIC_Command                        0x080035ed   Thumb Code    44  oled.o(i.Write_IIC_Command)
    Write_IIC_Data                           0x08003619   Thumb Code    44  oled.o(i.Write_IIC_Data)
    adcjihe                                  0x08003645   Thumb Code   306  huidu.o(i.adcjihe)
    begin                                    0x08003789   Thumb Code   130  plan.o(i.begin)
    bfs                                      0x08003831   Thumb Code   216  plan.o(i.bfs)
    check                                    0x08003931   Thumb Code    88  plan.o(i.check)
    deQueue                                  0x08003999   Thumb Code    20  queue.o(i.deQueue)
    decideSpeed                              0x080039ad   Thumb Code   190  kinematics.o(i.decideSpeed)
    delay                                    0x08003a99   Thumb Code    18  millisecondtimer.o(i.delay)
    enQueue                                  0x08003ab1   Thumb Code    50  queue.o(i.enQueue)
    get_RPM                                  0x08003ae5   Thumb Code    66  kinematics.o(i.get_RPM)
    huiductrlinit                            0x08003b35   Thumb Code    12  huidu.o(i.huiductrlinit)
    infrared_Init                            0x08003b41   Thumb Code   116  bottom_sensor.o(i.infrared_Init)
    initQueue                                0x08003bb9   Thumb Code     8  queue.o(i.initQueue)
    initialise                               0x08003bc1   Thumb Code    90  millisecondtimer.o(i.initialise)
    las_Init                                 0x08003c2d   Thumb Code   268  las_masure.o(i.las_Init)
    las_measure                              0x08003d49   Thumb Code   118  las_masure.o(i.las_measure)
    main                                     0x08003dcd   Thumb Code   222  main.o(i.main)
    move_base                                0x08003ed1   Thumb Code   916  plan.o(i.move_base)
    oled_pow                                 0x08004289   Thumb Code    22  oled.o(i.oled_pow)
    path_Init                                0x080042a1   Thumb Code   280  plan.o(i.path_Init)
    path_cal                                 0x0800440d   Thumb Code   400  plan.o(i.path_cal)
    show                                     0x080045dd   Thumb Code    64  plan.o(i.show)
    usart1_Init                              0x0800462d   Thumb Code   152  usart1.o(i.usart1_Init)
    waitingStop                              0x080046cd   Thumb Code    62  kinematics.o(i.waitingStop)
    __aeabi_d2f                              0x08004719   Thumb Code     0  d2f.o(x$fpl$d2f)
    _d2f                                     0x08004719   Thumb Code    98  d2f.o(x$fpl$d2f)
    __aeabi_dadd                             0x0800477d   Thumb Code     0  daddsub_clz.o(x$fpl$dadd)
    _dadd                                    0x0800477d   Thumb Code   332  daddsub_clz.o(x$fpl$dadd)
    __fpl_dcmp_Inf                           0x080048cd   Thumb Code    24  dcmpi.o(x$fpl$dcmpinf)
    __aeabi_ddiv                             0x080048e5   Thumb Code     0  ddiv.o(x$fpl$ddiv)
    _ddiv                                    0x080048e5   Thumb Code   552  ddiv.o(x$fpl$ddiv)
    __aeabi_cdcmpeq                          0x08004b95   Thumb Code     0  deqf.o(x$fpl$deqf)
    _dcmpeq                                  0x08004b95   Thumb Code   120  deqf.o(x$fpl$deqf)
    __aeabi_d2iz                             0x08004c0d   Thumb Code     0  dfix.o(x$fpl$dfix)
    _dfix                                    0x08004c0d   Thumb Code    94  dfix.o(x$fpl$dfix)
    __aeabi_d2uiz                            0x08004c6d   Thumb Code     0  dfixu.o(x$fpl$dfixu)
    _dfixu                                   0x08004c6d   Thumb Code    90  dfixu.o(x$fpl$dfixu)
    __aeabi_i2d                              0x08004cc7   Thumb Code     0  dflt_clz.o(x$fpl$dflt)
    _dflt                                    0x08004cc7   Thumb Code    46  dflt_clz.o(x$fpl$dflt)
    __aeabi_ui2d                             0x08004cf5   Thumb Code     0  dflt_clz.o(x$fpl$dfltu)
    _dfltu                                   0x08004cf5   Thumb Code    38  dflt_clz.o(x$fpl$dfltu)
    __aeabi_cdcmple                          0x08004d1d   Thumb Code     0  dleqf.o(x$fpl$dleqf)
    _dcmple                                  0x08004d1d   Thumb Code   120  dleqf.o(x$fpl$dleqf)
    __fpl_dcmple_InfNaN                      0x08004d7f   Thumb Code     0  dleqf.o(x$fpl$dleqf)
    __aeabi_dmul                             0x08004d95   Thumb Code     0  dmul.o(x$fpl$dmul)
    _dmul                                    0x08004d95   Thumb Code   332  dmul.o(x$fpl$dmul)
    __fpl_dnaninf                            0x08004ee9   Thumb Code   156  dnaninf.o(x$fpl$dnaninf)
    __fpl_dretinf                            0x08004f85   Thumb Code    12  dretinf.o(x$fpl$dretinf)
    __aeabi_cdrcmple                         0x08004f91   Thumb Code     0  drleqf.o(x$fpl$drleqf)
    _drcmple                                 0x08004f91   Thumb Code   108  drleqf.o(x$fpl$drleqf)
    __aeabi_dsub                             0x08004ffd   Thumb Code     0  daddsub_clz.o(x$fpl$dsub)
    _dsub                                    0x08004ffd   Thumb Code   464  daddsub_clz.o(x$fpl$dsub)
    __aeabi_f2d                              0x080051d1   Thumb Code     0  f2d.o(x$fpl$f2d)
    _f2d                                     0x080051d1   Thumb Code    86  f2d.o(x$fpl$f2d)
    __aeabi_fdiv                             0x08005229   Thumb Code     0  fdiv.o(x$fpl$fdiv)
    _fdiv                                    0x08005229   Thumb Code   384  fdiv.o(x$fpl$fdiv)
    __aeabi_i2f                              0x080053ad   Thumb Code     0  fflt_clz.o(x$fpl$fflt)
    _fflt                                    0x080053ad   Thumb Code    48  fflt_clz.o(x$fpl$fflt)
    __aeabi_fmul                             0x080053dd   Thumb Code     0  fmul.o(x$fpl$fmul)
    _fmul                                    0x080053dd   Thumb Code   258  fmul.o(x$fpl$fmul)
    __fpl_fnaninf                            0x080054df   Thumb Code   140  fnaninf.o(x$fpl$fnaninf)
    __fpl_fretinf                            0x0800556b   Thumb Code    10  fretinf.o(x$fpl$fretinf)
    F6x8                                     0x08005574   Data         552  oled.o(.constdata)
    __I$use$fp                               0x08005574   Number         0  usenofp.o(x$fpl$usenofp)
    F8X16                                    0x0800579c   Data        1520  oled.o(.constdata)
    Region$$Table$$Base                      0x08005d8c   Number         0  anon$$obj.o(Region$$Table)
    Region$$Table$$Limit                     0x08005dac   Number         0  anon$$obj.o(Region$$Table)
    required_vel                             0x20000000   Data           8  main.o(.data)
    IsControlFinsh                           0x20000008   Data           1  main.o(.data)
    IsStop                                   0x20000009   Data           1  main.o(.data)
    target_position                          0x2000000a   Data           1  main.o(.data)
    position_x                               0x2000000b   Data           1  main.o(.data)
    position_y                               0x2000000c   Data           1  main.o(.data)
    orientation                              0x2000000d   Data           1  main.o(.data)
    target_position_x                        0x2000000e   Data           1  main.o(.data)
    target_position_y                        0x2000000f   Data           1  main.o(.data)
    IsHD                                     0x20000010   Data           1  main.o(.data)
    Obstacle                                 0x20000011   Data           1  main.o(.data)
    Distance                                 0x20000012   Data           2  main.o(.data)
    stopping                                 0x20000014   Data           1  main.o(.data)
    SystemCoreClock                          0x20000018   Data           4  system_stm32f10x.o(.data)
    AHBPrescTable                            0x2000001c   Data          16  system_stm32f10x.o(.data)
    _counter                                 0x2000002c   Data           4  millisecondtimer.o(.data)
    motor1                                   0x20000044   Data           4  motor.o(.data)
    motor2                                   0x20000048   Data           4  motor.o(.data)
    motor3                                   0x2000004c   Data           4  motor.o(.data)
    motor4                                   0x20000050   Data           4  motor.o(.data)
    yt_motor1                                0x20000054   Data           4  motor.o(.data)
    yt_motor2                                0x20000058   Data           4  motor.o(.data)
    IsRemote                                 0x2000005c   Data           1  remote.o(.data)
    USART_RX_STA                             0x2000005e   Data           2  las_masure.o(.data)
    USART_RX_NUM                             0x20000060   Data           2  las_masure.o(.data)
    MEASURE_BUF                              0x20000062   Data           5  las_masure.o(.data)
    Distance_data                            0x20000067   Data           5  las_masure.o(.data)
    USART3_BUFF                              0x2000006c   Data           8  las_masure.o(.data)
    las_mode                                 0x20000074   Data           1  las_masure.o(.data)
    Hzk                                      0x2000007b   Data         896  oled.o(.data)
    localnum                                 0x200003fe   Data           2  huidu.o(.data)
    ADC_ConvertedValue                       0x20000400   Data           8  huidu.o(.data)
    ADC_JIHE                                 0x20000408   Data           8  huidu.o(.data)
    IsMoveFinsh                              0x20000410   Data           1  plan.o(.data)
    IsRotate                                 0x20000411   Data           1  plan.o(.data)
    patrolStatus                             0x20000412   Data           1  plan.o(.data)
    n                                        0x20000413   Data           1  plan.o(.data)
    m                                        0x20000414   Data           1  plan.o(.data)
    sx                                       0x20000415   Data           1  plan.o(.data)
    sy                                       0x20000416   Data           1  plan.o(.data)
    tx                                       0x20000417   Data           1  plan.o(.data)
    ty                                       0x20000418   Data           1  plan.o(.data)
    nextx                                    0x20000419   Data           1  plan.o(.data)
    nexty                                    0x2000041a   Data           1  plan.o(.data)
    dirx                                     0x2000041b   Data           4  plan.o(.data)
    diry                                     0x2000041f   Data           4  plan.o(.data)
    s_PIDcm1                                 0x20000424   Data          28  pid.o(.bss)
    s_PIDcm2                                 0x20000440   Data          28  pid.o(.bss)
    huidu_PID                                0x2000045c   Data          28  pid.o(.bss)
    sbus_rx_buffer                           0x20000478   Data          18  remote.o(.bss)
    RC_CtrlData                              0x2000048a   Data          10  remote.o(.bss)
    DMA_InitStructure                        0x20000494   Data          44  remote.o(.bss)
    ADC_jihe                                 0x200004c0   Data         160  huidu.o(.bss)
    graph                                    0x20000560   Data         121  plan.o(.bss)
    prex                                     0x200005d9   Data         121  plan.o(.bss)
    prey                                     0x20000652   Data         121  plan.o(.bss)
    qx                                       0x200006cc   Data        1008  plan.o(.bss)
    qy                                       0x20000abc   Data        1008  plan.o(.bss)
    lujinx                                   0x20000eac   Data        1008  plan.o(.bss)
    lujiny                                   0x2000129c   Data        1008  plan.o(.bss)
    next_x                                   0x2000168c   Data          11  plan.o(.bss)
    next_y                                   0x20001697   Data          11  plan.o(.bss)
    vis                                      0x200016a2   Data         121  plan.o(.bss)
    __libspace_start                         0x2000171c   Data          96  libspace.o(.bss)
    __temporary_stack_top$libspace           0x2000177c   Data           0  libspace.o(.bss)



==============================================================================

Memory Map of the image

  Image Entry point : 0x0800020d

  Load Region LR_1 (Base: 0x08000000, Size: 0x000061d0, Max: 0xffffffff, ABSOLUTE, COMPRESSED[0x00005f44])

    Execution Region ER_RO (Base: 0x08000000, Size: 0x00005dac, Max: 0xffffffff, ABSOLUTE)

    Base Addr    Size         Type   Attr      Idx    E Section Name        Object

    0x08000000   0x00000130   Data   RO          356    RESET               startup_stm32f10x_hd.o
    0x08000130   0x00000008   Code   RO         3995  * !!!main             c_w.l(__main.o)
    0x08000138   0x00000034   Code   RO         4368    !!!scatter          c_w.l(__scatter.o)
    0x0800016c   0x0000005a   Code   RO         4366    !!dczerorl2         c_w.l(__dczerorl2.o)
    0x080001c6   0x00000002   PAD
    0x080001c8   0x0000001c   Code   RO         4370    !!handler_zi        c_w.l(__scatter_zi.o)
    0x080001e4   0x00000002   Code   RO         4228    .ARM.Collect$$libinit$$00000000  c_w.l(libinit.o)
    0x080001e6   0x00000000   Code   RO         4244    .ARM.Collect$$libinit$$00000002  c_w.l(libinit2.o)
    0x080001e6   0x00000000   Code   RO         4246    .ARM.Collect$$libinit$$00000004  c_w.l(libinit2.o)
    0x080001e6   0x00000000   Code   RO         4249    .ARM.Collect$$libinit$$0000000A  c_w.l(libinit2.o)
    0x080001e6   0x00000000   Code   RO         4251    .ARM.Collect$$libinit$$0000000C  c_w.l(libinit2.o)
    0x080001e6   0x00000000   Code   RO         4253    .ARM.Collect$$libinit$$0000000E  c_w.l(libinit2.o)
    0x080001e6   0x00000000   Code   RO         4256    .ARM.Collect$$libinit$$00000011  c_w.l(libinit2.o)
    0x080001e6   0x00000000   Code   RO         4258    .ARM.Collect$$libinit$$00000013  c_w.l(libinit2.o)
    0x080001e6   0x00000000   Code   RO         4260    .ARM.Collect$$libinit$$00000015  c_w.l(libinit2.o)
    0x080001e6   0x00000000   Code   RO         4262    .ARM.Collect$$libinit$$00000017  c_w.l(libinit2.o)
    0x080001e6   0x00000000   Code   RO         4264    .ARM.Collect$$libinit$$00000019  c_w.l(libinit2.o)
    0x080001e6   0x00000000   Code   RO         4266    .ARM.Collect$$libinit$$0000001B  c_w.l(libinit2.o)
    0x080001e6   0x00000000   Code   RO         4268    .ARM.Collect$$libinit$$0000001D  c_w.l(libinit2.o)
    0x080001e6   0x00000000   Code   RO         4270    .ARM.Collect$$libinit$$0000001F  c_w.l(libinit2.o)
    0x080001e6   0x00000000   Code   RO         4272    .ARM.Collect$$libinit$$00000021  c_w.l(libinit2.o)
    0x080001e6   0x00000000   Code   RO         4274    .ARM.Collect$$libinit$$00000023  c_w.l(libinit2.o)
    0x080001e6   0x00000000   Code   RO         4276    .ARM.Collect$$libinit$$00000025  c_w.l(libinit2.o)
    0x080001e6   0x00000000   Code   RO         4280    .ARM.Collect$$libinit$$0000002C  c_w.l(libinit2.o)
    0x080001e6   0x00000000   Code   RO         4282    .ARM.Collect$$libinit$$0000002E  c_w.l(libinit2.o)
    0x080001e6   0x00000000   Code   RO         4284    .ARM.Collect$$libinit$$00000030  c_w.l(libinit2.o)
    0x080001e6   0x00000000   Code   RO         4286    .ARM.Collect$$libinit$$00000032  c_w.l(libinit2.o)
    0x080001e6   0x00000002   Code   RO         4287    .ARM.Collect$$libinit$$00000033  c_w.l(libinit2.o)
    0x080001e8   0x00000002   Code   RO         4307    .ARM.Collect$$libshutdown$$00000000  c_w.l(libshutdown.o)
    0x080001ea   0x00000000   Code   RO         4321    .ARM.Collect$$libshutdown$$00000003  c_w.l(libshutdown2.o)
    0x080001ea   0x00000000   Code   RO         4324    .ARM.Collect$$libshutdown$$00000006  c_w.l(libshutdown2.o)
    0x080001ea   0x00000000   Code   RO         4327    .ARM.Collect$$libshutdown$$00000009  c_w.l(libshutdown2.o)
    0x080001ea   0x00000000   Code   RO         4329    .ARM.Collect$$libshutdown$$0000000B  c_w.l(libshutdown2.o)
    0x080001ea   0x00000000   Code   RO         4332    .ARM.Collect$$libshutdown$$0000000E  c_w.l(libshutdown2.o)
    0x080001ea   0x00000002   Code   RO         4333    .ARM.Collect$$libshutdown$$0000000F  c_w.l(libshutdown2.o)
    0x080001ec   0x00000000   Code   RO         4045    .ARM.Collect$$rtentry$$00000000  c_w.l(__rtentry.o)
    0x080001ec   0x00000000   Code   RO         4153    .ARM.Collect$$rtentry$$00000002  c_w.l(__rtentry2.o)
    0x080001ec   0x00000006   Code   RO         4165    .ARM.Collect$$rtentry$$00000004  c_w.l(__rtentry4.o)
    0x080001f2   0x00000000   Code   RO         4155    .ARM.Collect$$rtentry$$00000009  c_w.l(__rtentry2.o)
    0x080001f2   0x00000004   Code   RO         4156    .ARM.Collect$$rtentry$$0000000A  c_w.l(__rtentry2.o)
    0x080001f6   0x00000000   Code   RO         4158    .ARM.Collect$$rtentry$$0000000C  c_w.l(__rtentry2.o)
    0x080001f6   0x00000008   Code   RO         4159    .ARM.Collect$$rtentry$$0000000D  c_w.l(__rtentry2.o)
    0x080001fe   0x00000002   Code   RO         4236    .ARM.Collect$$rtexit$$00000000  c_w.l(rtexit.o)
    0x08000200   0x00000000   Code   RO         4289    .ARM.Collect$$rtexit$$00000002  c_w.l(rtexit2.o)
    0x08000200   0x00000004   Code   RO         4290    .ARM.Collect$$rtexit$$00000003  c_w.l(rtexit2.o)
    0x08000204   0x00000006   Code   RO         4291    .ARM.Collect$$rtexit$$00000004  c_w.l(rtexit2.o)
    0x0800020a   0x00000002   PAD
    0x0800020c   0x00000040   Code   RO          357  * .text               startup_stm32f10x_hd.o
    0x0800024c   0x00000048   Code   RO         3985    .text               c_w.l(strcpy.o)
    0x08000294   0x00000010   Code   RO         3989    .text               c_w.l(aeabi_memset.o)
    0x080002a4   0x00000044   Code   RO         3991    .text               c_w.l(rt_memclr.o)
    0x080002e8   0x00000006   Code   RO         3993    .text               c_w.l(heapauxi.o)
    0x080002ee   0x0000004e   Code   RO         4137    .text               c_w.l(rt_memclr_w.o)
    0x0800033c   0x0000004a   Code   RO         4182    .text               c_w.l(sys_stackheap_outer.o)
    0x08000386   0x0000000c   Code   RO         4221    .text               c_w.l(exit.o)
    0x08000392   0x00000002   PAD
    0x08000394   0x00000008   Code   RO         4233    .text               c_w.l(libspace.o)
    0x0800039c   0x0000000c   Code   RO         4299    .text               c_w.l(sys_exit.o)
    0x080003a8   0x00000002   Code   RO         4310    .text               c_w.l(use_no_semi.o)
    0x080003aa   0x00000000   Code   RO         4312    .text               c_w.l(indicate_semi.o)
    0x080003aa   0x00000016   Code   RO          407    i.ADC_Cmd           stm32f10x_adc.o
    0x080003c0   0x00000016   Code   RO          408    i.ADC_DMACmd        stm32f10x_adc.o
    0x080003d6   0x00000002   PAD
    0x080003d8   0x00000024   Code   RO         3807    i.ADC_GPIO_Init     huidu.o
    0x080003fc   0x00000014   Code   RO          415    i.ADC_GetCalibrationStatus  stm32f10x_adc.o
    0x08000410   0x00000014   Code   RO          421    i.ADC_GetResetCalibrationStatus  stm32f10x_adc.o
    0x08000424   0x00000050   Code   RO          425    i.ADC_Init          stm32f10x_adc.o
    0x08000474   0x000000b8   Code   RO          429    i.ADC_RegularChannelConfig  stm32f10x_adc.o
    0x0800052c   0x0000000a   Code   RO          430    i.ADC_ResetCalibration  stm32f10x_adc.o
    0x08000536   0x00000016   Code   RO          432    i.ADC_SoftwareStartConvCmd  stm32f10x_adc.o
    0x0800054c   0x0000000a   Code   RO          434    i.ADC_StartCalibration  stm32f10x_adc.o
    0x08000556   0x00000002   PAD
    0x08000558   0x00000110   Code   RO         3808    i.ADCx_Mode_Init    huidu.o
    0x08000668   0x00000024   Code   RO         3379    i.Beep_On_Off       led.o
    0x0800068c   0x00000004   Code   RO          187    i.BusFault_Handler  stm32f10x_it.o
    0x08000690   0x000000a8   Code   RO          703    i.CAN_ClearITPendingBit  stm32f10x_can.o
    0x08000738   0x00000108   Code   RO          707    i.CAN_FilterInit    stm32f10x_can.o
    0x08000840   0x00000120   Code   RO          709    i.CAN_GetITStatus   stm32f10x_can.o
    0x08000960   0x00000012   Code   RO          713    i.CAN_ITConfig      stm32f10x_can.o
    0x08000972   0x00000114   Code   RO          714    i.CAN_Init          stm32f10x_can.o
    0x08000a86   0x00000002   PAD
    0x08000a88   0x00000110   Code   RO         3332    i.CAN_Mode_Init     motor.o
    0x08000b98   0x000000f0   Code   RO          717    i.CAN_Receive       stm32f10x_can.o
    0x08000c88   0x00000126   Code   RO          722    i.CAN_Transmit      stm32f10x_can.o
    0x08000dae   0x00000002   PAD
    0x08000db0   0x000000fc   Code   RO         3403    i.CM1speedPID_Calculation  pid.o
    0x08000eac   0x000000fc   Code   RO         3404    i.CM2speedPID_Calculation  pid.o
    0x08000fa8   0x0000002c   Code   RO         3405    i.CMControl         pid.o
    0x08000fd4   0x00000184   Code   RO         3621    i.ChangeCoordinate  bottom_sensor.o
    0x08001158   0x00000012   Code   RO          725    i.CheckITStatus     stm32f10x_can.o
    0x0800116a   0x00000002   PAD
    0x0800116c   0x00000020   Code   RO         3554    i.DMA1_Channel3_IRQHandler  las_masure.o
    0x0800118c   0x00000020   Code   RO         3517    i.DMA1_Channel6_IRQHandler  remote.o
    0x080011ac   0x0000001c   Code   RO         1090    i.DMA_ClearFlag     stm32f10x_dma.o
    0x080011c8   0x0000001c   Code   RO         1091    i.DMA_ClearITPendingBit  stm32f10x_dma.o
    0x080011e4   0x00000018   Code   RO         1092    i.DMA_Cmd           stm32f10x_dma.o
    0x080011fc   0x0000014c   Code   RO         1093    i.DMA_DeInit        stm32f10x_dma.o
    0x08001348   0x0000002c   Code   RO         1096    i.DMA_GetITStatus   stm32f10x_dma.o
    0x08001374   0x00000012   Code   RO         1097    i.DMA_ITConfig      stm32f10x_dma.o
    0x08001386   0x0000003c   Code   RO         1098    i.DMA_Init          stm32f10x_dma.o
    0x080013c2   0x00000002   Code   RO          188    i.DebugMon_Handler  stm32f10x_it.o
    0x080013c4   0x00000116   Code   RO         1516    i.GPIO_Init         stm32f10x_gpio.o
    0x080014da   0x00000002   PAD
    0x080014dc   0x00000090   Code   RO         1518    i.GPIO_PinRemapConfig  stm32f10x_gpio.o
    0x0800156c   0x00000012   Code   RO         1520    i.GPIO_ReadInputDataBit  stm32f10x_gpio.o
    0x0800157e   0x00000004   Code   RO         1523    i.GPIO_ResetBits    stm32f10x_gpio.o
    0x08001582   0x00000004   Code   RO         1524    i.GPIO_SetBits      stm32f10x_gpio.o
    0x08001586   0x00000004   Code   RO          189    i.HardFault_Handler  stm32f10x_it.o
    0x0800158a   0x00000002   PAD
    0x0800158c   0x000000f8   Code   RO         3406    i.HuiduPidCalcuation  pid.o
    0x08001684   0x00000028   Code   RO         3648    i.IIC_Start         oled.o
    0x080016ac   0x00000020   Code   RO         3649    i.IIC_Stop          oled.o
    0x080016cc   0x00000018   Code   RO         3650    i.IIC_Wait_Ack      oled.o
    0x080016e4   0x00000028   Code   RO         3911    i.KEY_Init          key.o
    0x0800170c   0x00000110   Code   RO         3912    i.KEY_Scan          key.o
    0x0800181c   0x00000040   Code   RO         3380    i.LED_On_Off        led.o
    0x0800185c   0x0000009c   Code   RO         3381    i.Ledbeep_init      led.o
    0x080018f8   0x00000604   Code   RO         3844    i.MOVE              plan.o
    0x08001efc   0x00000004   Code   RO          190    i.MemManage_Handler  stm32f10x_it.o
    0x08001f00   0x00000002   Code   RO          191    i.NMI_Handler       stm32f10x_it.o
    0x08001f02   0x00000002   PAD
    0x08001f04   0x00000070   Code   RO          361    i.NVIC_Init         misc.o
    0x08001f74   0x00000014   Code   RO          362    i.NVIC_PriorityGroupConfig  misc.o
    0x08001f88   0x0000003e   Code   RO         3651    i.OLED_Clear        oled.o
    0x08001fc6   0x00000002   PAD
    0x08001fc8   0x00000110   Code   RO         3655    i.OLED_Init         oled.o
    0x080020d8   0x0000083c   Code   RO         3657    i.OLED_SHOW_MANU    oled.o
    0x08002914   0x00000028   Code   RO         3658    i.OLED_Set_Pos      oled.o
    0x0800293c   0x000000a4   Code   RO         3660    i.OLED_ShowChar     oled.o
    0x080029e0   0x00000088   Code   RO         3661    i.OLED_ShowNum      oled.o
    0x08002a68   0x0000003a   Code   RO         3662    i.OLED_ShowString   oled.o
    0x08002aa2   0x00000018   Code   RO         3663    i.OLED_WR_Byte      oled.o
    0x08002aba   0x00000002   PAD
    0x08002abc   0x00000044   Code   RO         3407    i.PID_init          pid.o
    0x08002b00   0x00000002   Code   RO          192    i.PendSV_Handler    stm32f10x_it.o
    0x08002b02   0x00000002   PAD
    0x08002b04   0x00000020   Code   RO         1931    i.RCC_AHBPeriphClockCmd  stm32f10x_rcc.o
    0x08002b24   0x00000020   Code   RO         1932    i.RCC_APB1PeriphClockCmd  stm32f10x_rcc.o
    0x08002b44   0x00000020   Code   RO         1933    i.RCC_APB1PeriphResetCmd  stm32f10x_rcc.o
    0x08002b64   0x00000020   Code   RO         1934    i.RCC_APB2PeriphClockCmd  stm32f10x_rcc.o
    0x08002b84   0x00000020   Code   RO         1935    i.RCC_APB2PeriphResetCmd  stm32f10x_rcc.o
    0x08002ba4   0x000000d4   Code   RO         1942    i.RCC_GetClocksFreq  stm32f10x_rcc.o
    0x08002c78   0x00000114   Code   RO         3518    i.RC_Init           remote.o
    0x08002d8c   0x0000010c   Code   RO         3622    i.ROTATE            bottom_sensor.o
    0x08002e98   0x00000068   Code   RO         3519    i.RemoteDataProcess  remote.o
    0x08002f00   0x00000002   Code   RO          193    i.SVC_Handler       stm32f10x_it.o
    0x08002f02   0x00000008   Code   RO          244    i.SetSysClock       system_stm32f10x.o
    0x08002f0a   0x00000002   PAD
    0x08002f0c   0x000000e0   Code   RO          245    i.SetSysClockTo72   system_stm32f10x.o
    0x08002fec   0x0000004c   Code   RO         3333    i.Set_CM_Speed      motor.o
    0x08003038   0x00000010   Code   RO          278    i.SysTick_Handler   millisecondtimer.o
    0x08003048   0x00000060   Code   RO          247    i.SystemInit        system_stm32f10x.o
    0x080030a8   0x00000020   Code   RO         3472    i.TIM5_IRQHandler   timer.o
    0x080030c8   0x00000060   Code   RO         3473    i.TIM5_Int_Init     timer.o
    0x08003128   0x00000024   Code   RO         3474    i.TIM6_IRQHandler   timer.o
    0x0800314c   0x00000060   Code   RO         3475    i.TIM6_Int_Init     timer.o
    0x080031ac   0x00000020   Code   RO         3476    i.TIM7_IRQHandler   timer.o
    0x080031cc   0x0000005c   Code   RO         3477    i.TIM7_Int_Init     timer.o
    0x08003228   0x00000006   Code   RO         2561    i.TIM_ClearITPendingBit  stm32f10x_tim.o
    0x0800322e   0x00000018   Code   RO         2566    i.TIM_Cmd           stm32f10x_tim.o
    0x08003246   0x00000022   Code   RO         2587    i.TIM_GetITStatus   stm32f10x_tim.o
    0x08003268   0x00000012   Code   RO         2591    i.TIM_ITConfig      stm32f10x_tim.o
    0x0800327a   0x00000002   PAD
    0x0800327c   0x000000a4   Code   RO         2637    i.TIM_TimeBaseInit  stm32f10x_tim.o
    0x08003320   0x00000018   Code   RO         3102    i.USART_Cmd         stm32f10x_usart.o
    0x08003338   0x00000012   Code   RO         3103    i.USART_DMACmd      stm32f10x_usart.o
    0x0800334a   0x00000002   PAD
    0x0800334c   0x0000009c   Code   RO         3104    i.USART_DeInit      stm32f10x_usart.o
    0x080033e8   0x0000004a   Code   RO         3108    i.USART_ITConfig    stm32f10x_usart.o
    0x08003432   0x00000002   PAD
    0x08003434   0x000000d8   Code   RO         3109    i.USART_Init        stm32f10x_usart.o
    0x0800350c   0x0000001c   Code   RO         3334    i.USB_HP_CAN1_TX_IRQHandler  motor.o
    0x08003528   0x0000006c   Code   RO         3335    i.USB_LP_CAN1_RX0_IRQHandler  motor.o
    0x08003594   0x00000004   Code   RO          194    i.UsageFault_Handler  stm32f10x_it.o
    0x08003598   0x00000054   Code   RO         3664    i.Write_IIC_Byte    oled.o
    0x080035ec   0x0000002c   Code   RO         3665    i.Write_IIC_Command  oled.o
    0x08003618   0x0000002c   Code   RO         3666    i.Write_IIC_Data    oled.o
    0x08003644   0x00000144   Code   RO         3809    i.adcjihe           huidu.o
    0x08003788   0x000000a8   Code   RO         3845    i.begin             plan.o
    0x08003830   0x00000100   Code   RO         3846    i.bfs               plan.o
    0x08003930   0x00000068   Code   RO         3847    i.check             plan.o
    0x08003998   0x00000014   Code   RO         3930    i.deQueue           queue.o
    0x080039ac   0x000000ec   Code   RO         3445    i.decideSpeed       kinematics.o
    0x08003a98   0x00000018   Code   RO          279    i.delay             millisecondtimer.o
    0x08003ab0   0x00000032   Code   RO         3931    i.enQueue           queue.o
    0x08003ae2   0x00000002   PAD
    0x08003ae4   0x00000050   Code   RO         3446    i.get_RPM           kinematics.o
    0x08003b34   0x0000000c   Code   RO         3810    i.huiductrlinit     huidu.o
    0x08003b40   0x00000078   Code   RO         3623    i.infrared_Init     bottom_sensor.o
    0x08003bb8   0x00000008   Code   RO         3932    i.initQueue         queue.o
    0x08003bc0   0x0000006c   Code   RO          280    i.initialise        millisecondtimer.o
    0x08003c2c   0x0000011c   Code   RO         3555    i.las_Init          las_masure.o
    0x08003d48   0x00000084   Code   RO         3556    i.las_measure       las_masure.o
    0x08003dcc   0x00000104   Code   RO            1    i.main              main.o
    0x08003ed0   0x000003b8   Code   RO         3848    i.move_base         plan.o
    0x08004288   0x00000016   Code   RO         3668    i.oled_pow          oled.o
    0x0800429e   0x00000002   PAD
    0x080042a0   0x0000016c   Code   RO         3849    i.path_Init         plan.o
    0x0800440c   0x000001d0   Code   RO         3850    i.path_cal          plan.o
    0x080045dc   0x00000050   Code   RO         3852    i.show              plan.o
    0x0800462c   0x000000a0   Code   RO         3584    i.usart1_Init       usart1.o
    0x080046cc   0x0000004c   Code   RO         3447    i.waitingStop       kinematics.o
    0x08004718   0x00000062   Code   RO         3997    x$fpl$d2f           fz_ws.l(d2f.o)
    0x0800477a   0x00000002   PAD
    0x0800477c   0x00000150   Code   RO         3999    x$fpl$dadd          fz_ws.l(daddsub_clz.o)
    0x080048cc   0x00000018   Code   RO         4139    x$fpl$dcmpinf       fz_ws.l(dcmpi.o)
    0x080048e4   0x000002b0   Code   RO         4006    x$fpl$ddiv          fz_ws.l(ddiv.o)
    0x08004b94   0x00000078   Code   RO         4009    x$fpl$deqf          fz_ws.l(deqf.o)
    0x08004c0c   0x0000005e   Code   RO         4011    x$fpl$dfix          fz_ws.l(dfix.o)
    0x08004c6a   0x00000002   PAD
    0x08004c6c   0x0000005a   Code   RO         4015    x$fpl$dfixu         fz_ws.l(dfixu.o)
    0x08004cc6   0x0000002e   Code   RO         4020    x$fpl$dflt          fz_ws.l(dflt_clz.o)
    0x08004cf4   0x00000026   Code   RO         4019    x$fpl$dfltu         fz_ws.l(dflt_clz.o)
    0x08004d1a   0x00000002   PAD
    0x08004d1c   0x00000078   Code   RO         4025    x$fpl$dleqf         fz_ws.l(dleqf.o)
    0x08004d94   0x00000154   Code   RO         4027    x$fpl$dmul          fz_ws.l(dmul.o)
    0x08004ee8   0x0000009c   Code   RO         4141    x$fpl$dnaninf       fz_ws.l(dnaninf.o)
    0x08004f84   0x0000000c   Code   RO         4143    x$fpl$dretinf       fz_ws.l(dretinf.o)
    0x08004f90   0x0000006c   Code   RO         4029    x$fpl$drleqf        fz_ws.l(drleqf.o)
    0x08004ffc   0x000001d4   Code   RO         4001    x$fpl$dsub          fz_ws.l(daddsub_clz.o)
    0x080051d0   0x00000056   Code   RO         4031    x$fpl$f2d           fz_ws.l(f2d.o)
    0x08005226   0x00000002   PAD
    0x08005228   0x00000184   Code   RO         4034    x$fpl$fdiv          fz_ws.l(fdiv.o)
    0x080053ac   0x00000030   Code   RO         4038    x$fpl$fflt          fz_ws.l(fflt_clz.o)
    0x080053dc   0x00000102   Code   RO         4043    x$fpl$fmul          fz_ws.l(fmul.o)
    0x080054de   0x0000008c   Code   RO         4145    x$fpl$fnaninf       fz_ws.l(fnaninf.o)
    0x0800556a   0x0000000a   Code   RO         4147    x$fpl$fretinf       fz_ws.l(fretinf.o)
    0x08005574   0x00000000   Code   RO         4151    x$fpl$usenofp       fz_ws.l(usenofp.o)
    0x08005574   0x00000818   Data   RO         3669    .constdata          oled.o
    0x08005d8c   0x00000020   Data   RO         4364    Region$$Table       anon$$obj.o


    Execution Region ER_RW (Base: 0x20000000, Size: 0x00000424, Max: 0xffffffff, ABSOLUTE, COMPRESSED[0x00000198])

    Base Addr    Size         Type   Attr      Idx    E Section Name        Object

    0x20000000   0x00000015   Data   RW            2    .data               main.o
    0x20000015   0x00000003   PAD
    0x20000018   0x00000014   Data   RW          248    .data               system_stm32f10x.o
    0x2000002c   0x00000004   Data   RW          283    .data               millisecondtimer.o
    0x20000030   0x00000014   Data   RW         1962    .data               stm32f10x_rcc.o
    0x20000044   0x00000018   Data   RW         3336    .data               motor.o
    0x2000005c   0x00000001   Data   RW         3522    .data               remote.o
    0x2000005d   0x00000001   PAD
    0x2000005e   0x0000001c   Data   RW         3557    .data               las_masure.o
    0x2000007a   0x00000001   Data   RW         3624    .data               bottom_sensor.o
    0x2000007b   0x00000382   Data   RW         3670    .data               oled.o
    0x200003fd   0x00000001   PAD
    0x200003fe   0x00000012   Data   RW         3812    .data               huidu.o
    0x20000410   0x00000013   Data   RW         3854    .data               plan.o
    0x20000423   0x00000001   Data   RW         3913    .data               key.o


    Execution Region ER_ZI (Base: 0x20000424, Size: 0x0000195c, Max: 0xffffffff, ABSOLUTE)

    Base Addr    Size         Type   Attr      Idx    E Section Name        Object

    0x20000424   0x00000054   Zero   RW         3408    .bss                pid.o
    0x20000478   0x00000048   Zero   RW         3521    .bss                remote.o
    0x200004c0   0x000000a0   Zero   RW         3811    .bss                huidu.o
    0x20000560   0x000011bb   Zero   RW         3853    .bss                plan.o
    0x2000171b   0x00000001   PAD
    0x2000171c   0x00000060   Zero   RW         4234    .bss                c_w.l(libspace.o)
    0x2000177c   0x00000004   PAD
    0x20001780   0x00000200   Zero   RW          355    HEAP                startup_stm32f10x_hd.o
    0x20001980   0x00000400   Zero   RW          354    STACK               startup_stm32f10x_hd.o


==============================================================================

Image component sizes


      Code (inc. data)   RO Data    RW Data    ZI Data      Debug   Object Name

       776         58          0          1          0       1876   bottom_sensor.o
         0          0          0          0          0         32   core_cm3.o
       644         34          0         18        160       3023   huidu.o
       312         16          0          1          0       1202   key.o
       392         74          0          0          0       1690   kinematics.o
       448         34          0         28          0       2651   las_masure.o
       256         28          0          0          0       1618   led.o
       260         38          0         21          0      59670   main.o
       148         28          0          4          0     239461   millisecondtimer.o
       132         22          0          0          0       1575   misc.o
       484         30          0         24          0       3546   motor.o
      3154        350       2072        898          0      10617   oled.o
       864         72          0          0         84       3650   pid.o
      3928        376          0         19       4539       7255   plan.o
        78          0          0          0          0       1760   queue.o
       412         36          0          1         72       3017   remote.o
        64         26        304          0       1536        812   startup_stm32f10x_hd.o
       390         10          0          0          0       7493   stm32f10x_adc.o
      1566         16          0          0          0       6438   stm32f10x_can.o
       534         36          0          0          0       5763   stm32f10x_dma.o
       448          6          0          0          0       4554   stm32f10x_gpio.o
        24          0          0          0          0       3412   stm32f10x_it.o
       372         50          0         20          0       6264   stm32f10x_rcc.o
       246         42          0          0          0       3630   stm32f10x_tim.o
       488         28          0          0          0       4936   stm32f10x_usart.o
       328         28          0         20          0       2157   system_stm32f10x.o
       384         34          0          0          0       3342   timer.o
       160          8          0          0          0        690   usart1.o

    ----------------------------------------------------------------------
     17326       1480       2408       1060       6392     392134   Object Totals
         0          0         32          0          0          0   (incl. Generated)
        34          0          0          5          1          0   (incl. Padding)

    ----------------------------------------------------------------------

      Code (inc. data)   RO Data    RW Data    ZI Data      Debug   Library Member Name

        90          0          0          0          0          0   __dczerorl2.o
         8          0          0          0          0         68   __main.o
         0          0          0          0          0          0   __rtentry.o
        12          0          0          0          0          0   __rtentry2.o
         6          0          0          0          0          0   __rtentry4.o
        52          8          0          0          0          0   __scatter.o
        28          0          0          0          0          0   __scatter_zi.o
        16          0          0          0          0         68   aeabi_memset.o
        12          0          0          0          0         72   exit.o
         6          0          0          0          0        152   heapauxi.o
         0          0          0          0          0          0   indicate_semi.o
         2          0          0          0          0          0   libinit.o
         2          0          0          0          0          0   libinit2.o
         2          0          0          0          0          0   libshutdown.o
         2          0          0          0          0          0   libshutdown2.o
         8          4          0          0         96         68   libspace.o
        68          0          0          0          0         68   rt_memclr.o
        78          0          0          0          0         80   rt_memclr_w.o
         2          0          0          0          0          0   rtexit.o
        10          0          0          0          0          0   rtexit2.o
        72          0          0          0          0         80   strcpy.o
        12          4          0          0          0         68   sys_exit.o
        74          0          0          0          0         80   sys_stackheap_outer.o
         2          0          0          0          0         68   use_no_semi.o
        98          4          0          0          0         92   d2f.o
       804         16          0          0          0        272   daddsub_clz.o
        24          0          0          0          0         68   dcmpi.o
       688        140          0          0          0        208   ddiv.o
       120          4          0          0          0         92   deqf.o
        94          4          0          0          0         92   dfix.o
        90          4          0          0          0         92   dfixu.o
        84          0          0          0          0        136   dflt_clz.o
       120          4          0          0          0         92   dleqf.o
       340         12          0          0          0        104   dmul.o
       156          4          0          0          0         92   dnaninf.o
        12          0          0          0          0         68   dretinf.o
       108          0          0          0          0         80   drleqf.o
        86          4          0          0          0         84   f2d.o
       388         76          0          0          0         96   fdiv.o
        48          0          0          0          0         68   fflt_clz.o
       258          4          0          0          0         84   fmul.o
       140          4          0          0          0         84   fnaninf.o
        10          0          0          0          0         68   fretinf.o
         0          0          0          0          0          0   usenofp.o

    ----------------------------------------------------------------------
      4246        296          0          0        100       2844   Library Totals
        14          0          0          0          4          0   (incl. Padding)

    ----------------------------------------------------------------------

      Code (inc. data)   RO Data    RW Data    ZI Data      Debug   Library Name

       564         16          0          0         96        872   c_w.l
      3668        280          0          0          0       1972   fz_ws.l

    ----------------------------------------------------------------------
      4246        296          0          0        100       2844   Library Totals

    ----------------------------------------------------------------------

==============================================================================


      Code (inc. data)   RO Data    RW Data    ZI Data      Debug   

     21572       1776       2408       1060       6492     387226   Grand Totals
     21572       1776       2408        408       6492     387226   ELF Image Totals (compressed)
     21572       1776       2408        408          0          0   ROM Totals

==============================================================================

    Total RO  Size (Code + RO Data)                23980 (  23.42kB)
    Total RW  Size (RW Data + ZI Data)              7552 (   7.38kB)
    Total ROM Size (Code + RO Data + RW Data)      24388 (  23.82kB)

==============================================================================

