Component: ARM Compiler 5.06 update 4 (build 422) Tool: armlink [4d35d2]

==============================================================================

Section Cross References

    main.o(i._Z11print_debugv) refers to __2sprintf.o(.text) for __2sprintf
    main.o(i._Z11print_debugv) refers to main.o(t._ZN3ros11NodeHandle_I13STM32HardwareLi25ELi25ELi1024ELi1024EE7loginfoEPKc) for ros::NodeHandle_<STM32Hardware, (int)25, (int)25, (int)1024, (int)1024>::loginfo(const char*)
    main.o(i._Z11print_debugv) refers to main.o(.bss) for nh
    main.o(i._Z12pid_callbackRKN9shop_msgs3PidE) refers to pid.o(i._ZN3PID8resetPidEfff) for PID::resetPid(float, float, float)
    main.o(i._Z12pid_callbackRKN9shop_msgs3PidE) refers to main.o(.bss) for motor1
    main.o(i._Z16command_callbackRKN13geometry_msgs5TwistE) refers to f2d.o(x$fpl$f2d) for __aeabi_f2d
    main.o(i._Z16command_callbackRKN13geometry_msgs5TwistE) refers to millisecondtimer.o(i.millis) for millis
    main.o(i._Z16command_callbackRKN13geometry_msgs5TwistE) refers to main.o(.data) for required_linear_vel_x
    main.o(i._Z20publisher_laser_scanv) refers to main.o(i._ZN3ros9Publisher7publishEPKNS_3MsgE) for ros::Publisher::publish(const ros::Msg*)
    main.o(i._Z20publisher_laser_scanv) refers to main.o(.bss) for raw_scan_msg
    main.o(i._Z27publisher_linear_velocitiesv) refers to main.o(i._ZN3ros9Publisher7publishEPKNS_3MsgE) for ros::Publisher::publish(const ros::Msg*)
    main.o(i._Z27publisher_linear_velocitiesv) refers to main.o(.bss) for raw_vel_msg
    main.o(i.__sti___8_main_cpp_Serial) refers to hardwareserial.o(i._ZN14HardwareSerialC1E14Serial_TypeDef) for HardwareSerial::HardwareSerial(Serial_TypeDef)
    main.o(i.__sti___8_main_cpp_Serial) refers to aeabi_atexit.o(.text) for __aeabi_atexit
    main.o(i.__sti___8_main_cpp_Serial) refers to motor.o(i._ZN5MotorC1Ej) for Motor::Motor(unsigned)
    main.o(i.__sti___8_main_cpp_Serial) refers to kinematics.o(i._ZN10KinematicsC1Eifff) for Kinematics::Kinematics(int, float, float, float)
    main.o(i.__sti___8_main_cpp_Serial) refers to main.o(t._ZN3ros11NodeHandle_I13STM32HardwareLi25ELi25ELi1024ELi1024EEC1Ev) for ros::NodeHandle_<STM32Hardware, (int)25, (int)25, (int)1024, (int)1024>::NodeHandle_()
    main.o(i.__sti___8_main_cpp_Serial) refers to main.o(i._ZN3ros3MsgC2Ev) for ros::Msg::Msg__sub_object()
    main.o(i.__sti___8_main_cpp_Serial) refers to main.o(t._ZN3ros10SubscriberIN13geometry_msgs5TwistEEC1EPKcPFvRKS2_Ei) for ros::Subscriber<geometry_msgs::Twist>::Subscriber(const char*, void(*)(const geometry_msgs::Twist&), int)
    main.o(i.__sti___8_main_cpp_Serial) refers to main.o(t._ZN3ros10SubscriberIN9shop_msgs3PidEEC1EPKcPFvRKS2_Ei) for ros::Subscriber<shop_msgs::Pid>::Subscriber(const char*, void(*)(const shop_msgs::Pid&), int)
    main.o(i.__sti___8_main_cpp_Serial) refers to main.o(i._ZN3ros9PublisherC1EPKcPNS_3MsgEi) for ros::Publisher::Publisher(const char*, ros::Msg*, int)
    main.o(i.__sti___8_main_cpp_Serial) refers to main.o(.bss) for Serial
    main.o(i.__sti___8_main_cpp_Serial) refers to main.o(i._ZN14HardwareSerialD1Ev) for HardwareSerial::~HardwareSerial()
    main.o(i.__sti___8_main_cpp_Serial) refers to main.o(.constdata__ZTVN9shop_msgs10VelocitiesE) for vtable for shop_msgs::Velocities
    main.o(i.__sti___8_main_cpp_Serial) refers to main.o(.constdata__ZTVN9shop_msgs9LaserScanE) for vtable for shop_msgs::LaserScan
    main.o(i.__sti___8_main_cpp_Serial) refers to main.o(i._Z16command_callbackRKN13geometry_msgs5TwistE) for command_callback(const geometry_msgs::Twist&)
    main.o(i.__sti___8_main_cpp_Serial) refers to main.o(i._Z12pid_callbackRKN9shop_msgs3PidE) for pid_callback(const shop_msgs::Pid&)
    main.o(i.main) refers to system_stm32f10x.o(i.SystemInit) for SystemInit
    main.o(i.main) refers to millisecondtimer.o(i.initialise) for initialise
    main.o(i.main) refers to hardwareserial.o(i._ZN14HardwareSerial5beginEj) for HardwareSerial::begin(unsigned)
    main.o(i.main) refers to main.o(t._ZN3ros11NodeHandle_I13STM32HardwareLi25ELi25ELi1024ELi1024EE9advertiseERNS_9PublisherE) for ros::NodeHandle_<STM32Hardware, (int)25, (int)25, (int)1024, (int)1024>::advertise(ros::Publisher&)
    main.o(i.main) refers to main.o(t._ZN3ros11NodeHandle_I13STM32HardwareLi25ELi25ELi1024ELi1024EE8spinOnceEv) for ros::NodeHandle_<STM32Hardware, (int)25, (int)25, (int)1024, (int)1024>::spinOnce()
    main.o(i.main) refers to main.o(t._ZN3ros11NodeHandle_I13STM32HardwareLi25ELi25ELi1024ELi1024EE7loginfoEPKc) for ros::NodeHandle_<STM32Hardware, (int)25, (int)25, (int)1024, (int)1024>::loginfo(const char*)
    main.o(i.main) refers to led.o(i._ZN3Led6on_offEb) for Led::on_off(bool)
    main.o(i.main) refers to millisecondtimer.o(i.millis) for millis
    main.o(i.main) refers to main.o(i._Z27publisher_linear_velocitiesv) for publisher_linear_velocities()
    main.o(i.main) refers to main.o(i._Z20publisher_laser_scanv) for publisher_laser_scan()
[...]
    t._ZN3ros10SubscriberIN9shop_msgs3PidEE9getMsgMD5Ev 0x08002678   Section        0  main.o(t._ZN3ros10SubscriberIN9shop_msgs3PidEE9getMsgMD5Ev)
    t._ZN3ros10SubscriberIN9shop_msgs3PidEEC1EPKcPFvRKS2_Ei 0x08002684   Section        0  main.o(t._ZN3ros10SubscriberIN9shop_msgs3PidEEC1EPKcPFvRKS2_Ei)
    t._ZN3ros11NodeHandle_I13STM32HardwareLi25ELi25ELi1024ELi1024EE15negotiateTopicsEv 0x080026d0   Section        0  main.o(t._ZN3ros11NodeHandle_I13STM32HardwareLi25ELi25ELi1024ELi1024EE15negotiateTopicsEv)
    t._ZN3ros11NodeHandle_I13STM32HardwareLi25ELi25ELi1024ELi1024EE15requestSyncTimeEv 0x080027f4   Section        0  main.o(t._ZN3ros11NodeHandle_I13STM32HardwareLi25ELi25ELi1024ELi1024EE15requestSyncTimeEv)
    t._ZN3ros11NodeHandle_I13STM32HardwareLi25ELi25ELi1024ELi1024EE3logEcPKc 0x08002814   Section        0  main.o(t._ZN3ros11NodeHandle_I13STM32HardwareLi25ELi25ELi1024ELi1024EE3logEcPKc)
    t._ZN3ros11NodeHandle_I13STM32HardwareLi25ELi25ELi1024ELi1024EE7loginfoEPKc 0x08002844   Section        0  main.o(t._ZN3ros11NodeHandle_I13STM32HardwareLi25ELi25ELi1024ELi1024EE7loginfoEPKc)
    t._ZN3ros11NodeHandle_I13STM32HardwareLi25ELi25ELi1024ELi1024EE7publishEiPKNS_3MsgE 0x08002858   Section        0  main.o(t._ZN3ros11NodeHandle_I13STM32HardwareLi25ELi25ELi1024ELi1024EE7publishEiPKNS_3MsgE)
    t._ZN3ros11NodeHandle_I13STM32HardwareLi25ELi25ELi1024ELi1024EE8spinOnceEv 0x08002944   Section        0  main.o(t._ZN3ros11NodeHandle_I13STM32HardwareLi25ELi25ELi1024ELi1024EE8spinOnceEv)
    t._ZN3ros11NodeHandle_I13STM32HardwareLi25ELi25ELi1024ELi1024EE8syncTimeEPh 0x08002bc8   Section        0  main.o(t._ZN3ros11NodeHandle_I13STM32HardwareLi25ELi25ELi1024ELi1024EE8syncTimeEPh)
    t._ZN3ros11NodeHandle_I13STM32HardwareLi25ELi25ELi1024ELi1024EE9advertiseERNS_9PublisherE 0x08002c68   Section        0  main.o(t._ZN3ros11NodeHandle_I13STM32HardwareLi25ELi25ELi1024ELi1024EE9advertiseERNS_9PublisherE)
    t._ZN3ros11NodeHandle_I13STM32HardwareLi25ELi25ELi1024ELi1024EEC1Ev 0x08002c98   Section        0  main.o(t._ZN3ros11NodeHandle_I13STM32HardwareLi25ELi25ELi1024ELi1024EEC1Ev)
    x$fpl$d2f                                0x08002d54   Section       98  d2f.o(x$fpl$d2f)
    x$fpl$dmul                               0x08002db8   Section      340  dmul.o(x$fpl$dmul)
    x$fpl$dnaninf                            0x08002f0c   Section      156  dnaninf.o(x$fpl$dnaninf)
    x$fpl$dretinf                            0x08002fa8   Section       12  dretinf.o(x$fpl$dretinf)
    x$fpl$f2d                                0x08002fb4   Section       86  f2d.o(x$fpl$f2d)
    x$fpl$fcmpinf                            0x0800300a   Section       24  fcmpi.o(x$fpl$fcmpinf)
    x$fpl$ffix                               0x08003024   Section       54  ffix.o(x$fpl$ffix)
    x$fpl$fleqf                              0x0800305c   Section      104  fleqf.o(x$fpl$fleqf)
    x$fpl$fnaninf                            0x080030c4   Section      140  fnaninf.o(x$fpl$fnaninf)
    x$fpl$fretinf                            0x08003150   Section       10  fretinf.o(x$fpl$fretinf)
    .constdata                               0x0800315a   Section       28  main.o(.constdata)
    x$fpl$usenofp                            0x0800315a   Section        0  usenofp.o(x$fpl$usenofp)
    rosserial_msgs::REQUESTPARAM             0x0800315a   Data          28  main.o(.constdata)
    .constdata                               0x08003178   Section       48  hardwareserial.o(.constdata)
    SERIAL_USART_CLK                         0x08003178   Data          12  hardwareserial.o(.constdata)
    SERIAL_PORT_CLK                          0x08003184   Data          12  hardwareserial.o(.constdata)
    SERIAL_TX_PIN                            0x08003190   Data           6  hardwareserial.o(.constdata)
    SERIAL_RX_PIN                            0x08003196   Data           6  hardwareserial.o(.constdata)
    SERIAL_IRQn                              0x0800319c   Data           6  hardwareserial.o(.constdata)
    SERILA_NVIC                              0x080031a2   Data           6  hardwareserial.o(.constdata)
    .constdata                               0x080031a8   Section       17  __printf_flags_ss_wp.o(.constdata)
    maptable                                 0x080031a8   Data          17  __printf_flags_ss_wp.o(.constdata)
    .constdata__ZTVN13geometry_msgs5TwistE   0x080031bc   Section       24  main.o(.constdata__ZTVN13geometry_msgs5TwistE)
    .constdata__ZTVN13geometry_msgs7Vector3E 0x080031d4   Section       24  main.o(.constdata__ZTVN13geometry_msgs7Vector3E)
    .constdata__ZTVN14rosserial_msgs20RequestParamResponseE 0x080031ec   Section       24  main.o(.constdata__ZTVN14rosserial_msgs20RequestParamResponseE)
    .constdata__ZTVN14rosserial_msgs3LogE    0x08003204   Section       24  main.o(.constdata__ZTVN14rosserial_msgs3LogE)
    .constdata__ZTVN14rosserial_msgs9TopicInfoE 0x0800321c   Section       24  main.o(.constdata__ZTVN14rosserial_msgs9TopicInfoE)
    .constdata__ZTVN3ros10SubscriberIN13geometry_msgs5TwistEEE 0x08003234   Section       24  main.o(.constdata__ZTVN3ros10SubscriberIN13geometry_msgs5TwistEEE)
    .constdata__ZTVN3ros10SubscriberIN9shop_msgs3PidEEE 0x0800324c   Section       24  main.o(.constdata__ZTVN3ros10SubscriberIN9shop_msgs3PidEEE)
    .constdata__ZTVN3ros11NodeHandle_I13STM32HardwareLi25ELi25ELi1024ELi1024EEE 0x08003264   Section       20  main.o(.constdata__ZTVN3ros11NodeHandle_I13STM32HardwareLi25ELi25ELi1024ELi1024EEE)
    .constdata__ZTVN3ros11Subscriber_E       0x08003278   Section       24  main.o(.constdata__ZTVN3ros11Subscriber_E)
    .constdata__ZTVN3ros15NodeHandleBase_E   0x08003290   Section       20  main.o(.constdata__ZTVN3ros15NodeHandleBase_E)
    .constdata__ZTVN3ros3MsgE                0x080032a4   Section       24  main.o(.constdata__ZTVN3ros3MsgE)
    .constdata__ZTVN8std_msgs4TimeE          0x080032bc   Section       24  main.o(.constdata__ZTVN8std_msgs4TimeE)
    .constdata__ZTVN9shop_msgs10VelocitiesE  0x080032d4   Section       24  main.o(.constdata__ZTVN9shop_msgs10VelocitiesE)
    .constdata__ZTVN9shop_msgs3PidE          0x080032ec   Section       24  main.o(.constdata__ZTVN9shop_msgs3PidE)
    .constdata__ZTVN9shop_msgs9LaserScanE    0x08003304   Section       24  main.o(.constdata__ZTVN9shop_msgs9LaserScanE)
    .constdata__ZZN13geometry_msgs5Twist6getMD5EvEs 0x0800331c   Section       33  main.o(.constdata__ZZN13geometry_msgs5Twist6getMD5EvEs)
    .constdata__ZZN13geometry_msgs5Twist7getTypeEvEs 0x0800333d   Section       20  main.o(.constdata__ZZN13geometry_msgs5Twist7getTypeEvEs)
    .constdata__ZZN13geometry_msgs7Vector36getMD5EvEs 0x08003351   Section       33  main.o(.constdata__ZZN13geometry_msgs7Vector36getMD5EvEs)
    .constdata__ZZN13geometry_msgs7Vector37getTypeEvEs 0x08003372   Section       22  main.o(.constdata__ZZN13geometry_msgs7Vector37getTypeEvEs)
    .constdata__ZZN14rosserial_msgs20RequestParamResponse6getMD5EvEs 0x08003388   Section       33  main.o(.constdata__ZZN14rosserial_msgs20RequestParamResponse6getMD5EvEs)
    .constdata__ZZN14rosserial_msgs3Log6getMD5EvEs 0x080033a9   Section       33  main.o(.constdata__ZZN14rosserial_msgs3Log6getMD5EvEs)
    .constdata__ZZN14rosserial_msgs3Log7getTypeEvEs 0x080033ca   Section       19  main.o(.constdata__ZZN14rosserial_msgs3Log7getTypeEvEs)
    .constdata__ZZN14rosserial_msgs9TopicInfo6getMD5EvEs 0x080033dd   Section       33  main.o(.constdata__ZZN14rosserial_msgs9TopicInfo6getMD5EvEs)
    .constdata__ZZN14rosserial_msgs9TopicInfo7getTypeEvEs 0x080033fe   Section       25  main.o(.constdata__ZZN14rosserial_msgs9TopicInfo7getTypeEvEs)
    .constdata__ZZN3ros11NodeHandle_I13STM32HardwareLi25ELi25ELi1024ELi1024EE7publishEiPKNS_3MsgEEs 0x08003417   Section       57  main.o(.constdata__ZZN3ros11NodeHandle_I13STM32HardwareLi25ELi25ELi1024ELi1024EE7publishEiPKNS_3MsgEEs)
    .constdata__ZZN8std_msgs4Time6getMD5EvEs 0x08003450   Section       33  main.o(.constdata__ZZN8std_msgs4Time6getMD5EvEs)
    .constdata__ZZN8std_msgs4Time7getTypeEvEs 0x08003471   Section       14  main.o(.constdata__ZZN8std_msgs4Time7getTypeEvEs)
    .constdata__ZZN9shop_msgs10Velocities6getMD5EvEs 0x0800347f   Section       33  main.o(.constdata__ZZN9shop_msgs10Velocities6getMD5EvEs)
    .constdata__ZZN9shop_msgs10Velocities7getTypeEvEs 0x080034a0   Section       21  main.o(.constdata__ZZN9shop_msgs10Velocities7getTypeEvEs)
    .constdata__ZZN9shop_msgs3Pid6getMD5EvEs 0x080034b5   Section       33  main.o(.constdata__ZZN9shop_msgs3Pid6getMD5EvEs)
    .constdata__ZZN9shop_msgs3Pid7getTypeEvEs 0x080034d6   Section       14  main.o(.constdata__ZZN9shop_msgs3Pid7getTypeEvEs)
    .constdata__ZZN9shop_msgs9LaserScan6getMD5EvEs 0x080034e4   Section       33  main.o(.constdata__ZZN9shop_msgs9LaserScan6getMD5EvEs)
    .constdata__ZZN9shop_msgs9LaserScan7getTypeEvEs 0x08003505   Section       20  main.o(.constdata__ZZN9shop_msgs9LaserScan7getTypeEvEs)
    .init_array                              0x0800353c   Section        4  main.o(.init_array)
    .init_array                              0x08003540   Section        0  init_aeabi.o(.init_array)
    .data                                    0x20000000   Section       29  main.o(.data)
    .data                                    0x20000020   Section        4  millisecondtimer.o(.data)
    .data                                    0x20000024   Section       24  hardwareserial.o(.data)
    .data                                    0x2000003c   Section       12  interrupt.o(.data)
    .data                                    0x20000048   Section       20  stm32f10x_rcc.o(.data)
    APBAHBPrescTable                         0x20000048   Data          16  stm32f10x_rcc.o(.data)
    ADCPrescTable                            0x20000058   Data           4  stm32f10x_rcc.o(.data)
    .data                                    0x2000005c   Section       20  system_stm32f10x.o(.data)
    .bss                                     0x20000070   Section     2936  main.o(.bss)
    .bss                                     0x20000be8   Section       96  libspace.o(.bss)
    HEAP                                     0x20000c48   Section      512  startup_stm32f10x_hd.o(HEAP)
    Heap_Mem                                 0x20000c48   Data         512  startup_stm32f10x_hd.o(HEAP)
    STACK                                    0x20000e48   Section     1024  startup_stm32f10x_hd.o(STACK)
    Stack_Mem                                0x20000e48   Data        1024  startup_stm32f10x_hd.o(STACK)
    __initial_sp                             0x20001248   Data           0  startup_stm32f10x_hd.o(STACK)

    Global Symbols

    Symbol Name                              Value     Ov Type        Size  Object(Section)

    BuildAttributes$$THM_ISAv4$P$D$K$B$S$PE$A:L22UL41UL21$X:L11$S22US41US21$IEEE1$IW$USESV6$~STKCKD$USESV7$~SHL$OTIME$ROPI$IEEEJ$EBA8$UX$STANDARDLIB$REQ8$PRES8$EABIv2 0x00000000   Number         0  anon$$obj.o ABSOLUTE
    __ARM_use_no_argv                        0x00000000   Number         0  main.o ABSOLUTE
    _printf_flags                            0x00000000   Number         0  printf_stubs.o ABSOLUTE
    _printf_return_value                     0x00000000   Number         0  printf_stubs.o ABSOLUTE
    _printf_sizespec                         0x00000000   Number         0  printf_stubs.o ABSOLUTE
    _printf_widthprec                        0x00000000   Number         0  printf_stubs.o ABSOLUTE
    __ARM::default_unexpected_handler()       - Undefined Weak Reference
    __ARM_exceptions_buffer_required          - Undefined Weak Reference
    __ARM_exceptions_init                     - Undefined Weak Reference
    __alloca_initialize                       - Undefined Weak Reference
    __arm_preinit_                            - Undefined Weak Reference
    __sigvec_lookup                           - Undefined Weak Reference
    __user_heap_extent                        - Undefined Weak Reference
    _atexit_init                              - Undefined Weak Reference
    _call_atexit_fns                          - Undefined Weak Reference
    _clock_init                               - Undefined Weak Reference
    _fp_trap_init                             - Undefined Weak Reference
    _fp_trap_shutdown                         - Undefined Weak Reference
    _get_lc_collate                           - Undefined Weak Reference
    _get_lc_monetary                          - Undefined Weak Reference
    _get_lc_time                              - Undefined Weak Reference
    _getenv_init                              - Undefined Weak Reference
    _handle_redirection                       - Undefined Weak Reference
    _initio                                   - Undefined Weak Reference
    _mutex_acquire                            - Undefined Weak Reference
    _mutex_free                               - Undefined Weak Reference
    _mutex_release                            - Undefined Weak Reference
    _printf_fp_hex                            - Undefined Weak Reference
    _printf_mbtowc                            - Undefined Weak Reference
    _printf_wc                                - Undefined Weak Reference
    _rand_init                                - Undefined Weak Reference
    _signal_finish                            - Undefined Weak Reference
    _signal_init                              - Undefined Weak Reference
    _terminateio                              - Undefined Weak Reference
    __Vectors_Size                           0x00000130   Number         0  startup_stm32f10x_hd.o ABSOLUTE
    __Vectors                                0x08000000   Data           4  startup_stm32f10x_hd.o(RESET)
    __dso_handle                             0x08000000   Number         0  startup_stm32f10x_hd.o(RESET)
    __Vectors_End                            0x08000130   Data           0  startup_stm32f10x_hd.o(RESET)
    __main                                   0x08000131   Thumb Code     8  __main.o(!!!main)
    __scatterload                            0x08000139   Thumb Code     0  __scatter.o(!!!scatter)
    __scatterload_rt2                        0x08000139   Thumb Code    44  __scatter.o(!!!scatter)
    __scatterload_rt2_thumb_only             0x08000139   Thumb Code     0  __scatter.o(!!!scatter)
    __scatterload_null                       0x08000147   Thumb Code     0  __scatter.o(!!!scatter)
    __scatterload_copy                       0x0800016d   Thumb Code    26  __scatter_copy.o(!!handler_copy)
    __scatterload_zeroinit                   0x08000189   Thumb Code    28  __scatter_zi.o(!!handler_zi)
    _printf_percent                          0x080001a5   Thumb Code     0  _printf_percent.o(.ARM.Collect$$_printf_percent$$00000000)
    _printf_percent_end                      0x080001a5   Thumb Code     0  _printf_percent_end.o(.ARM.Collect$$_printf_percent$$00000017)
    __rt_lib_init                            0x080001a9   Thumb Code     0  libinit.o(.ARM.Collect$$libinit$$00000000)
    __rt_lib_init_fp_1                       0x080001ab   Thumb Code     0  libinit2.o(.ARM.Collect$$libinit$$00000002)
    __rt_lib_init_heap_2                     0x080001ab   Thumb Code     0  libinit2.o(.ARM.Collect$$libinit$$00000005)
    __rt_lib_init_preinit_1                  0x080001ab   Thumb Code     0  libinit2.o(.ARM.Collect$$libinit$$00000004)
    __rt_lib_init_alloca_1                   0x080001b3   Thumb Code     0  libinit2.o(.ARM.Collect$$libinit$$0000002E)
    __rt_lib_init_argv_1                     0x080001b3   Thumb Code     0  libinit2.o(.ARM.Collect$$libinit$$0000002C)
    __rt_lib_init_atexit_1                   0x080001b3   Thumb Code     0  libinit2.o(.ARM.Collect$$libinit$$0000001B)
    __rt_lib_init_clock_1                    0x080001b3   Thumb Code     0  libinit2.o(.ARM.Collect$$libinit$$00000021)
    __rt_lib_init_cpp_2                      0x080001b3   Thumb Code     0  libinit2.o(.ARM.Collect$$libinit$$00000031)
    __rt_lib_init_exceptions_1               0x080001b3   Thumb Code     0  libinit2.o(.ARM.Collect$$libinit$$00000030)
    __rt_lib_init_fp_trap_1                  0x080001b3   Thumb Code     0  libinit2.o(.ARM.Collect$$libinit$$0000001F)
    __rt_lib_init_getenv_1                   0x080001b3   Thumb Code     0  libinit2.o(.ARM.Collect$$libinit$$00000023)
    __rt_lib_init_heap_1                     0x080001b3   Thumb Code     0  libinit2.o(.ARM.Collect$$libinit$$0000000A)
    __rt_lib_init_lc_collate_1               0x080001b3   Thumb Code     0  libinit2.o(.ARM.Collect$$libinit$$00000011)
    __rt_lib_init_lc_ctype_1                 0x080001b3   Thumb Code     0  libinit2.o(.ARM.Collect$$libinit$$00000013)
    __rt_lib_init_lc_monetary_1              0x080001b3   Thumb Code     0  libinit2.o(.ARM.Collect$$libinit$$00000015)
    __rt_lib_init_lc_numeric_1               0x080001b3   Thumb Code     0  libinit2.o(.ARM.Collect$$libinit$$00000017)
    __rt_lib_init_lc_time_1                  0x080001b3   Thumb Code     0  libinit2.o(.ARM.Collect$$libinit$$00000019)
    __rt_lib_init_rand_1                     0x080001b3   Thumb Code     0  libinit2.o(.ARM.Collect$$libinit$$0000000E)
    __rt_lib_init_signal_1                   0x080001b3   Thumb Code     0  libinit2.o(.ARM.Collect$$libinit$$0000001D)
    __rt_lib_init_stdio_1                    0x080001b3   Thumb Code     0  libinit2.o(.ARM.Collect$$libinit$$00000025)
    __rt_lib_init_user_alloc_1               0x080001b3   Thumb Code     0  libinit2.o(.ARM.Collect$$libinit$$0000000C)
    __rt_lib_init_cpp_1                      0x080001b7   Thumb Code     0  libinit2.o(.ARM.Collect$$libinit$$00000032)
    __rt_lib_init_return                     0x080001b7   Thumb Code     0  libinit2.o(.ARM.Collect$$libinit$$00000033)
    __rt_lib_shutdown                        0x080001b9   Thumb Code     0  libshutdown.o(.ARM.Collect$$libshutdown$$00000000)
    __rt_lib_shutdown_cpp_2                  0x080001bb   Thumb Code     0  libshutdown2.o(.ARM.Collect$$libshutdown$$00000001)
    __rt_lib_shutdown_cpp_1                  0x080001c1   Thumb Code     0  libshutdown2.o(.ARM.Collect$$libshutdown$$00000002)
    __rt_lib_shutdown_fp_trap_1              0x080001c1   Thumb Code     0  libshutdown2.o(.ARM.Collect$$libshutdown$$00000007)
    __rt_lib_shutdown_heap_1                 0x080001c1   Thumb Code     0  libshutdown2.o(.ARM.Collect$$libshutdown$$0000000F)
    __rt_lib_shutdown_return                 0x080001c1   Thumb Code     0  libshutdown2.o(.ARM.Collect$$libshutdown$$00000010)
    __rt_lib_shutdown_signal_1               0x080001c1   Thumb Code     0  libshutdown2.o(.ARM.Collect$$libshutdown$$0000000A)
    __rt_lib_shutdown_stdio_1                0x080001c1   Thumb Code     0  libshutdown2.o(.ARM.Collect$$libshutdown$$00000004)
    __rt_lib_shutdown_user_alloc_1           0x080001c1   Thumb Code     0  libshutdown2.o(.ARM.Collect$$libshutdown$$0000000C)
    __rt_entry                               0x080001c3   Thumb Code     0  __rtentry.o(.ARM.Collect$$rtentry$$00000000)
    __rt_entry_presh_1                       0x080001c3   Thumb Code     0  __rtentry2.o(.ARM.Collect$$rtentry$$00000002)
    __rt_entry_sh                            0x080001c3   Thumb Code     0  __rtentry4.o(.ARM.Collect$$rtentry$$00000004)
    __rt_entry_li                            0x080001c9   Thumb Code     0  __rtentry2.o(.ARM.Collect$$rtentry$$0000000A)
    __rt_entry_postsh_1                      0x080001c9   Thumb Code     0  __rtentry2.o(.ARM.Collect$$rtentry$$00000009)
    __rt_entry_main                          0x080001cd   Thumb Code     0  __rtentry2.o(.ARM.Collect$$rtentry$$0000000D)
    __rt_entry_postli_1                      0x080001cd   Thumb Code     0  __rtentry2.o(.ARM.Collect$$rtentry$$0000000C)
    __rt_exit                                0x080001d5   Thumb Code     0  rtexit.o(.ARM.Collect$$rtexit$$00000000)
    __rt_exit_ls                             0x080001d7   Thumb Code     0  rtexit2.o(.ARM.Collect$$rtexit$$00000003)
    __rt_exit_prels_1                        0x080001d7   Thumb Code     0  rtexit2.o(.ARM.Collect$$rtexit$$00000002)
    __rt_exit_exit                           0x080001db   Thumb Code     0  rtexit2.o(.ARM.Collect$$rtexit$$00000004)
    Reset_Handler                            0x080001e1   Thumb Code     8  startup_stm32f10x_hd.o(.text)
    _maybe_terminate_alloc                   0x080001e1   Thumb Code     0  maybetermalloc1.o(.emb_text)
    NMI_Handler                              0x080001e9   Thumb Code     2  startup_stm32f10x_hd.o(.text)
    HardFault_Handler                        0x080001eb   Thumb Code     2  startup_stm32f10x_hd.o(.text)
    MemManage_Handler                        0x080001ed   Thumb Code     2  startup_stm32f10x_hd.o(.text)
    BusFault_Handler                         0x080001ef   Thumb Code     2  startup_stm32f10x_hd.o(.text)
    UsageFault_Handler                       0x080001f1   Thumb Code     2  startup_stm32f10x_hd.o(.text)
    SVC_Handler                              0x080001f3   Thumb Code     2  startup_stm32f10x_hd.o(.text)
    DebugMon_Handler                         0x080001f5   Thumb Code     2  startup_stm32f10x_hd.o(.text)
    PendSV_Handler                           0x080001f7   Thumb Code     2  startup_stm32f10x_hd.o(.text)
    ADC1_2_IRQHandler                        0x080001fb   Thumb Code     0  startup_stm32f10x_hd.o(.text)
    ADC3_IRQHandler                          0x080001fb   Thumb Code     0  startup_stm32f10x_hd.o(.text)
    CAN1_RX1_IRQHandler                      0x080001fb   Thumb Code     0  startup_stm32f10x_hd.o(.text)
    CAN1_SCE_IRQHandler                      0x080001fb   Thumb Code     0  startup_stm32f10x_hd.o(.text)
    DMA1_Channel1_IRQHandler                 0x080001fb   Thumb Code     0  startup_stm32f10x_hd.o(.text)
    DMA1_Channel2_IRQHandler                 0x080001fb   Thumb Code     0  startup_stm32f10x_hd.o(.text)
    DMA1_Channel3_IRQHandler                 0x080001fb   Thumb Code     0  startup_stm32f10x_hd.o(.text)
    DMA1_Channel4_IRQHandler                 0x080001fb   Thumb Code     0  startup_stm32f10x_hd.o(.text)
    DMA1_Channel5_IRQHandler                 0x080001fb   Thumb Code     0  startup_stm32f10x_hd.o(.text)
    DMA1_Channel6_IRQHandler                 0x080001fb   Thumb Code     0  startup_stm32f10x_hd.o(.text)
    DMA1_Channel7_IRQHandler                 0x080001fb   Thumb Code     0  startup_stm32f10x_hd.o(.text)
    DMA2_Channel1_IRQHandler                 0x080001fb   Thumb Code     0  startup_stm32f10x_hd.o(.text)
    DMA2_Channel2_IRQHandler                 0x080001fb   Thumb Code     0  startup_stm32f10x_hd.o(.text)
    DMA2_Channel3_IRQHandler                 0x080001fb   Thumb Code     0  startup_stm32f10x_hd.o(.text)
    DMA2_Channel4_5_IRQHandler               0x080001fb   Thumb Code     0  startup_stm32f10x_hd.o(.text)
    EXTI0_IRQHandler                         0x080001fb   Thumb Code     0  startup_stm32f10x_hd.o(.text)
    EXTI15_10_IRQHandler                     0x080001fb   Thumb Code     0  startup_stm32f10x_hd.o(.text)
    EXTI1_IRQHandler                         0x080001fb   Thumb Code     0  startup_stm32f10x_hd.o(.text)
    EXTI2_IRQHandler                         0x080001fb   Thumb Code     0  startup_stm32f10x_hd.o(.text)
    EXTI3_IRQHandler                         0x080001fb   Thumb Code     0  startup_stm32f10x_hd.o(.text)
    EXTI4_IRQHandler                         0x080001fb   Thumb Code     0  startup_stm32f10x_hd.o(.text)
    EXTI9_5_IRQHandler                       0x080001fb   Thumb Code     0  startup_stm32f10x_hd.o(.text)
    FLASH_IRQHandler                         0x080001fb   Thumb Code     0  startup_stm32f10x_hd.o(.text)
    FSMC_IRQHandler                          0x080001fb   Thumb Code     0  startup_stm32f10x_hd.o(.text)
    I2C1_ER_IRQHandler                       0x080001fb   Thumb Code     0  startup_stm32f10x_hd.o(.text)
    I2C1_EV_IRQHandler                       0x080001fb   Thumb Code     0  startup_stm32f10x_hd.o(.text)
    I2C2_ER_IRQHandler                       0x080001fb   Thumb Code     0  startup_stm32f10x_hd.o(.text)
    I2C2_EV_IRQHandler                       0x080001fb   Thumb Code     0  startup_stm32f10x_hd.o(.text)
    PVD_IRQHandler                           0x080001fb   Thumb Code     0  startup_stm32f10x_hd.o(.text)
    RCC_IRQHandler                           0x080001fb   Thumb Code     0  startup_stm32f10x_hd.o(.text)
    RTCAlarm_IRQHandler                      0x080001fb   Thumb Code     0  startup_stm32f10x_hd.o(.text)
    RTC_IRQHandler                           0x080001fb   Thumb Code     0  startup_stm32f10x_hd.o(.text)
    SDIO_IRQHandler                          0x080001fb   Thumb Code     0  startup_stm32f10x_hd.o(.text)
    SPI1_IRQHandler                          0x080001fb   Thumb Code     0  startup_stm32f10x_hd.o(.text)
    SPI2_IRQHandler                          0x080001fb   Thumb Code     0  startup_stm32f10x_hd.o(.text)
    SPI3_IRQHandler                          0x080001fb   Thumb Code     0  startup_stm32f10x_hd.o(.text)
    TAMPER_IRQHandler                        0x080001fb   Thumb Code     0  startup_stm32f10x_hd.o(.text)
    TIM1_BRK_IRQHandler                      0x080001fb   Thumb Code     0  startup_stm32f10x_hd.o(.text)
    TIM1_CC_IRQHandler                       0x080001fb   Thumb Code     0  startup_stm32f10x_hd.o(.text)
    TIM1_TRG_COM_IRQHandler                  0x080001fb   Thumb Code     0  startup_stm32f10x_hd.o(.text)
    TIM1_UP_IRQHandler                       0x080001fb   Thumb Code     0  startup_stm32f10x_hd.o(.text)
    TIM2_IRQHandler                          0x080001fb   Thumb Code     0  startup_stm32f10x_hd.o(.text)
    TIM3_IRQHandler                          0x080001fb   Thumb Code     0  startup_stm32f10x_hd.o(.text)
    TIM4_IRQHandler                          0x080001fb   Thumb Code     0  startup_stm32f10x_hd.o(.text)
    TIM5_IRQHandler                          0x080001fb   Thumb Code     0  startup_stm32f10x_hd.o(.text)
    TIM6_IRQHandler                          0x080001fb   Thumb Code     0  startup_stm32f10x_hd.o(.text)
    TIM7_IRQHandler                          0x080001fb   Thumb Code     0  startup_stm32f10x_hd.o(.text)
    TIM8_BRK_IRQHandler                      0x080001fb   Thumb Code     0  startup_stm32f10x_hd.o(.text)
    TIM8_CC_IRQHandler                       0x080001fb   Thumb Code     0  startup_stm32f10x_hd.o(.text)
    TIM8_TRG_COM_IRQHandler                  0x080001fb   Thumb Code     0  startup_stm32f10x_hd.o(.text)
    TIM8_UP_IRQHandler                       0x080001fb   Thumb Code     0  startup_stm32f10x_hd.o(.text)
    UART4_IRQHandler                         0x080001fb   Thumb Code     0  startup_stm32f10x_hd.o(.text)
    UART5_IRQHandler                         0x080001fb   Thumb Code     0  startup_stm32f10x_hd.o(.text)
    USBWakeUp_IRQHandler                     0x080001fb   Thumb Code     0  startup_stm32f10x_hd.o(.text)
    WWDG_IRQHandler                          0x080001fb   Thumb Code     0  startup_stm32f10x_hd.o(.text)
    __user_initial_stackheap                 0x080001fd   Thumb Code     0  startup_stm32f10x_hd.o(.text)
    realloc                                  0x08000221   Thumb Code   184  h1_realloc.o(.text)
    __2sprintf                               0x080002d9   Thumb Code    38  __2sprintf.o(.text)
    __aeabi_atexit                           0x08000305   Thumb Code    46  aeabi_atexit.o(.text)
    strlen                                   0x08000333   Thumb Code    62  strlen.o(.text)
    __aeabi_memcpy                           0x08000371   Thumb Code     0  rt_memcpy_v6.o(.text)
    __rt_memcpy                              0x08000371   Thumb Code   138  rt_memcpy_v6.o(.text)
    _memcpy_lastbytes                        0x080003d7   Thumb Code     0  rt_memcpy_v6.o(.text)
    __aeabi_memclr4                          0x080003fb   Thumb Code     0  rt_memclr_w.o(.text)
    __aeabi_memclr8                          0x080003fb   Thumb Code     0  rt_memclr_w.o(.text)
    __rt_memclr_w                            0x080003fb   Thumb Code    78  rt_memclr_w.o(.text)
    _memset_w                                0x080003ff   Thumb Code     0  rt_memclr_w.o(.text)
    __use_two_region_memory                  0x08000449   Thumb Code     2  heapauxi.o(.text)
    __rt_heap_escrow                         0x0800044b   Thumb Code     2  heapauxi.o(.text)
    __rt_heap_expand                         0x0800044d   Thumb Code     2  heapauxi.o(.text)
    __cpp_initialize__aeabi_                 0x08000451   Thumb Code    26  init_aeabi.o(.text)
    __rt_heap_descriptor                     0x08000475   Thumb Code     8  rt_heap_descriptor_intlibspace.o(.text)
    __rt_ddtor_pointer_addr                  0x0800047d   Thumb Code     8  rt_ddtor_pointer_addr_intlibspace.o(.text)
    __use_no_heap                            0x08000485   Thumb Code     2  hguard.o(.text)
    __heap$guard                             0x08000487   Thumb Code     2  hguard.o(.text)
    _terminate_user_alloc                    0x08000489   Thumb Code     2  init_alloc.o(.text)
    _init_user_alloc                         0x0800048b   Thumb Code     2  init_alloc.o(.text)
    __Heap_Full                              0x0800048d   Thumb Code    34  init_alloc.o(.text)
    __Heap_Broken                            0x080004af   Thumb Code     6  init_alloc.o(.text)
    _init_alloc                              0x080004b5   Thumb Code    94  init_alloc.o(.text)
    malloc                                   0x08000513   Thumb Code    94  h1_alloc.o(.text)
    free                                     0x08000571   Thumb Code    78  h1_free.o(.text)
    _printf_char_common                      0x080005cb   Thumb Code    32  _printf_char_common.o(.text)
    _sputc                                   0x080005f1   Thumb Code    10  _sputc.o(.text)
    __printf                                 0x080005fd   Thumb Code   388  __printf_flags_ss_wp.o(.text)
    __cxa_finalize                           0x08000785   Thumb Code    66  cxa_finalize.o(.text)
    __rt_SIGPVFN                             0x080007c7   Thumb Code    14  defsig_pvfn_outer.o(.text)
    __aeabi_memcpy4                          0x080007d5   Thumb Code     0  rt_memcpy_w.o(.text)
    __aeabi_memcpy8                          0x080007d5   Thumb Code     0  rt_memcpy_w.o(.text)
    __rt_memcpy_w                            0x080007d5   Thumb Code   100  rt_memcpy_w.o(.text)
    _memcpy_lastbytes_aligned                0x0800081d   Thumb Code     0  rt_memcpy_w.o(.text)
    __user_libspace                          0x08000839   Thumb Code     8  libspace.o(.text)
    __user_perproc_libspace                  0x08000839   Thumb Code     0  libspace.o(.text)
    __user_perthread_libspace                0x08000839   Thumb Code     0  libspace.o(.text)
    __Heap_Initialize                        0x08000841   Thumb Code    10  h1_init.o(.text)
    __Heap_DescSize                          0x0800084b   Thumb Code     4  h1_init.o(.text)
    __Heap_ProvideMemory                     0x0800084f   Thumb Code    52  h1_extend.o(.text)
    __sig_exit                               0x08000883   Thumb Code    10  defsig_exit.o(.text)
    __rt_SIGRTMEM                            0x0800088d   Thumb Code    14  defsig_rtmem_outer.o(.text)
    __rt_SIGPVFN_inner                       0x0800089d   Thumb Code    14  defsig_pvfn_inner.o(.text)
    _sys_exit                                0x080008cd   Thumb Code     8  sys_exit.o(.text)
    __user_setup_stackheap                   0x080008d9   Thumb Code    74  sys_stackheap_outer.o(.text)
    exit                                     0x08000923   Thumb Code    18  exit.o(.text)
    __default_signal_display                 0x08000935   Thumb Code    50  defsig_general.o(.text)
    __rt_SIGRTMEM_inner                      0x08000969   Thumb Code    22  defsig_rtmem_inner.o(.text)
    _ttywrch                                 0x080009b9   Thumb Code    14  sys_wrch.o(.text)
    __I$use$semihosting                      0x080009c7   Thumb Code     0  use_no_semi.o(.text)
    __use_no_semihosting_swi                 0x080009c7   Thumb Code     2  use_no_semi.o(.text)
    CAN_ClearITPendingBit                    0x080009c9   Thumb Code   162  stm32f10x_can.o(i.CAN_ClearITPendingBit)
    __semihosting_library_function           0x080009c9   Thumb Code     0  indicate_semi.o(.text)
    CAN_GetITStatus                          0x08000a71   Thumb Code   284  stm32f10x_can.o(i.CAN_GetITStatus)
    CAN_Receive                              0x08000b91   Thumb Code   240  stm32f10x_can.o(i.CAN_Receive)
    GPIO_Init                                0x08000c93   Thumb Code   278  stm32f10x_gpio.o(i.GPIO_Init)
    GPIO_ResetBits                           0x08000da9   Thumb Code     4  stm32f10x_gpio.o(i.GPIO_ResetBits)
    GPIO_SetBits                             0x08000dad   Thumb Code     4  stm32f10x_gpio.o(i.GPIO_SetBits)
    NVIC_Init                                0x08000db1   Thumb Code   100  misc.o(i.NVIC_Init)
    RCC_APB1PeriphClockCmd                   0x08000e21   Thumb Code    26  stm32f10x_rcc.o(i.RCC_APB1PeriphClockCmd)
    RCC_APB2PeriphClockCmd                   0x08000e41   Thumb Code    26  stm32f10x_rcc.o(i.RCC_APB2PeriphClockCmd)
    RCC_GetClocksFreq                        0x08000e61   Thumb Code   192  stm32f10x_rcc.o(i.RCC_GetClocksFreq)
    SysTick_Handler                          0x0800101d   Thumb Code    12  millisecondtimer.o(i.SysTick_Handler)
    SystemInit                               0x0800102d   Thumb Code    78  system_stm32f10x.o(i.SystemInit)
    USART1_IRQHandler                        0x0800108d   Thumb Code    12  interrupt.o(i.USART1_IRQHandler)
    USART2_IRQHandler                        0x0800109d   Thumb Code    12  interrupt.o(i.USART2_IRQHandler)
    USART3_IRQHandler                        0x080010ad   Thumb Code    12  interrupt.o(i.USART3_IRQHandler)
    USART_ClearITPendingBit                  0x080010bd   Thumb Code    30  stm32f10x_usart.o(i.USART_ClearITPendingBit)
    USART_Cmd                                0x080010db   Thumb Code    24  stm32f10x_usart.o(i.USART_Cmd)
    USART_GetFlagStatus                      0x080010f3   Thumb Code    26  stm32f10x_usart.o(i.USART_GetFlagStatus)
    USART_GetITStatus                        0x0800110d   Thumb Code    84  stm32f10x_usart.o(i.USART_GetITStatus)
    USART_ITConfig                           0x08001161   Thumb Code    74  stm32f10x_usart.o(i.USART_ITConfig)
    USART_Init                               0x080011ad   Thumb Code   210  stm32f10x_usart.o(i.USART_Init)
    USART_ReceiveData                        0x08001285   Thumb Code    10  stm32f10x_usart.o(i.USART_ReceiveData)
    USART_SendData                           0x0800128f   Thumb Code     8  stm32f10x_usart.o(i.USART_SendData)
    USB_HP_CAN1_TX_IRQHandler                0x08001299   Thumb Code    22  motor.o(i.USB_HP_CAN1_TX_IRQHandler)
    USB_LP_CAN1_RX0_IRQHandler               0x080012b5   Thumb Code   142  motor.o(i.USB_LP_CAN1_RX0_IRQHandler)
    print_debug()                            0x08001359   Thumb Code    42  main.o(i._Z11print_debugv)
    pid_callback(const shop_msgs::Pid&)      0x080013a9   Thumb Code    54  main.o(i._Z12pid_callbackRKN9shop_msgs3PidE)
    command_callback(const geometry_msgs::Twist&) 0x080013f1   Thumb Code    44  main.o(i._Z16command_callbackRKN13geometry_msgs5TwistE)
    publisher_laser_scan()                   0x0800142d   Thumb Code    28  main.o(i._Z20publisher_laser_scanv)
    publisher_linear_velocities()            0x08001455   Thumb Code    22  main.o(i._Z27publisher_linear_velocitiesv)
    Kinematics::Kinematics(int, float, float, float) 0x08001475   Thumb Code    62  kinematics.o(i._ZN10KinematicsC1Eifff)
    Kinematics::Kinematics__sub_object(int, float, float, float) 0x08001475   Thumb Code     0  kinematics.o(i._ZN10KinematicsC1Eifff)
    RingBuffer::store_char(unsigned char)    0x080014bd   Thumb Code    24  ringbuffer.o(i._ZN10RingBuffer10store_charEh)
    RingBuffer::RingBuffer()                 0x080014d5   Thumb Code    22  ringbuffer.o(i._ZN10RingBufferC1Ev)
    RingBuffer::RingBuffer__sub_object()     0x080014d5   Thumb Code     0  ringbuffer.o(i._ZN10RingBufferC1Ev)
    STM32Hardware::time()                    0x080014eb   Thumb Code    10  main.o(i._ZN13STM32Hardware4timeEv)
    geometry_msgs::Twist::deserialize(unsigned char*) 0x080014f5   Thumb Code    34  main.o(i._ZN13geometry_msgs5Twist11deserializeEPh)
    geometry_msgs::Twist::getMD5()           0x08001519   Thumb Code     6  main.o(i._ZN13geometry_msgs5Twist6getMD5Ev)
    geometry_msgs::Twist::getType()          0x08001525   Thumb Code     6  main.o(i._ZN13geometry_msgs5Twist7getTypeEv)
    geometry_msgs::Vector3::deserialize(unsigned char*) 0x08001531   Thumb Code   476  main.o(i._ZN13geometry_msgs7Vector311deserializeEPh)
    geometry_msgs::Vector3::getMD5()         0x0800170d   Thumb Code     6  main.o(i._ZN13geometry_msgs7Vector36getMD5Ev)
    geometry_msgs::Vector3::getType()        0x08001719   Thumb Code     6  main.o(i._ZN13geometry_msgs7Vector37getTypeEv)
    geometry_msgs::Vector3::Vector3()        0x08001725   Thumb Code    20  main.o(i._ZN13geometry_msgs7Vector3C1Ev)
    geometry_msgs::Vector3::Vector3__sub_object() 0x08001725   Thumb Code     0  main.o(i._ZN13geometry_msgs7Vector3C1Ev)
    HardwareSerial::irq()                    0x0800173d   Thumb Code    68  hardwareserial.o(i._ZN14HardwareSerial3irqEv)
    HardwareSerial::read()                   0x08001785   Thumb Code    34  hardwareserial.o(i._ZN14HardwareSerial4readEv)
    HardwareSerial::begin(unsigned)          0x080017a9   Thumb Code   270  hardwareserial.o(i._ZN14HardwareSerial5beginEj)
    HardwareSerial::write(unsigned char)     0x080018d9   Thumb Code    48  hardwareserial.o(i._ZN14HardwareSerial5writeEh)
    HardwareSerial::available()              0x0800190d   Thumb Code    18  hardwareserial.o(i._ZN14HardwareSerial9availableEv)
    HardwareSerial::HardwareSerial(Serial_TypeDef) 0x08001921   Thumb Code    56  hardwareserial.o(i._ZN14HardwareSerialC1E14Serial_TypeDef)
    HardwareSerial::HardwareSerial__sub_object(Serial_TypeDef) 0x08001921   Thumb Code     0  hardwareserial.o(i._ZN14HardwareSerialC1E14Serial_TypeDef)
    HardwareSerial::~HardwareSerial()        0x08001965   Thumb Code     2  main.o(i._ZN14HardwareSerialD1Ev)
    HardwareSerial::~HardwareSerial__sub_object() 0x08001965   Thumb Code     0  main.o(i._ZN14HardwareSerialD1Ev)
    rosserial_msgs::RequestParamResponse::deserialize(unsigned char*) 0x08001967   Thumb Code   324  main.o(i._ZN14rosserial_msgs20RequestParamResponse11deserializeEPh)
    rosserial_msgs::RequestParamResponse::getMD5() 0x08001aad   Thumb Code     6  main.o(i._ZN14rosserial_msgs20RequestParamResponse6getMD5Ev)
    rosserial_msgs::RequestParamResponse::getType() 0x08001ab9   Thumb Code     6  main.o(i._ZN14rosserial_msgs20RequestParamResponse7getTypeEv)
    rosserial_msgs::Log::getMD5()            0x08001ac5   Thumb Code     6  main.o(i._ZN14rosserial_msgs3Log6getMD5Ev)
    rosserial_msgs::Log::getType()           0x08001ad1   Thumb Code     6  main.o(i._ZN14rosserial_msgs3Log7getTypeEv)
    rosserial_msgs::TopicInfo::getMD5()      0x08001add   Thumb Code     6  main.o(i._ZN14rosserial_msgs9TopicInfo6getMD5Ev)
    rosserial_msgs::TopicInfo::getType()     0x08001ae9   Thumb Code     6  main.o(i._ZN14rosserial_msgs9TopicInfo7getTypeEv)
    Led::on_off(bool)                        0x08001af5   Thumb Code    30  led.o(i._ZN3Led6on_offEb)
    PID::resetPid(float, float, float)       0x08001b19   Thumb Code    28  pid.o(i._ZN3PID8resetPidEfff)
    PID::PID(PidTpyeDef, float, float, float, unsigned, unsigned, float) 0x08001b35   Thumb Code    22  pid.o(i._ZN3PIDC1E10PidTpyeDeffffjjf)
    PID::PID__sub_object(PidTpyeDef, float, float, float, unsigned, unsigned, float) 0x08001b35   Thumb Code     0  pid.o(i._ZN3PIDC1E10PidTpyeDeffffjjf)
    ros::Subscriber_::Subscriber___sub_object() 0x08001b4d   Thumb Code     6  main.o(i._ZN3ros11Subscriber_C2Ev)
    ros::normalizeSecNSec(unsigned long&, unsigned long&) 0x08001b59   Thumb Code    30  time.o(i._ZN3ros16normalizeSecNSecERmS0_)
    ros::Msg::Msg__sub_object()              0x08001b7d   Thumb Code     6  main.o(i._ZN3ros3MsgC2Ev)
    ros::Publisher::publish(const ros::Msg*) 0x08001b89   Thumb Code    20  main.o(i._ZN3ros9Publisher7publishEPKNS_3MsgE)
    ros::Publisher::Publisher(const char*, ros::Msg*, int) 0x08001b9d   Thumb Code     8  main.o(i._ZN3ros9PublisherC1EPKcPNS_3MsgEi)
    ros::Publisher::Publisher__sub_object(const char*, ros::Msg*, int) 0x08001b9d   Thumb Code     0  main.o(i._ZN3ros9PublisherC1EPKcPNS_3MsgEi)
    Motor::Get_Speed(unsigned short)         0x08001ba5   Thumb Code     6  motor.o(i._ZN5Motor9Get_SpeedEt)
    Motor::Motor(unsigned)                   0x08001bad   Thumb Code    46  motor.o(i._ZN5MotorC1Ej)
    Motor::Motor__sub_object(unsigned)       0x08001bad   Thumb Code     0  motor.o(i._ZN5MotorC1Ej)
    std_msgs::Time::deserialize(unsigned char*) 0x08001be5   Thumb Code    92  main.o(i._ZN8std_msgs4Time11deserializeEPh)
    std_msgs::Time::getMD5()                 0x08001c41   Thumb Code     6  main.o(i._ZN8std_msgs4Time6getMD5Ev)
    std_msgs::Time::getType()                0x08001c4d   Thumb Code     6  main.o(i._ZN8std_msgs4Time7getTypeEv)
    std_msgs::Time::Time()                   0x08001c59   Thumb Code    32  main.o(i._ZN8std_msgs4TimeC1Ev)
    std_msgs::Time::Time__sub_object()       0x08001c59   Thumb Code     0  main.o(i._ZN8std_msgs4TimeC1Ev)
    shop_msgs::Velocities::getMD5()          0x08001c7d   Thumb Code     6  main.o(i._ZN9shop_msgs10Velocities6getMD5Ev)
    shop_msgs::Velocities::getType()         0x08001c89   Thumb Code     6  main.o(i._ZN9shop_msgs10Velocities7getTypeEv)
    shop_msgs::Pid::deserialize(unsigned char*) 0x08001c95   Thumb Code   170  main.o(i._ZN9shop_msgs3Pid11deserializeEPh)
    shop_msgs::Pid::getMD5()                 0x08001d41   Thumb Code     6  main.o(i._ZN9shop_msgs3Pid6getMD5Ev)
    shop_msgs::Pid::getType()                0x08001d4d   Thumb Code     6  main.o(i._ZN9shop_msgs3Pid7getTypeEv)
    shop_msgs::LaserScan::getMD5()           0x08001d59   Thumb Code     6  main.o(i._ZN9shop_msgs9LaserScan6getMD5Ev)
    shop_msgs::LaserScan::getType()          0x08001d65   Thumb Code     6  main.o(i._ZN9shop_msgs9LaserScan7getTypeEv)
    geometry_msgs::Twist::serialize(unsigned char*) const 0x08001d71   Thumb Code    34  main.o(i._ZNK13geometry_msgs5Twist9serializeEPh)
    geometry_msgs::Vector3::serialize(unsigned char*) const 0x08001d93   Thumb Code   428  main.o(i._ZNK13geometry_msgs7Vector39serializeEPh)
    rosserial_msgs::RequestParamResponse::serialize(unsigned char*) const 0x08001f3f   Thumb Code   254  main.o(i._ZNK14rosserial_msgs20RequestParamResponse9serializeEPh)
    rosserial_msgs::Log::serialize(unsigned char*) const 0x0800203d   Thumb Code    48  main.o(i._ZNK14rosserial_msgs3Log9serializeEPh)
    rosserial_msgs::TopicInfo::serialize(unsigned char*) const 0x0800206d   Thumb Code   146  main.o(i._ZNK14rosserial_msgs9TopicInfo9serializeEPh)
    std_msgs::Time::serialize(unsigned char*) const 0x080020ff   Thumb Code    68  main.o(i._ZNK8std_msgs4Time9serializeEPh)
    shop_msgs::Velocities::serialize(unsigned char*) const 0x08002143   Thumb Code   110  main.o(i._ZNK9shop_msgs10Velocities9serializeEPh)
    shop_msgs::Pid::serialize(unsigned char*) const 0x080021b1   Thumb Code   110  main.o(i._ZNK9shop_msgs3Pid9serializeEPh)
    shop_msgs::LaserScan::serialize(unsigned char*) const 0x0800221f   Thumb Code   182  main.o(i._ZNK9shop_msgs9LaserScan9serializeEPh)
    __cxa_pure_virtual                       0x080022d5   Thumb Code     6  pure_virt.o(i.__cxa_pure_virtual)
    _is_digit                                0x0800240d   Thumb Code    14  __printf_wp.o(i._is_digit)
    initialise                               0x0800241d   Thumb Code    90  millisecondtimer.o(i.initialise)
    main                                     0x08002489   Thumb Code   260  main.o(i.main)
    millis                                   0x080025b9   Thumb Code     6  millisecondtimer.o(i.millis)
    ros::Subscriber<geometry_msgs::Twist>::getMsgType() 0x080025c5   Thumb Code     8  main.o(t._ZN3ros10SubscriberIN13geometry_msgs5TwistEE10getMsgTypeEv)
    ros::Subscriber<geometry_msgs::Twist>::getEndpointType() 0x080025d1   Thumb Code     6  main.o(t._ZN3ros10SubscriberIN13geometry_msgs5TwistEE15getEndpointTypeEv)
    ros::Subscriber<geometry_msgs::Twist>::callback(unsigned char*) 0x080025d7   Thumb Code    26  main.o(t._ZN3ros10SubscriberIN13geometry_msgs5TwistEE8callbackEPh)
    ros::Subscriber<geometry_msgs::Twist>::getMsgMD5() 0x080025f1   Thumb Code     8  main.o(t._ZN3ros10SubscriberIN13geometry_msgs5TwistEE9getMsgMD5Ev)
    ros::Subscriber<geometry_msgs::Twist>::Subscriber(const char*, void(*)(const geometry_msgs::Twist&), int) 0x080025fd   Thumb Code    72  main.o(t._ZN3ros10SubscriberIN13geometry_msgs5TwistEEC1EPKcPFvRKS2_Ei)
    ros::Subscriber<geometry_msgs::Twist>::Subscriber__sub_object(const char*, void(*)(const geometry_msgs::Twist&), int) 0x080025fd   Thumb Code     0  main.o(t._ZN3ros10SubscriberIN13geometry_msgs5TwistEEC1EPKcPFvRKS2_Ei)
    ros::Subscriber<shop_msgs::Pid>::getMsgType() 0x0800264d   Thumb Code     8  main.o(t._ZN3ros10SubscriberIN9shop_msgs3PidEE10getMsgTypeEv)
    ros::Subscriber<shop_msgs::Pid>::getEndpointType() 0x08002659   Thumb Code     6  main.o(t._ZN3ros10SubscriberIN9shop_msgs3PidEE15getEndpointTypeEv)
    ros::Subscriber<shop_msgs::Pid>::callback(unsigned char*) 0x0800265f   Thumb Code    26  main.o(t._ZN3ros10SubscriberIN9shop_msgs3PidEE8callbackEPh)
    ros::Subscriber<shop_msgs::Pid>::getMsgMD5() 0x08002679   Thumb Code     8  main.o(t._ZN3ros10SubscriberIN9shop_msgs3PidEE9getMsgMD5Ev)
    ros::Subscriber<shop_msgs::Pid>::Subscriber(const char*, void(*)(const shop_msgs::Pid&), int) 0x08002685   Thumb Code    68  main.o(t._ZN3ros10SubscriberIN9shop_msgs3PidEEC1EPKcPFvRKS2_Ei)
    ros::Subscriber<shop_msgs::Pid>::Subscriber__sub_object(const char*, void(*)(const shop_msgs::Pid&), int) 0x08002685   Thumb Code     0  main.o(t._ZN3ros10SubscriberIN9shop_msgs3PidEEC1EPKcPFvRKS2_Ei)
    ros::NodeHandle_<STM32Hardware, (int)25, (int)25, (int)1024, (int)1024>::negotiateTopics() 0x080026d1   Thumb Code   288  main.o(t._ZN3ros11NodeHandle_I13STM32HardwareLi25ELi25ELi1024ELi1024EE15negotiateTopicsEv)
    ros::NodeHandle_<STM32Hardware, (int)25, (int)25, (int)1024, (int)1024>::requestSyncTime() 0x080027f5   Thumb Code    32  main.o(t._ZN3ros11NodeHandle_I13STM32HardwareLi25ELi25ELi1024ELi1024EE15requestSyncTimeEv)
    ros::NodeHandle_<STM32Hardware, (int)25, (int)25, (int)1024, (int)1024>::log(char, const char*) 0x08002815   Thumb Code    42  main.o(t._ZN3ros11NodeHandle_I13STM32HardwareLi25ELi25ELi1024ELi1024EE3logEcPKc)
    ros::NodeHandle_<STM32Hardware, (int)25, (int)25, (int)1024, (int)1024>::loginfo(const char*) 0x08002845   Thumb Code    18  main.o(t._ZN3ros11NodeHandle_I13STM32HardwareLi25ELi25ELi1024ELi1024EE7loginfoEPKc)
    ros::NodeHandle_<STM32Hardware, (int)25, (int)25, (int)1024, (int)1024>::publish(int, const ros::Msg*) 0x08002859   Thumb Code   230  main.o(t._ZN3ros11NodeHandle_I13STM32HardwareLi25ELi25ELi1024ELi1024EE7publishEiPKNS_3MsgE)
    ros::NodeHandle_<STM32Hardware, (int)25, (int)25, (int)1024, (int)1024>::spinOnce() 0x08002945   Thumb Code   642  main.o(t._ZN3ros11NodeHandle_I13STM32HardwareLi25ELi25ELi1024ELi1024EE8spinOnceEv)
    ros::NodeHandle_<STM32Hardware, (int)25, (int)25, (int)1024, (int)1024>::syncTime(unsigned char*) 0x08002bc9   Thumb Code   154  main.o(t._ZN3ros11NodeHandle_I13STM32HardwareLi25ELi25ELi1024ELi1024EE8syncTimeEPh)
    ros::NodeHandle_<STM32Hardware, (int)25, (int)25, (int)1024, (int)1024>::advertise(ros::Publisher&) 0x08002c69   Thumb Code    48  main.o(t._ZN3ros11NodeHandle_I13STM32HardwareLi25ELi25ELi1024ELi1024EE9advertiseERNS_9PublisherE)
    ros::NodeHandle_<STM32Hardware, (int)25, (int)25, (int)1024, (int)1024>::NodeHandle_() 0x08002c99   Thumb Code   172  main.o(t._ZN3ros11NodeHandle_I13STM32HardwareLi25ELi25ELi1024ELi1024EEC1Ev)
    ros::NodeHandle_<STM32Hardware, (int)25, (int)25, (int)1024, (int)1024>::NodeHandle___sub_object() 0x08002c99   Thumb Code     0  main.o(t._ZN3ros11NodeHandle_I13STM32HardwareLi25ELi25ELi1024ELi1024EEC1Ev)
    __aeabi_d2f                              0x08002d55   Thumb Code     0  d2f.o(x$fpl$d2f)
    _d2f                                     0x08002d55   Thumb Code    98  d2f.o(x$fpl$d2f)
    __aeabi_dmul                             0x08002db9   Thumb Code     0  dmul.o(x$fpl$dmul)
    _dmul                                    0x08002db9   Thumb Code   332  dmul.o(x$fpl$dmul)
    __fpl_dnaninf                            0x08002f0d   Thumb Code   156  dnaninf.o(x$fpl$dnaninf)
    __fpl_dretinf                            0x08002fa9   Thumb Code    12  dretinf.o(x$fpl$dretinf)
    __aeabi_f2d                              0x08002fb5   Thumb Code     0  f2d.o(x$fpl$f2d)
    _f2d                                     0x08002fb5   Thumb Code    86  f2d.o(x$fpl$f2d)
    __fpl_fcmp_Inf                           0x0800300b   Thumb Code    24  fcmpi.o(x$fpl$fcmpinf)
    __aeabi_f2iz                             0x08003025   Thumb Code     0  ffix.o(x$fpl$ffix)
    _ffix                                    0x08003025   Thumb Code    54  ffix.o(x$fpl$ffix)
    __aeabi_cfcmple                          0x0800305d   Thumb Code     0  fleqf.o(x$fpl$fleqf)
    _fcmple                                  0x0800305d   Thumb Code   104  fleqf.o(x$fpl$fleqf)
    __fpl_fcmple_InfNaN                      0x080030af   Thumb Code     0  fleqf.o(x$fpl$fleqf)
    __fpl_fnaninf                            0x080030c5   Thumb Code   140  fnaninf.o(x$fpl$fnaninf)
    __fpl_fretinf                            0x08003151   Thumb Code    10  fretinf.o(x$fpl$fretinf)
    __I$use$fp                               0x0800315a   Number         0  usenofp.o(x$fpl$usenofp)
    vtable for geometry_msgs::Twist          0x080031bc   Data          24  main.o(.constdata__ZTVN13geometry_msgs5TwistE)
    vtable for geometry_msgs::Vector3        0x080031d4   Data          24  main.o(.constdata__ZTVN13geometry_msgs7Vector3E)
    vtable for rosserial_msgs::RequestParamResponse 0x080031ec   Data          24  main.o(.constdata__ZTVN14rosserial_msgs20RequestParamResponseE)
    vtable for rosserial_msgs::Log           0x08003204   Data          24  main.o(.constdata__ZTVN14rosserial_msgs3LogE)
    vtable for rosserial_msgs::TopicInfo     0x0800321c   Data          24  main.o(.constdata__ZTVN14rosserial_msgs9TopicInfoE)
    vtable for ros::Subscriber<geometry_msgs::Twist> 0x08003234   Data          24  main.o(.constdata__ZTVN3ros10SubscriberIN13geometry_msgs5TwistEEE)
    vtable for ros::Subscriber<shop_msgs::Pid> 0x0800324c   Data          24  main.o(.constdata__ZTVN3ros10SubscriberIN9shop_msgs3PidEEE)
    vtable for ros::NodeHandle_<STM32Hardware, (int)25, (int)25, (int)1024, (int)1024> 0x08003264   Data          20  main.o(.constdata__ZTVN3ros11NodeHandle_I13STM32HardwareLi25ELi25ELi1024ELi1024EEE)
    vtable for ros::Subscriber_              0x08003278   Data          24  main.o(.constdata__ZTVN3ros11Subscriber_E)
    vtable for ros::NodeHandleBase_          0x08003290   Data          20  main.o(.constdata__ZTVN3ros15NodeHandleBase_E)
    vtable for ros::Msg                      0x080032a4   Data          24  main.o(.constdata__ZTVN3ros3MsgE)
    vtable for std_msgs::Time                0x080032bc   Data          24  main.o(.constdata__ZTVN8std_msgs4TimeE)
    vtable for shop_msgs::Velocities         0x080032d4   Data          24  main.o(.constdata__ZTVN9shop_msgs10VelocitiesE)
    vtable for shop_msgs::Pid                0x080032ec   Data          24  main.o(.constdata__ZTVN9shop_msgs3PidE)
    vtable for shop_msgs::LaserScan          0x08003304   Data          24  main.o(.constdata__ZTVN9shop_msgs9LaserScanE)
    geometry_msgs::Twist::getMD5()::string   0x0800331c   Data          33  main.o(.constdata__ZZN13geometry_msgs5Twist6getMD5EvEs)
    geometry_msgs::Twist::getType()::string  0x0800333d   Data          20  main.o(.constdata__ZZN13geometry_msgs5Twist7getTypeEvEs)
    geometry_msgs::Vector3::getMD5()::string 0x08003351   Data          33  main.o(.constdata__ZZN13geometry_msgs7Vector36getMD5EvEs)
    geometry_msgs::Vector3::getType()::string 0x08003372   Data          22  main.o(.constdata__ZZN13geometry_msgs7Vector37getTypeEvEs)
    rosserial_msgs::RequestParamResponse::getMD5()::string 0x08003388   Data          33  main.o(.constdata__ZZN14rosserial_msgs20RequestParamResponse6getMD5EvEs)
    rosserial_msgs::Log::getMD5()::string    0x080033a9   Data          33  main.o(.constdata__ZZN14rosserial_msgs3Log6getMD5EvEs)
    rosserial_msgs::Log::getType()::string   0x080033ca   Data          19  main.o(.constdata__ZZN14rosserial_msgs3Log7getTypeEvEs)
    rosserial_msgs::TopicInfo::getMD5()::string 0x080033dd   Data          33  main.o(.constdata__ZZN14rosserial_msgs9TopicInfo6getMD5EvEs)
    rosserial_msgs::TopicInfo::getType()::string 0x080033fe   Data          25  main.o(.constdata__ZZN14rosserial_msgs9TopicInfo7getTypeEvEs)
    ros::NodeHandle_<STM32Hardware, (int)25, (int)25, (int)1024, (int)1024>::publish(int, const ros::Msg*)::string 0x08003417   Data          57  main.o(.constdata__ZZN3ros11NodeHandle_I13STM32HardwareLi25ELi25ELi1024ELi1024EE7publishEiPKNS_3MsgEEs)
    std_msgs::Time::getMD5()::string         0x08003450   Data          33  main.o(.constdata__ZZN8std_msgs4Time6getMD5EvEs)
    std_msgs::Time::getType()::string        0x08003471   Data          14  main.o(.constdata__ZZN8std_msgs4Time7getTypeEvEs)
    shop_msgs::Velocities::getMD5()::string  0x0800347f   Data          33  main.o(.constdata__ZZN9shop_msgs10Velocities6getMD5EvEs)
    shop_msgs::Velocities::getType()::string 0x080034a0   Data          21  main.o(.constdata__ZZN9shop_msgs10Velocities7getTypeEvEs)
    shop_msgs::Pid::getMD5()::string         0x080034b5   Data          33  main.o(.constdata__ZZN9shop_msgs3Pid6getMD5EvEs)
    shop_msgs::Pid::getType()::string        0x080034d6   Data          14  main.o(.constdata__ZZN9shop_msgs3Pid7getTypeEvEs)
    shop_msgs::LaserScan::getMD5()::string   0x080034e4   Data          33  main.o(.constdata__ZZN9shop_msgs9LaserScan6getMD5EvEs)
    shop_msgs::LaserScan::getType()::string  0x08003505   Data          20  main.o(.constdata__ZZN9shop_msgs9LaserScan7getTypeEvEs)
    Region$$Table$$Base                      0x0800351c   Number         0  anon$$obj.o(Region$$Table)
    Region$$Table$$Limit                     0x0800353c   Number         0  anon$$obj.o(Region$$Table)
    SHT$$INIT_ARRAY$$Base                    0x0800353c   Number         0  main.o(.init_array)
    SHT$$INIT_ARRAY$$Limit                   0x08003540   Number         0  init_aeabi.o(.init_array)
    required_angular_vel                     0x20000000   Data           8  main.o(.data)
    required_linear_vel_x                    0x20000008   Data           8  main.o(.data)
    required_linear_vel_y                    0x20000010   Data           8  main.o(.data)
    previous_command_time                    0x20000018   Data           4  main.o(.data)
    led                                      0x2000001c   Data           1  main.o(.data)
    _counter                                 0x20000020   Data           4  millisecondtimer.o(.data)
    SERIAL_USART                             0x20000024   Data          12  hardwareserial.o(.data)
    SERIAL_PORT                              0x20000030   Data          12  hardwareserial.o(.data)
    Serial1                                  0x2000003c   Data           4  interrupt.o(.data)
    Serial2                                  0x20000040   Data           4  interrupt.o(.data)
    Serial3                                  0x20000044   Data           4  interrupt.o(.data)
    SystemCoreClock                          0x2000005c   Data           4  system_stm32f10x.o(.data)
    AHBPrescTable                            0x20000060   Data          16  system_stm32f10x.o(.data)
    Serial                                   0x20000070   Data          76  main.o(.bss)
    motor1                                   0x200000bc   Data          76  main.o(.bss)
    motor2                                   0x20000108   Data          76  main.o(.bss)
    motor3                                   0x20000154   Data          76  main.o(.bss)
    motor4                                   0x200001a0   Data          76  main.o(.bss)
    kinematics                               0x200001ec   Data          32  main.o(.bss)
    nh                                       0x2000020c   Data        2352  main.o(.bss)
    raw_vel_msg                              0x20000b3c   Data          16  main.o(.bss)
    raw_scan_msg                             0x20000b4c   Data          24  main.o(.bss)
    cmd_sub                                  0x20000b64   Data          56  main.o(.bss)
    pid_sub                                  0x20000b9c   Data          36  main.o(.bss)
    raw_vel_pub                              0x20000bc0   Data          20  main.o(.bss)
    raw_larscan_pub                          0x20000bd4   Data          20  main.o(.bss)
    __libspace_start                         0x20000be8   Data          96  libspace.o(.bss)
    __temporary_stack_top$libspace           0x20000c48   Data           0  libspace.o(.bss)



==============================================================================

Memory Map of the image

  Image Entry point : 0x08000131

  Load Region LR_IROM1 (Base: 0x08000000, Size: 0x000035b0, Max: 0x00080000, ABSOLUTE)

    Execution Region ER_IROM1 (Base: 0x08000000, Size: 0x00003540, Max: 0x00080000, ABSOLUTE)

    Base Addr    Size         Type   Attr      Idx    E Section Name        Object

    0x08000000   0x00000130   Data   RO         4477    RESET               startup_stm32f10x_hd.o
    0x08000130   0x00000008   Code   RO         4690  * !!!main             c_w.l(__main.o)
    0x08000138   0x00000034   Code   RO         5281    !!!scatter          c_w.l(__scatter.o)
    0x0800016c   0x0000001a   Code   RO         5283    !!handler_copy      c_w.l(__scatter_copy.o)
    0x08000186   0x00000002   PAD
    0x08000188   0x0000001c   Code   RO         5285    !!handler_zi        c_w.l(__scatter_zi.o)
    0x080001a4   0x00000000   Code   RO         4973    .ARM.Collect$$_printf_percent$$00000000  c_w.l(_printf_percent.o)
    0x080001a4   0x00000004   Code   RO         5105    .ARM.Collect$$_printf_percent$$00000017  c_w.l(_printf_percent_end.o)
    0x080001a8   0x00000002   Code   RO         5225    .ARM.Collect$$libinit$$00000000  c_w.l(libinit.o)
    0x080001aa   0x00000000   Code   RO         4993    .ARM.Collect$$libinit$$00000002  c_w.l(libinit2.o)
    0x080001aa   0x00000000   Code   RO         4995    .ARM.Collect$$libinit$$00000004  c_w.l(libinit2.o)
    0x080001aa   0x00000008   Code   RO         4996    .ARM.Collect$$libinit$$00000005  c_w.l(libinit2.o)
    0x080001b2   0x00000000   Code   RO         4998    .ARM.Collect$$libinit$$0000000A  c_w.l(libinit2.o)
    0x080001b2   0x00000000   Code   RO         5000    .ARM.Collect$$libinit$$0000000C  c_w.l(libinit2.o)
    0x080001b2   0x00000000   Code   RO         5002    .ARM.Collect$$libinit$$0000000E  c_w.l(libinit2.o)
    0x080001b2   0x00000000   Code   RO         5005    .ARM.Collect$$libinit$$00000011  c_w.l(libinit2.o)
    0x080001b2   0x00000000   Code   RO         5007    .ARM.Collect$$libinit$$00000013  c_w.l(libinit2.o)
    0x080001b2   0x00000000   Code   RO         5009    .ARM.Collect$$libinit$$00000015  c_w.l(libinit2.o)
    0x080001b2   0x00000000   Code   RO         5011    .ARM.Collect$$libinit$$00000017  c_w.l(libinit2.o)
    0x080001b2   0x00000000   Code   RO         5013    .ARM.Collect$$libinit$$00000019  c_w.l(libinit2.o)
    0x080001b2   0x00000000   Code   RO         5015    .ARM.Collect$$libinit$$0000001B  c_w.l(libinit2.o)
    0x080001b2   0x00000000   Code   RO         5017    .ARM.Collect$$libinit$$0000001D  c_w.l(libinit2.o)
    0x080001b2   0x00000000   Code   RO         5019    .ARM.Collect$$libinit$$0000001F  c_w.l(libinit2.o)
    0x080001b2   0x00000000   Code   RO         5021    .ARM.Collect$$libinit$$00000021  c_w.l(libinit2.o)
    0x080001b2   0x00000000   Code   RO         5023    .ARM.Collect$$libinit$$00000023  c_w.l(libinit2.o)
    0x080001b2   0x00000000   Code   RO         5025    .ARM.Collect$$libinit$$00000025  c_w.l(libinit2.o)
    0x080001b2   0x00000000   Code   RO         5029    .ARM.Collect$$libinit$$0000002C  c_w.l(libinit2.o)
    0x080001b2   0x00000000   Code   RO         5031    .ARM.Collect$$libinit$$0000002E  c_w.l(libinit2.o)
    0x080001b2   0x00000000   Code   RO         5033    .ARM.Collect$$libinit$$00000030  c_w.l(libinit2.o)
    0x080001b2   0x00000004   Code   RO         5034    .ARM.Collect$$libinit$$00000031  c_w.l(libinit2.o)
    0x080001b6   0x00000000   Code   RO         5035    .ARM.Collect$$libinit$$00000032  c_w.l(libinit2.o)
    0x080001b6   0x00000002   Code   RO         5036    .ARM.Collect$$libinit$$00000033  c_w.l(libinit2.o)
    0x080001b8   0x00000002   Code   RO         5278    .ARM.Collect$$libshutdown$$00000000  c_w.l(libshutdown.o)
    0x080001ba   0x00000006   Code   RO         5123    .ARM.Collect$$libshutdown$$00000001  c_w.l(libshutdown2.o)
    0x080001c0   0x00000000   Code   RO         5124    .ARM.Collect$$libshutdown$$00000002  c_w.l(libshutdown2.o)
    0x080001c0   0x00000000   Code   RO         5126    .ARM.Collect$$libshutdown$$00000004  c_w.l(libshutdown2.o)
    0x080001c0   0x00000000   Code   RO         5129    .ARM.Collect$$libshutdown$$00000007  c_w.l(libshutdown2.o)
    0x080001c0   0x00000000   Code   RO         5132    .ARM.Collect$$libshutdown$$0000000A  c_w.l(libshutdown2.o)
    0x080001c0   0x00000000   Code   RO         5134    .ARM.Collect$$libshutdown$$0000000C  c_w.l(libshutdown2.o)
    0x080001c0   0x00000000   Code   RO         5137    .ARM.Collect$$libshutdown$$0000000F  c_w.l(libshutdown2.o)
    0x080001c0   0x00000002   Code   RO         5138    .ARM.Collect$$libshutdown$$00000010  c_w.l(libshutdown2.o)
    0x080001c2   0x00000000   Code   RO         4853    .ARM.Collect$$rtentry$$00000000  c_w.l(__rtentry.o)
    0x080001c2   0x00000000   Code   RO         5067    .ARM.Collect$$rtentry$$00000002  c_w.l(__rtentry2.o)
    0x080001c2   0x00000006   Code   RO         5079    .ARM.Collect$$rtentry$$00000004  c_w.l(__rtentry4.o)
    0x080001c8   0x00000000   Code   RO         5069    .ARM.Collect$$rtentry$$00000009  c_w.l(__rtentry2.o)
    0x080001c8   0x00000004   Code   RO         5070    .ARM.Collect$$rtentry$$0000000A  c_w.l(__rtentry2.o)
    0x080001cc   0x00000000   Code   RO         5072    .ARM.Collect$$rtentry$$0000000C  c_w.l(__rtentry2.o)
    0x080001cc   0x00000008   Code   RO         5073    .ARM.Collect$$rtentry$$0000000D  c_w.l(__rtentry2.o)
    0x080001d4   0x00000002   Code   RO         5238    .ARM.Collect$$rtexit$$00000000  c_w.l(rtexit.o)
    0x080001d6   0x00000000   Code   RO         5256    .ARM.Collect$$rtexit$$00000002  c_w.l(rtexit2.o)
    0x080001d6   0x00000004   Code   RO         5257    .ARM.Collect$$rtexit$$00000003  c_w.l(rtexit2.o)
    0x080001da   0x00000006   Code   RO         5258    .ARM.Collect$$rtexit$$00000004  c_w.l(rtexit2.o)
    0x080001e0   0x00000000   Code   RO         5083    .emb_text           c_w.l(maybetermalloc1.o)
    0x080001e0   0x00000040   Code   RO         4478    .text               startup_stm32f10x_hd.o
    0x08000220   0x000000b8   Code   RO         4616    .text               c_w.l(h1_realloc.o)
    0x080002d8   0x0000002c   Code   RO         4672    .text               c_w.l(__2sprintf.o)
    0x08000304   0x0000002e   Code   RO         4679    .text               c_w.l(aeabi_atexit.o)
    0x08000332   0x0000003e   Code   RO         4682    .text               c_w.l(strlen.o)
    0x08000370   0x0000008a   Code   RO         4684    .text               c_w.l(rt_memcpy_v6.o)
    0x080003fa   0x0000004e   Code   RO         4686    .text               c_w.l(rt_memclr_w.o)
    0x08000448   0x00000006   Code   RO         4688    .text               c_w.l(heapauxi.o)
    0x0800044e   0x00000002   PAD
    0x08000450   0x00000024   Code   RO         4695    .text               c_w.l(init_aeabi.o)
    0x08000474   0x00000008   Code   RO         4857    .text               c_w.l(rt_heap_descriptor_intlibspace.o)
    0x0800047c   0x00000008   Code   RO         4862    .text               c_w.l(rt_ddtor_pointer_addr_intlibspace.o)
    0x08000484   0x00000004   Code   RO         4864    .text               c_w.l(hguard.o)
    0x08000488   0x0000008a   Code   RO         4866    .text               c_w.l(init_alloc.o)
    0x08000512   0x0000005e   Code   RO         4874    .text               c_w.l(h1_alloc.o)
    0x08000570   0x0000004e   Code   RO         4876    .text               c_w.l(h1_free.o)
    0x080005be   0x00000002   PAD
    0x080005c0   0x00000030   Code   RO         4904    .text               c_w.l(_printf_char_common.o)
    0x080005f0   0x0000000a   Code   RO         4906    .text               c_w.l(_sputc.o)
    0x080005fa   0x00000002   PAD
    0x080005fc   0x00000188   Code   RO         4957    .text               c_w.l(__printf_flags_ss_wp.o)
    0x08000784   0x00000042   Code   RO         4983    .text               c_w.l(cxa_finalize.o)
    0x080007c6   0x0000000e   Code   RO         4986    .text               c_w.l(defsig_pvfn_outer.o)
    0x080007d4   0x00000064   Code   RO         4990    .text               c_w.l(rt_memcpy_w.o)
    0x08000838   0x00000008   Code   RO         5063    .text               c_w.l(libspace.o)
    0x08000840   0x0000000e   Code   RO         5085    .text               c_w.l(h1_init.o)
    0x0800084e   0x00000034   Code   RO         5087    .text               c_w.l(h1_extend.o)
    0x08000882   0x0000000a   Code   RO         5108    .text               c_w.l(defsig_exit.o)
    0x0800088c   0x0000000e   Code   RO         5110    .text               c_w.l(defsig_rtmem_outer.o)
    0x0800089a   0x00000002   PAD
    0x0800089c   0x00000030   Code   RO         5114    .text               c_w.l(defsig_pvfn_inner.o)
    0x080008cc   0x0000000c   Code   RO         5156    .text               c_w.l(sys_exit.o)
    0x080008d8   0x0000004a   Code   RO         5158    .text               c_w.l(sys_stackheap_outer.o)
    0x08000922   0x00000012   Code   RO         5206    .text               c_w.l(exit.o)
    0x08000934   0x00000032   Code   RO         5212    .text               c_w.l(defsig_general.o)
    0x08000966   0x00000002   PAD
    0x08000968   0x00000050   Code   RO         5214    .text               c_w.l(defsig_rtmem_inner.o)
    0x080009b8   0x0000000e   Code   RO         5233    .text               c_w.l(sys_wrch.o)
    0x080009c6   0x00000002   Code   RO         5235    .text               c_w.l(use_no_semi.o)
    0x080009c8   0x00000000   Code   RO         5237    .text               c_w.l(indicate_semi.o)
    0x080009c8   0x000000a8   Code   RO         1804    i.CAN_ClearITPendingBit  stm32f10x_can.o
    0x08000a70   0x00000120   Code   RO         1810    i.CAN_GetITStatus   stm32f10x_can.o
    0x08000b90   0x000000f0   Code   RO         1818    i.CAN_Receive       stm32f10x_can.o
    0x08000c80   0x00000012   Code   RO         1826    i.CheckITStatus     stm32f10x_can.o
    0x08000c92   0x00000116   Code   RO         2638    i.GPIO_Init         stm32f10x_gpio.o
    0x08000da8   0x00000004   Code   RO         2645    i.GPIO_ResetBits    stm32f10x_gpio.o
    0x08000dac   0x00000004   Code   RO         2646    i.GPIO_SetBits      stm32f10x_gpio.o
    0x08000db0   0x00000070   Code   RO         1387    i.NVIC_Init         misc.o
    0x08000e20   0x00000020   Code   RO         3060    i.RCC_APB1PeriphClockCmd  stm32f10x_rcc.o
    0x08000e40   0x00000020   Code   RO         3062    i.RCC_APB2PeriphClockCmd  stm32f10x_rcc.o
    0x08000e60   0x000000d4   Code   RO         3070    i.RCC_GetClocksFreq  stm32f10x_rcc.o
    0x08000f34   0x00000008   Code   RO         4493    i.SetSysClock       system_stm32f10x.o
    0x08000f3c   0x000000e0   Code   RO         4494    i.SetSysClockTo72   system_stm32f10x.o
    0x0800101c   0x00000010   Code   RO          774    i.SysTick_Handler   millisecondtimer.o
    0x0800102c   0x00000060   Code   RO         4496    i.SystemInit        system_stm32f10x.o
    0x0800108c   0x00000010   Code   RO          984    i.USART1_IRQHandler  interrupt.o
    0x0800109c   0x00000010   Code   RO          985    i.USART2_IRQHandler  interrupt.o
    0x080010ac   0x00000010   Code   RO          986    i.USART3_IRQHandler  interrupt.o
    0x080010bc   0x0000001e   Code   RO         4239    i.USART_ClearITPendingBit  stm32f10x_usart.o
    0x080010da   0x00000018   Code   RO         4242    i.USART_Cmd         stm32f10x_usart.o
    0x080010f2   0x0000001a   Code   RO         4245    i.USART_GetFlagStatus  stm32f10x_usart.o
    0x0800110c   0x00000054   Code   RO         4246    i.USART_GetITStatus  stm32f10x_usart.o
    0x08001160   0x0000004a   Code   RO         4248    i.USART_ITConfig    stm32f10x_usart.o
    0x080011aa   0x00000002   PAD
    0x080011ac   0x000000d8   Code   RO         4249    i.USART_Init        stm32f10x_usart.o
    0x08001284   0x0000000a   Code   RO         4256    i.USART_ReceiveData  stm32f10x_usart.o
    0x0800128e   0x00000008   Code   RO         4259    i.USART_SendData    stm32f10x_usart.o
    0x08001296   0x00000002   PAD
    0x08001298   0x0000001c   Code   RO         1281    i.USB_HP_CAN1_TX_IRQHandler  motor.o
    0x080012b4   0x000000a4   Code   RO         1282    i.USB_LP_CAN1_RX0_IRQHandler  motor.o
    0x08001358   0x00000050   Code   RO            1    i._Z11print_debugv  main.o
    0x080013a8   0x00000048   Code   RO            2    i._Z12pid_callbackRKN9shop_msgs3PidE  main.o
    0x080013f0   0x0000003c   Code   RO            3    i._Z16command_callbackRKN13geometry_msgs5TwistE  main.o
    0x0800142c   0x00000028   Code   RO            4    i._Z20publisher_laser_scanv  main.o
    0x08001454   0x00000020   Code   RO            5    i._Z27publisher_linear_velocitiesv  main.o
    0x08001474   0x00000048   Code   RO         1241    i._ZN10KinematicsC1Eifff  kinematics.o
    0x080014bc   0x00000018   Code   RO         1017    i._ZN10RingBuffer10store_charEh  ringbuffer.o
    0x080014d4   0x00000016   Code   RO         1018    i._ZN10RingBufferC1Ev  ringbuffer.o
    0x080014ea   0x0000000a   Code   RO          169    i._ZN13STM32Hardware4timeEv  main.o
    0x080014f4   0x00000022   Code   RO          142    i._ZN13geometry_msgs5Twist11deserializeEPh  main.o
    0x08001516   0x00000002   PAD
    0x08001518   0x0000000c   Code   RO          302    i._ZN13geometry_msgs5Twist6getMD5Ev  main.o
    0x08001524   0x0000000c   Code   RO          290    i._ZN13geometry_msgs5Twist7getTypeEv  main.o
    0x08001530   0x000001dc   Code   RO          136    i._ZN13geometry_msgs7Vector311deserializeEPh  main.o
    0x0800170c   0x0000000c   Code   RO          362    i._ZN13geometry_msgs7Vector36getMD5Ev  main.o
    0x08001718   0x0000000c   Code   RO          356    i._ZN13geometry_msgs7Vector37getTypeEv  main.o
    0x08001724   0x00000018   Code   RO          208    i._ZN13geometry_msgs7Vector3C1Ev  main.o
    0x0800173c   0x00000048   Code   RO          903    i._ZN14HardwareSerial3irqEv  hardwareserial.o
    0x08001784   0x00000022   Code   RO          904    i._ZN14HardwareSerial4readEv  hardwareserial.o
    0x080017a6   0x00000002   PAD
    0x080017a8   0x00000130   Code   RO          905    i._ZN14HardwareSerial5beginEj  hardwareserial.o
    0x080018d8   0x00000034   Code   RO          908    i._ZN14HardwareSerial5writeEh  hardwareserial.o
    0x0800190c   0x00000012   Code   RO          910    i._ZN14HardwareSerial9availableEv  hardwareserial.o
    0x0800191e   0x00000002   PAD
    0x08001920   0x00000044   Code   RO          911    i._ZN14HardwareSerialC1E14Serial_TypeDef  hardwareserial.o
    0x08001964   0x00000002   Code   RO          181    i._ZN14HardwareSerialD1Ev  main.o
    0x08001966   0x00000144   Code   RO           98    i._ZN14rosserial_msgs20RequestParamResponse11deserializeEPh  main.o
    0x08001aaa   0x00000002   PAD
    0x08001aac   0x0000000c   Code   RO          452    i._ZN14rosserial_msgs20RequestParamResponse6getMD5Ev  main.o
    0x08001ab8   0x0000000c   Code   RO          446    i._ZN14rosserial_msgs20RequestParamResponse7getTypeEv  main.o
    0x08001ac4   0x0000000c   Code   RO          434    i._ZN14rosserial_msgs3Log6getMD5Ev  main.o
    0x08001ad0   0x0000000c   Code   RO          428    i._ZN14rosserial_msgs3Log7getTypeEv  main.o
    0x08001adc   0x0000000c   Code   RO          410    i._ZN14rosserial_msgs9TopicInfo6getMD5Ev  main.o
    0x08001ae8   0x0000000c   Code   RO          404    i._ZN14rosserial_msgs9TopicInfo7getTypeEv  main.o
    0x08001af4   0x00000024   Code   RO         1264    i._ZN3Led6on_offEb  led.o
    0x08001b18   0x0000001c   Code   RO         1348    i._ZN3PID8resetPidEfff  pid.o
    0x08001b34   0x00000016   Code   RO         1349    i._ZN3PIDC1E10PidTpyeDeffffjjf  pid.o
    0x08001b4a   0x00000002   PAD
    0x08001b4c   0x0000000c   Code   RO          205    i._ZN3ros11Subscriber_C2Ev  main.o
    0x08001b58   0x00000024   Code   RO         4579    i._ZN3ros16normalizeSecNSecERmS0_  time.o
    0x08001b7c   0x0000000c   Code   RO          160    i._ZN3ros3MsgC2Ev   main.o
    0x08001b88   0x00000014   Code   RO           74    i._ZN3ros9Publisher7publishEPKNS_3MsgE  main.o
    0x08001b9c   0x00000008   Code   RO          187    i._ZN3ros9PublisherC1EPKcPNS_3MsgEi  main.o
    0x08001ba4   0x00000006   Code   RO         1287    i._ZN5Motor9Get_SpeedEt  motor.o
    0x08001baa   0x00000002   PAD
    0x08001bac   0x00000038   Code   RO         1289    i._ZN5MotorC1Ej     motor.o
    0x08001be4   0x0000005c   Code   RO          104    i._ZN8std_msgs4Time11deserializeEPh  main.o
    0x08001c40   0x0000000c   Code   RO          386    i._ZN8std_msgs4Time6getMD5Ev  main.o
    0x08001c4c   0x0000000c   Code   RO          380    i._ZN8std_msgs4Time7getTypeEv  main.o
    0x08001c58   0x00000024   Code   RO           88    i._ZN8std_msgs4TimeC1Ev  main.o
    0x08001c7c   0x0000000c   Code   RO          506    i._ZN9shop_msgs10Velocities6getMD5Ev  main.o
    0x08001c88   0x0000000c   Code   RO          500    i._ZN9shop_msgs10Velocities7getTypeEv  main.o
    0x08001c94   0x000000aa   Code   RO          148    i._ZN9shop_msgs3Pid11deserializeEPh  main.o
    0x08001d3e   0x00000002   PAD
    0x08001d40   0x0000000c   Code   RO          338    i._ZN9shop_msgs3Pid6getMD5Ev  main.o
    0x08001d4c   0x0000000c   Code   RO          326    i._ZN9shop_msgs3Pid7getTypeEv  main.o
    0x08001d58   0x0000000c   Code   RO          476    i._ZN9shop_msgs9LaserScan6getMD5Ev  main.o
    0x08001d64   0x0000000c   Code   RO          470    i._ZN9shop_msgs9LaserScan7getTypeEv  main.o
    0x08001d70   0x00000022   Code   RO          368    i._ZNK13geometry_msgs5Twist9serializeEPh  main.o
    0x08001d92   0x000001ac   Code   RO          154    i._ZNK13geometry_msgs7Vector39serializeEPh  main.o
    0x08001f3e   0x000000fe   Code   RO          440    i._ZNK14rosserial_msgs20RequestParamResponse9serializeEPh  main.o
    0x0800203c   0x00000030   Code   RO          416    i._ZNK14rosserial_msgs3Log9serializeEPh  main.o
    0x0800206c   0x00000092   Code   RO          392    i._ZNK14rosserial_msgs9TopicInfo9serializeEPh  main.o
    0x080020fe   0x00000044   Code   RO          374    i._ZNK8std_msgs4Time9serializeEPh  main.o
    0x08002142   0x0000006e   Code   RO          488    i._ZNK9shop_msgs10Velocities9serializeEPh  main.o
    0x080021b0   0x0000006e   Code   RO          482    i._ZNK9shop_msgs3Pid9serializeEPh  main.o
    0x0800221e   0x000000b6   Code   RO          458    i._ZNK9shop_msgs9LaserScan9serializeEPh  main.o
    0x080022d4   0x00000006   Code   RO         4698    i.__cxa_pure_virtual  cpprt_w.l(pure_virt.o)
    0x080022da   0x00000002   PAD
    0x080022dc   0x00000130   Code   RO            6    i.__sti___8_main_cpp_Serial  main.o
    0x0800240c   0x0000000e   Code   RO         4950    i._is_digit         c_w.l(__printf_wp.o)
    0x0800241a   0x00000002   PAD
    0x0800241c   0x0000006c   Code   RO          776    i.initialise        millisecondtimer.o
    0x08002488   0x00000130   Code   RO            7    i.main              main.o
    0x080025b8   0x0000000c   Code   RO          777    i.millis            millisecondtimer.o
    0x080025c4   0x0000000c   Code   RO          296    t._ZN3ros10SubscriberIN13geometry_msgs5TwistEE10getMsgTypeEv  main.o
    0x080025d0   0x00000006   Code   RO          314    t._ZN3ros10SubscriberIN13geometry_msgs5TwistEE15getEndpointTypeEv  main.o
    0x080025d6   0x0000001a   Code   RO          284    t._ZN3ros10SubscriberIN13geometry_msgs5TwistEE8callbackEPh  main.o
    0x080025f0   0x0000000c   Code   RO          308    t._ZN3ros10SubscriberIN13geometry_msgs5TwistEE9getMsgMD5Ev  main.o
    0x080025fc   0x00000050   Code   RO          193    t._ZN3ros10SubscriberIN13geometry_msgs5TwistEEC1EPKcPFvRKS2_Ei  main.o
    0x0800264c   0x0000000c   Code   RO          332    t._ZN3ros10SubscriberIN9shop_msgs3PidEE10getMsgTypeEv  main.o
    0x08002658   0x00000006   Code   RO          350    t._ZN3ros10SubscriberIN9shop_msgs3PidEE15getEndpointTypeEv  main.o
    0x0800265e   0x0000001a   Code   RO          320    t._ZN3ros10SubscriberIN9shop_msgs3PidEE8callbackEPh  main.o
    0x08002678   0x0000000c   Code   RO          344    t._ZN3ros10SubscriberIN9shop_msgs3PidEE9getMsgMD5Ev  main.o
    0x08002684   0x0000004c   Code   RO          199    t._ZN3ros10SubscriberIN9shop_msgs3PidEEC1EPKcPFvRKS2_Ei  main.o
    0x080026d0   0x00000124   Code   RO          110    t._ZN3ros11NodeHandle_I13STM32HardwareLi25ELi25ELi1024ELi1024EE15negotiateTopicsEv  main.o
    0x080027f4   0x00000020   Code   RO           91    t._ZN3ros11NodeHandle_I13STM32HardwareLi25ELi25ELi1024ELi1024EE15requestSyncTimeEv  main.o
    0x08002814   0x00000030   Code   RO           81    t._ZN3ros11NodeHandle_I13STM32HardwareLi25ELi25ELi1024ELi1024EE3logEcPKc  main.o
    0x08002844   0x00000012   Code   RO          163    t._ZN3ros11NodeHandle_I13STM32HardwareLi25ELi25ELi1024ELi1024EE7loginfoEPKc  main.o
    0x08002856   0x00000002   PAD
    0x08002858   0x000000ec   Code   RO          277    t._ZN3ros11NodeHandle_I13STM32HardwareLi25ELi25ELi1024ELi1024EE7publishEiPKNS_3MsgE  main.o
    0x08002944   0x00000282   Code   RO          117    t._ZN3ros11NodeHandle_I13STM32HardwareLi25ELi25ELi1024ELi1024EE8spinOnceEv  main.o
    0x08002bc6   0x00000002   PAD
    0x08002bc8   0x000000a0   Code   RO          175    t._ZN3ros11NodeHandle_I13STM32HardwareLi25ELi25ELi1024ELi1024EE8syncTimeEPh  main.o
    0x08002c68   0x00000030   Code   RO          124    t._ZN3ros11NodeHandle_I13STM32HardwareLi25ELi25ELi1024ELi1024EE9advertiseERNS_9PublisherE  main.o
    0x08002c98   0x000000bc   Code   RO          130    t._ZN3ros11NodeHandle_I13STM32HardwareLi25ELi25ELi1024ELi1024EEC1Ev  main.o
    0x08002d54   0x00000062   Code   RO         4807    x$fpl$d2f           fz_ws.l(d2f.o)
    0x08002db6   0x00000002   PAD
    0x08002db8   0x00000154   Code   RO         4819    x$fpl$dmul          fz_ws.l(dmul.o)
    0x08002f0c   0x0000009c   Code   RO         5050    x$fpl$dnaninf       fz_ws.l(dnaninf.o)
    0x08002fa8   0x0000000c   Code   RO         5052    x$fpl$dretinf       fz_ws.l(dretinf.o)
    0x08002fb4   0x00000056   Code   RO         4821    x$fpl$f2d           fz_ws.l(f2d.o)
    0x0800300a   0x00000018   Code   RO         5054    x$fpl$fcmpinf       fz_ws.l(fcmpi.o)
    0x08003022   0x00000002   PAD
    0x08003024   0x00000036   Code   RO         4835    x$fpl$ffix          fz_ws.l(ffix.o)
    0x0800305a   0x00000002   PAD
    0x0800305c   0x00000068   Code   RO         4845    x$fpl$fleqf         fz_ws.l(fleqf.o)
    0x080030c4   0x0000008c   Code   RO         5056    x$fpl$fnaninf       fz_ws.l(fnaninf.o)
    0x08003150   0x0000000a   Code   RO         5058    x$fpl$fretinf       fz_ws.l(fretinf.o)
    0x0800315a   0x00000000   Code   RO         5062    x$fpl$usenofp       fz_ws.l(usenofp.o)
    0x0800315a   0x0000001c   Data   RO           16    .constdata          main.o
    0x08003176   0x00000002   PAD
    0x08003178   0x00000030   Data   RO          921    .constdata          hardwareserial.o
    0x080031a8   0x00000011   Data   RO         4958    .constdata          c_w.l(__printf_flags_ss_wp.o)
    0x080031b9   0x00000003   PAD
    0x080031bc   0x00000018   Data   RO          234    .constdata__ZTVN13geometry_msgs5TwistE  main.o
    0x080031d4   0x00000018   Data   RO          214    .constdata__ZTVN13geometry_msgs7Vector3E  main.o
    0x080031ec   0x00000018   Data   RO          222    .constdata__ZTVN14rosserial_msgs20RequestParamResponseE  main.o
    0x08003204   0x00000018   Data   RO          220    .constdata__ZTVN14rosserial_msgs3LogE  main.o
    0x0800321c   0x00000018   Data   RO          218    .constdata__ZTVN14rosserial_msgs9TopicInfoE  main.o
    0x08003234   0x00000018   Data   RO          238    .constdata__ZTVN3ros10SubscriberIN13geometry_msgs5TwistEEE  main.o
    0x0800324c   0x00000018   Data   RO          240    .constdata__ZTVN3ros10SubscriberIN9shop_msgs3PidEEE  main.o
    0x08003264   0x00000014   Data   RO          236    .constdata__ZTVN3ros11NodeHandle_I13STM32HardwareLi25ELi25ELi1024ELi1024EEE  main.o
    0x08003278   0x00000018   Data   RO          226    .constdata__ZTVN3ros11Subscriber_E  main.o
    0x08003290   0x00000014   Data   RO          224    .constdata__ZTVN3ros15NodeHandleBase_E  main.o
    0x080032a4   0x00000018   Data   RO          212    .constdata__ZTVN3ros3MsgE  main.o
    0x080032bc   0x00000018   Data   RO          216    .constdata__ZTVN8std_msgs4TimeE  main.o
    0x080032d4   0x00000018   Data   RO          232    .constdata__ZTVN9shop_msgs10VelocitiesE  main.o
    0x080032ec   0x00000018   Data   RO          230    .constdata__ZTVN9shop_msgs3PidE  main.o
    0x08003304   0x00000018   Data   RO          228    .constdata__ZTVN9shop_msgs9LaserScanE  main.o
    0x0800331c   0x00000021   Data   RO           72    .constdata__ZZN13geometry_msgs5Twist6getMD5EvEs  main.o
    0x0800333d   0x00000014   Data   RO           71    .constdata__ZZN13geometry_msgs5Twist7getTypeEvEs  main.o
    0x08003351   0x00000021   Data   RO           57    .constdata__ZZN13geometry_msgs7Vector36getMD5EvEs  main.o
    0x08003372   0x00000016   Data   RO           56    .constdata__ZZN13geometry_msgs7Vector37getTypeEvEs  main.o
    0x08003388   0x00000021   Data   RO           64    .constdata__ZZN14rosserial_msgs20RequestParamResponse6getMD5EvEs  main.o
    0x080033a9   0x00000021   Data   RO           63    .constdata__ZZN14rosserial_msgs3Log6getMD5EvEs  main.o
    0x080033ca   0x00000013   Data   RO           62    .constdata__ZZN14rosserial_msgs3Log7getTypeEvEs  main.o
    0x080033dd   0x00000021   Data   RO           61    .constdata__ZZN14rosserial_msgs9TopicInfo6getMD5EvEs  main.o
    0x080033fe   0x00000019   Data   RO           60    .constdata__ZZN14rosserial_msgs9TopicInfo7getTypeEvEs  main.o
    0x08003417   0x00000039   Data   RO           73    .constdata__ZZN3ros11NodeHandle_I13STM32HardwareLi25ELi25ELi1024ELi1024EE7publishEiPKNS_3MsgEEs  main.o
    0x08003450   0x00000021   Data   RO           59    .constdata__ZZN8std_msgs4Time6getMD5EvEs  main.o
    0x08003471   0x0000000e   Data   RO           58    .constdata__ZZN8std_msgs4Time7getTypeEvEs  main.o
    0x0800347f   0x00000021   Data   RO           70    .constdata__ZZN9shop_msgs10Velocities6getMD5EvEs  main.o
    0x080034a0   0x00000015   Data   RO           69    .constdata__ZZN9shop_msgs10Velocities7getTypeEvEs  main.o
    0x080034b5   0x00000021   Data   RO           68    .constdata__ZZN9shop_msgs3Pid6getMD5EvEs  main.o
    0x080034d6   0x0000000e   Data   RO           67    .constdata__ZZN9shop_msgs3Pid7getTypeEvEs  main.o
    0x080034e4   0x00000021   Data   RO           66    .constdata__ZZN9shop_msgs9LaserScan6getMD5EvEs  main.o
    0x08003505   0x00000014   Data   RO           65    .constdata__ZZN9shop_msgs9LaserScan7getTypeEvEs  main.o
    0x08003519   0x00000003   PAD
    0x0800351c   0x00000020   Data   RO         5279    Region$$Table       anon$$obj.o
    0x0800353c   0x00000004   Data   RO           18    .init_array         main.o
    0x08003540   0x00000000   Data   RO         4693    .init_array         c_w.l(init_aeabi.o)


    Execution Region RW_IRAM1 (Base: 0x20000000, Size: 0x00001248, Max: 0x00010000, ABSOLUTE)

    Base Addr    Size         Type   Attr      Idx    E Section Name        Object

    0x20000000   0x0000001d   Data   RW           17    .data               main.o
    0x2000001d   0x00000003   PAD
    0x20000020   0x00000004   Data   RW          779    .data               millisecondtimer.o
    0x20000024   0x00000018   Data   RW          922    .data               hardwareserial.o
    0x2000003c   0x0000000c   Data   RW          990    .data               interrupt.o
    0x20000048   0x00000014   Data   RW         3090    .data               stm32f10x_rcc.o
    0x2000005c   0x00000014   Data   RW         4497    .data               system_stm32f10x.o
    0x20000070   0x00000b78   Zero   RW           15    .bss                main.o
    0x20000be8   0x00000060   Zero   RW         5064    .bss                c_w.l(libspace.o)
    0x20000c48   0x00000200   Zero   RW         4476    HEAP                startup_stm32f10x_hd.o
    0x20000e48   0x00000400   Zero   RW         4475    STACK               startup_stm32f10x_hd.o


==============================================================================

Image component sizes


      Code (inc. data)   RO Data    RW Data    ZI Data      Debug   Object Name

       548         54         48         24          0       4979   hardwareserial.o
        48         12          0         12          0       1966   interrupt.o
        72         10          0          0          0        712   kinematics.o
        36          6          0          0          0        516   led.o
      5640        454        893         29       2936     302394   main.o
       136         28          0          4          0     224918   millisecondtimer.o
       112         12          0          0          0      11800   misc.o
       254         38          0          0          0       2041   motor.o
        50          0          0          0          0       1284   pid.o
        46          0          0          0          0       2700   ringbuffer.o
        64         26        304          0       1536        940   startup_stm32f10x_hd.o
       714         10          0          0          0      12208   stm32f10x_can.o
       286          0          0          0          0      11736   stm32f10x_gpio.o
       276         32          0         20          0      13546   stm32f10x_rcc.o
       472          6          0          0          0      13407   stm32f10x_usart.o
       328         28          0         20          0       2573   system_stm32f10x.o
        36          6          0          0          0        556   time.o

    ----------------------------------------------------------------------
      9140        722       1282        112       4472     608276   Object Totals
         0          0         32          0          0          0   (incl. Generated)
        22          0          5          3          0          0   (incl. Padding)

    ----------------------------------------------------------------------

      Code (inc. data)   RO Data    RW Data    ZI Data      Debug   Library Member Name

        44          6          0          0          0         84   __2sprintf.o
         8          0          0          0          0         68   __main.o
       392          4         17          0          0         92   __printf_flags_ss_wp.o
        14          0          0          0          0         68   __printf_wp.o
         0          0          0          0          0          0   __rtentry.o
        12          0          0          0          0          0   __rtentry2.o
         6          0          0          0          0          0   __rtentry4.o
        52          8          0          0          0          0   __scatter.o
        26          0          0          0          0          0   __scatter_copy.o
        28          0          0          0          0          0   __scatter_zi.o
        48          6          0          0          0         96   _printf_char_common.o
         0          0          0          0          0          0   _printf_percent.o
         4          0          0          0          0          0   _printf_percent_end.o
        10          0          0          0          0         68   _sputc.o
        46          0          0          0          0         84   aeabi_atexit.o
        66          0          0          0          0         84   cxa_finalize.o
        10          0          0          0          0         68   defsig_exit.o
        50          0          0          0          0         88   defsig_general.o
        48         34          0          0          0         76   defsig_pvfn_inner.o
        14          0          0          0          0         80   defsig_pvfn_outer.o
        80         58          0          0          0         76   defsig_rtmem_inner.o
        14          0          0          0          0         80   defsig_rtmem_outer.o
        18          0          0          0          0         80   exit.o
        94          0          0          0          0         80   h1_alloc.o
        52          0          0          0          0         68   h1_extend.o
        78          0          0          0          0         80   h1_free.o
        14          0          0          0          0         84   h1_init.o
       184          0          0          0          0         92   h1_realloc.o
         6          0          0          0          0        152   heapauxi.o
         4          0          0          0          0        136   hguard.o
         0          0          0          0          0          0   indicate_semi.o
        36         10          0          0          0         80   init_aeabi.o
       138          0          0          0          0        168   init_alloc.o
         2          0          0          0          0          0   libinit.o
        14          0          0          0          0          0   libinit2.o
         2          0          0          0          0          0   libshutdown.o
         8          0          0          0          0          0   libshutdown2.o
         8          4          0          0         96         68   libspace.o
         0          0          0          0          0          0   maybetermalloc1.o
         8          4          0          0          0         68   rt_ddtor_pointer_addr_intlibspace.o
         8          4          0          0          0         68   rt_heap_descriptor_intlibspace.o
        78          0          0          0          0         80   rt_memclr_w.o
       138          0          0          0          0         68   rt_memcpy_v6.o
       100          0          0          0          0         80   rt_memcpy_w.o
         2          0          0          0          0          0   rtexit.o
        10          0          0          0          0          0   rtexit2.o
        62          0          0          0          0         76   strlen.o
        12          4          0          0          0         68   sys_exit.o
        74          0          0          0          0         80   sys_stackheap_outer.o
        14          0          0          0          0         76   sys_wrch.o
         2          0          0          0          0         68   use_no_semi.o
         6          0          0          0          0         68   pure_virt.o
        98          4          0          0          0         92   d2f.o
       340         12          0          0          0        104   dmul.o
       156          4          0          0          0         92   dnaninf.o
        12          0          0          0          0         68   dretinf.o
        86          4          0          0          0         84   f2d.o
        24          0          0          0          0         68   fcmpi.o
        54          4          0          0          0         84   ffix.o
       104          4          0          0          0         84   fleqf.o
       140          4          0          0          0         84   fnaninf.o
        10          0          0          0          0         68   fretinf.o
         0          0          0          0          0          0   usenofp.o

    ----------------------------------------------------------------------
      3190        178         20          0         96       3828   Library Totals
        22          0          3          0          0          0   (incl. Padding)

    ----------------------------------------------------------------------

      Code (inc. data)   RO Data    RW Data    ZI Data      Debug   Library Name

      2138        142         17          0         96       2932   c_w.l
         6          0          0          0          0         68   cpprt_w.l
      1024         36          0          0          0        828   fz_ws.l

    ----------------------------------------------------------------------
      3190        178         20          0         96       3828   Library Totals

    ----------------------------------------------------------------------

==============================================================================


      Code (inc. data)   RO Data    RW Data    ZI Data      Debug   

     12330        900       1302        112       4568     604300   Grand Totals
     12330        900       1302        112       4568     604300   ELF Image Totals
     12330        900       1302        112          0          0   ROM Totals

==============================================================================

    Total RO  Size (Code + RO Data)                13632 (  13.31kB)
    Total RW  Size (RW Data + ZI Data)              4680 (   4.57kB)
    Total ROM Size (Code + RO Data + RW Data)      13744 (  13.42kB)

==============================================================================

